Archive member included to satisfy reference by file (symbol)

/usr/lib/gcc/arm-none-eabi/7.3.1/../../../arm-none-eabi/lib/thumb/v7e-m/fpv4-sp/hard/libc_nano.a(lib_a-atexit.o)
                              /usr/lib/gcc/arm-none-eabi/7.3.1/../../../arm-none-eabi/lib/thumb/v7e-m/fpv4-sp/hard/crt0.o (atexit)
/usr/lib/gcc/arm-none-eabi/7.3.1/../../../arm-none-eabi/lib/thumb/v7e-m/fpv4-sp/hard/libc_nano.a(lib_a-exit.o)
                              /usr/lib/gcc/arm-none-eabi/7.3.1/../../../arm-none-eabi/lib/thumb/v7e-m/fpv4-sp/hard/crt0.o (exit)
/usr/lib/gcc/arm-none-eabi/7.3.1/../../../arm-none-eabi/lib/thumb/v7e-m/fpv4-sp/hard/libc_nano.a(lib_a-fini.o)
                              /usr/lib/gcc/arm-none-eabi/7.3.1/../../../arm-none-eabi/lib/thumb/v7e-m/fpv4-sp/hard/crt0.o (__libc_fini_array)
/usr/lib/gcc/arm-none-eabi/7.3.1/../../../arm-none-eabi/lib/thumb/v7e-m/fpv4-sp/hard/libc_nano.a(lib_a-impure.o)
                              /usr/lib/gcc/arm-none-eabi/7.3.1/../../../arm-none-eabi/lib/thumb/v7e-m/fpv4-sp/hard/libc_nano.a(lib_a-exit.o) (_global_impure_ptr)
/usr/lib/gcc/arm-none-eabi/7.3.1/../../../arm-none-eabi/lib/thumb/v7e-m/fpv4-sp/hard/libc_nano.a(lib_a-init.o)
                              /usr/lib/gcc/arm-none-eabi/7.3.1/../../../arm-none-eabi/lib/thumb/v7e-m/fpv4-sp/hard/crt0.o (__libc_init_array)
/usr/lib/gcc/arm-none-eabi/7.3.1/../../../arm-none-eabi/lib/thumb/v7e-m/fpv4-sp/hard/libc_nano.a(lib_a-locale.o)
                              _build/nrf52840_xxaa/nrf_log_str_formatter.c.o (__locale_ctype_ptr)
/usr/lib/gcc/arm-none-eabi/7.3.1/../../../arm-none-eabi/lib/thumb/v7e-m/fpv4-sp/hard/libc_nano.a(lib_a-mbtowc_r.o)
                              /usr/lib/gcc/arm-none-eabi/7.3.1/../../../arm-none-eabi/lib/thumb/v7e-m/fpv4-sp/hard/libc_nano.a(lib_a-locale.o) (__ascii_mbtowc)
/usr/lib/gcc/arm-none-eabi/7.3.1/../../../arm-none-eabi/lib/thumb/v7e-m/fpv4-sp/hard/libc_nano.a(lib_a-memcmp.o)
                              _build/nrf52840_xxaa/app_usbd_hid_kbd.c.o (memcmp)
/usr/lib/gcc/arm-none-eabi/7.3.1/../../../arm-none-eabi/lib/thumb/v7e-m/fpv4-sp/hard/libc_nano.a(lib_a-memcpy.o)
                              _build/nrf52840_xxaa/nrf_log_frontend.c.o (memcpy)
/usr/lib/gcc/arm-none-eabi/7.3.1/../../../arm-none-eabi/lib/thumb/v7e-m/fpv4-sp/hard/libc_nano.a(lib_a-memmove.o)
                              _build/nrf52840_xxaa/nrf_cli.c.o (memmove)
/usr/lib/gcc/arm-none-eabi/7.3.1/../../../arm-none-eabi/lib/thumb/v7e-m/fpv4-sp/hard/libc_nano.a(lib_a-memset.o)
                              /usr/lib/gcc/arm-none-eabi/7.3.1/../../../arm-none-eabi/lib/thumb/v7e-m/fpv4-sp/hard/crt0.o (memset)
/usr/lib/gcc/arm-none-eabi/7.3.1/../../../arm-none-eabi/lib/thumb/v7e-m/fpv4-sp/hard/libc_nano.a(lib_a-qsort.o)
                              _build/nrf52840_xxaa/nrf_cli.c.o (qsort)
/usr/lib/gcc/arm-none-eabi/7.3.1/../../../arm-none-eabi/lib/thumb/v7e-m/fpv4-sp/hard/libc_nano.a(lib_a-strchr.o)
                              _build/nrf52840_xxaa/fnmatch.c.o (strchr)
/usr/lib/gcc/arm-none-eabi/7.3.1/../../../arm-none-eabi/lib/thumb/v7e-m/fpv4-sp/hard/libc_nano.a(lib_a-strcmp.o)
                              _build/nrf52840_xxaa/nrf_log_frontend.c.o (strcmp)
/usr/lib/gcc/arm-none-eabi/7.3.1/../../../arm-none-eabi/lib/thumb/v7e-m/fpv4-sp/hard/libc_nano.a(lib_a-strcpy.o)
                              _build/nrf52840_xxaa/nrf_cli.c.o (strcpy)
/usr/lib/gcc/arm-none-eabi/7.3.1/../../../arm-none-eabi/lib/thumb/v7e-m/fpv4-sp/hard/libc_nano.a(lib_a-strlen.o)
                              _build/nrf52840_xxaa/nrf_log_frontend.c.o (strlen)
/usr/lib/gcc/arm-none-eabi/7.3.1/../../../arm-none-eabi/lib/thumb/v7e-m/fpv4-sp/hard/libc_nano.a(lib_a-strncmp.o)
                              _build/nrf52840_xxaa/nrf_log_frontend.c.o (strncmp)
/usr/lib/gcc/arm-none-eabi/7.3.1/../../../arm-none-eabi/lib/thumb/v7e-m/fpv4-sp/hard/libc_nano.a(lib_a-wctomb_r.o)
                              /usr/lib/gcc/arm-none-eabi/7.3.1/../../../arm-none-eabi/lib/thumb/v7e-m/fpv4-sp/hard/libc_nano.a(lib_a-locale.o) (__ascii_wctomb)
/usr/lib/gcc/arm-none-eabi/7.3.1/../../../arm-none-eabi/lib/thumb/v7e-m/fpv4-sp/hard/libc_nano.a(lib_a-__atexit.o)
                              /usr/lib/gcc/arm-none-eabi/7.3.1/../../../arm-none-eabi/lib/thumb/v7e-m/fpv4-sp/hard/libc_nano.a(lib_a-atexit.o) (__register_exitproc)
/usr/lib/gcc/arm-none-eabi/7.3.1/../../../arm-none-eabi/lib/thumb/v7e-m/fpv4-sp/hard/libc_nano.a(lib_a-__call_atexit.o)
                              /usr/lib/gcc/arm-none-eabi/7.3.1/../../../arm-none-eabi/lib/thumb/v7e-m/fpv4-sp/hard/libc_nano.a(lib_a-__atexit.o) (__call_exitprocs)
/usr/lib/gcc/arm-none-eabi/7.3.1/../../../arm-none-eabi/lib/thumb/v7e-m/fpv4-sp/hard/libc_nano.a(lib_a-ctype_.o)
                              /usr/lib/gcc/arm-none-eabi/7.3.1/../../../arm-none-eabi/lib/thumb/v7e-m/fpv4-sp/hard/libc_nano.a(lib_a-locale.o) (_ctype_)
/usr/lib/gcc/arm-none-eabi/7.3.1/../../../arm-none-eabi/lib/thumb/v7e-m/fpv4-sp/hard/libnosys.a(_exit.o)
[...]
Memory Configuration

Name             Origin             Length             Attributes
FLASH            0x0000000000001000 0x00000000000ff000 xr
RAM              0x0000000020000008 0x000000000003fff8 xrw
*default*        0x0000000000000000 0xffffffffffffffff

Linker script and memory map


.text           0x0000000000001000    0x11a7c
 *(.isr_vector)
 .isr_vector    0x0000000000001000      0x200 _build/nrf52840_xxaa/gcc_startup_nrf52840.S.o
                0x0000000000001000                __isr_vector
 *(.text*)
 .text          0x0000000000001200       0x88 /usr/lib/gcc/arm-none-eabi/7.3.1/thumb/v7e-m/fpv4-sp/hard/crtbegin.o
 .text          0x0000000000001288       0x68 /usr/lib/gcc/arm-none-eabi/7.3.1/../../../arm-none-eabi/lib/thumb/v7e-m/fpv4-sp/hard/crt0.o
                0x0000000000001288                _mainCRTStartup
                0x0000000000001288                _start
 .text          0x00000000000012f0       0x3c _build/nrf52840_xxaa/gcc_startup_nrf52840.S.o
                0x00000000000012f0                Reset_Handler
                0x0000000000001318                NMI_Handler
                0x000000000000131c                MemoryManagement_Handler
                0x000000000000131e                BusFault_Handler
                0x0000000000001320                UsageFault_Handler
                0x0000000000001322                SVC_Handler
                0x0000000000001324                DebugMon_Handler
                0x0000000000001326                PendSV_Handler
                0x0000000000001328                SysTick_Handler
                0x000000000000132a                TIMER2_IRQHandler
                0x000000000000132a                RTC0_IRQHandler
                0x000000000000132a                SWI2_EGU2_IRQHandler
                0x000000000000132a                PWM1_IRQHandler
                0x000000000000132a                PDM_IRQHandler
                0x000000000000132a                TEMP_IRQHandler
                0x000000000000132a                QDEC_IRQHandler
                0x000000000000132a                TIMER3_IRQHandler
                0x000000000000132a                PWM3_IRQHandler
                0x000000000000132a                FPU_IRQHandler
                0x000000000000132a                SPIM0_SPIS0_TWIM0_TWIS0_SPI0_TWI0_IRQHandler
                0x000000000000132a                TIMER4_IRQHandler
                0x000000000000132a                CRYPTOCELL_IRQHandler
                0x000000000000132a                I2S_IRQHandler
                0x000000000000132a                SWI4_EGU4_IRQHandler
                0x000000000000132a                TIMER0_IRQHandler
                0x000000000000132a                UARTE1_IRQHandler
                0x000000000000132a                TIMER1_IRQHandler
                0x000000000000132a                SPIM3_IRQHandler
                0x000000000000132a                PWM2_IRQHandler
                0x000000000000132a                ECB_IRQHandler
                0x000000000000132a                SPIM1_SPIS1_TWIM1_TWIS1_SPI1_TWI1_IRQHandler
                0x000000000000132a                Default_Handler
                0x000000000000132a                SAADC_IRQHandler
                0x000000000000132a                CCM_AAR_IRQHandler
                0x000000000000132a                WDT_IRQHandler
                0x000000000000132a                SWI5_EGU5_IRQHandler
                0x000000000000132a                RNG_IRQHandler
                0x000000000000132a                RTC2_IRQHandler
                0x000000000000132a                PWM0_IRQHandler
                0x000000000000132a                SWI3_EGU3_IRQHandler
                0x000000000000132a                SPIM2_SPIS2_SPI2_IRQHandler
                0x000000000000132a                NFCT_IRQHandler
                0x000000000000132a                MWU_IRQHandler
                0x000000000000132a                QSPI_IRQHandler
                0x000000000000132a                COMP_LPCOMP_IRQHandler
 .text.nrf_log_backend_serial_put
                0x000000000000132c       0xd4 _build/nrf52840_xxaa/nrf_log_backend_serial.c.o
                0x000000000000132c                nrf_log_backend_serial_put
 .text.nrf_log_backend_uart_flush
                0x0000000000001400        0x4 _build/nrf52840_xxaa/nrf_log_backend_uart.c.o
 .text.nrf_log_backend_uart_put
                0x0000000000001404       0x20 _build/nrf52840_xxaa/nrf_log_backend_uart.c.o
 .text.serial_tx
                0x0000000000001424       0x54 _build/nrf52840_xxaa/nrf_log_backend_uart.c.o
 .text.nrf_log_backend_uart_panic_set
                0x0000000000001478       0x68 _build/nrf52840_xxaa/nrf_log_backend_uart.c.o
 .text.severity_lvl_get
                0x00000000000014e0       0x24 _build/nrf52840_xxaa/nrf_log_frontend.c.o
 .text.log_self_halt
                0x0000000000001504        0xc _build/nrf52840_xxaa/nrf_log_frontend.c.o
 .text.log_self_go
                0x0000000000001510        0xc _build/nrf52840_xxaa/nrf_log_frontend.c.o
 .text.backend_name_get
                0x000000000000151c       0x48 _build/nrf52840_xxaa/nrf_log_frontend.c.o
 .text.log_cmd  0x0000000000001564       0x40 _build/nrf52840_xxaa/nrf_log_frontend.c.o
 .text.log_cmd_backends_list
                0x00000000000015a4       0x94 _build/nrf52840_xxaa/nrf_log_frontend.c.o
 .text.log_config_load_cmd
                0x0000000000001638       0x20 _build/nrf52840_xxaa/nrf_log_frontend.c.o
 .text.log_config_store_cmd
                0x0000000000001658       0x20 _build/nrf52840_xxaa/nrf_log_frontend.c.o
 .text.log_skip
                0x0000000000001678       0xe0 _build/nrf52840_xxaa/nrf_log_frontend.c.o
 .text.log_backend_halt
                0x0000000000001758       0x50 _build/nrf52840_xxaa/nrf_log_frontend.c.o
 .text.log_backend_go
                0x00000000000017a8       0x54 _build/nrf52840_xxaa/nrf_log_frontend.c.o
 .text.module_name_get
                0x00000000000017fc       0x54 _build/nrf52840_xxaa/nrf_log_frontend.c.o
 .text.log_status
                0x0000000000001850      0x134 _build/nrf52840_xxaa/nrf_log_frontend.c.o
 .text.log_self_status
                0x0000000000001984        0xc _build/nrf52840_xxaa/nrf_log_frontend.c.o
 .text.log_backend_status
                0x0000000000001990       0x5c _build/nrf52840_xxaa/nrf_log_frontend.c.o
 .text.log_backend_ctrl
                0x00000000000019ec      0x27c _build/nrf52840_xxaa/nrf_log_frontend.c.o
 .text.log_self_ctrl
                0x0000000000001c68      0x230 _build/nrf52840_xxaa/nrf_log_frontend.c.o
 .text.nrf_log_init
                0x0000000000001e98       0xb0 _build/nrf52840_xxaa/nrf_log_frontend.c.o
                0x0000000000001e98                nrf_log_init
 .text.nrf_log_module_name_get
                0x0000000000001f48       0x58 _build/nrf52840_xxaa/nrf_log_frontend.c.o
                0x0000000000001f48                nrf_log_module_name_get
 .text.nrf_log_color_id_get
                0x0000000000001fa0       0x2c _build/nrf52840_xxaa/nrf_log_frontend.c.o
                0x0000000000001fa0                nrf_log_color_id_get
 .text.nrf_log_frontend_std_0
                0x0000000000001fcc      0x108 _build/nrf52840_xxaa/nrf_log_frontend.c.o
                0x0000000000001fcc                nrf_log_frontend_std_0
 .text.nrf_log_frontend_dequeue.part.12
                0x00000000000020d4      0x2a0 _build/nrf52840_xxaa/nrf_log_frontend.c.o
 .text.nrf_log_frontend_std_1
                0x0000000000002374      0x114 _build/nrf52840_xxaa/nrf_log_frontend.c.o
                0x0000000000002374                nrf_log_frontend_std_1
 .text.nrf_log_frontend_std_2
                0x0000000000002488      0x11c _build/nrf52840_xxaa/nrf_log_frontend.c.o
                0x0000000000002488                nrf_log_frontend_std_2
 .text.nrf_log_frontend_std_3
                0x00000000000025a4      0x128 _build/nrf52840_xxaa/nrf_log_frontend.c.o
                0x00000000000025a4                nrf_log_frontend_std_3
 .text.nrf_log_frontend_std_4
                0x00000000000026cc      0x148 _build/nrf52840_xxaa/nrf_log_frontend.c.o
                0x00000000000026cc                nrf_log_frontend_std_4
 .text.nrf_log_frontend_std_5
                0x0000000000002814      0x15c _build/nrf52840_xxaa/nrf_log_frontend.c.o
                0x0000000000002814                nrf_log_frontend_std_5
 .text.nrf_log_frontend_dequeue
                0x0000000000002970       0x18 _build/nrf52840_xxaa/nrf_log_frontend.c.o
                0x0000000000002970                nrf_log_frontend_dequeue
 .text.nrf_log_panic
                0x0000000000002988       0x2c _build/nrf52840_xxaa/nrf_log_frontend.c.o
                0x0000000000002988                nrf_log_panic
 .text.nrf_log_std_entry_process
                0x00000000000029b4      0x14c _build/nrf52840_xxaa/nrf_log_str_formatter.c.o
                0x00000000000029b4                nrf_log_std_entry_process
 .text.nrf_log_hexdump_entry_process
                0x0000000000002b00      0x158 _build/nrf52840_xxaa/nrf_log_str_formatter.c.o
                0x0000000000002b00                nrf_log_hexdump_entry_process
 .text.bsp_board_led_state_get
                0x0000000000002c58       0x54 _build/nrf52840_xxaa/boards.c.o
                0x0000000000002c58                bsp_board_led_state_get
 .text.bsp_board_led_on
                0x0000000000002cac       0x58 _build/nrf52840_xxaa/boards.c.o
                0x0000000000002cac                bsp_board_led_on
 .text.bsp_board_led_off
                0x0000000000002d04       0x58 _build/nrf52840_xxaa/boards.c.o
                0x0000000000002d04                bsp_board_led_off
 .text.bsp_board_leds_off
                0x0000000000002d5c       0x20 _build/nrf52840_xxaa/boards.c.o
                0x0000000000002d5c                bsp_board_leds_off
 .text.bsp_board_leds_on
                0x0000000000002d7c       0x20 _build/nrf52840_xxaa/boards.c.o
                0x0000000000002d7c                bsp_board_leds_on
 .text.bsp_board_led_invert
                0x0000000000002d9c       0x5c _build/nrf52840_xxaa/boards.c.o
                0x0000000000002d9c                bsp_board_led_invert
 .text.bsp_board_pin_to_button_idx
                0x0000000000002df8        0xc _build/nrf52840_xxaa/boards.c.o
                0x0000000000002df8                bsp_board_pin_to_button_idx
 .text.bsp_board_init
                0x0000000000002e04       0x54 _build/nrf52840_xxaa/boards.c.o
                0x0000000000002e04                bsp_board_init
 .text.detection_delay_timeout_handler
                0x0000000000002e58      0x120 _build/nrf52840_xxaa/app_button.c.o
 .text.gpiote_event_handler
                0x0000000000002f78       0xa8 _build/nrf52840_xxaa/app_button.c.o
 .text.app_button_init
                0x0000000000003020       0xb0 _build/nrf52840_xxaa/app_button.c.o
                0x0000000000003020                app_button_init
 .text.app_button_enable
                0x00000000000030d0       0x40 _build/nrf52840_xxaa/app_button.c.o
                0x00000000000030d0                app_button_enable
 .text.app_error_save_and_stop
                0x0000000000003110       0x64 _build/nrf52840_xxaa/app_error.c.o
                0x0000000000003110                app_error_save_and_stop
 .text.app_error_handler
                0x0000000000003174       0x1c _build/nrf52840_xxaa/app_error_handler_gcc.c.o
                0x0000000000003174                app_error_handler
 .text.app_error_fault_handler
                0x0000000000003190       0xec _build/nrf52840_xxaa/app_error_weak.c.o
                0x0000000000003190                app_error_fault_handler
 .text.RTC1_IRQHandler
                0x000000000000327c       0xa0 _build/nrf52840_xxaa/app_timer.c.o
                0x000000000000327c                RTC1_IRQHandler
 .text.SWI1_EGU1_IRQHandler
                0x000000000000331c      0x394 _build/nrf52840_xxaa/app_timer.c.o
                0x000000000000331c                SWI1_EGU1_IRQHandler
 .text.app_timer_init
                0x00000000000036b0       0xa8 _build/nrf52840_xxaa/app_timer.c.o
                0x00000000000036b0                app_timer_init
 .text.app_timer_create
                0x0000000000003758       0x24 _build/nrf52840_xxaa/app_timer.c.o
                0x0000000000003758                app_timer_create
 .text.app_timer_start
                0x000000000000377c       0x9c _build/nrf52840_xxaa/app_timer.c.o
                0x000000000000377c                app_timer_start
 .text.app_timer_stop
                0x0000000000003818       0x68 _build/nrf52840_xxaa/app_timer.c.o
                0x0000000000003818                app_timer_stop
 .text.app_usbd_hfclk_ready
                0x0000000000003880       0x74 _build/nrf52840_xxaa/app_usbd.c.o
 .text.app_usbd_event_handler
                0x00000000000038f4      0x118 _build/nrf52840_xxaa/app_usbd.c.o
 .text.app_usbd_power_event_handler
                0x0000000000003a0c       0xb0 _build/nrf52840_xxaa/app_usbd.c.o
 .text.app_usbd_class_descriptor_find
                0x0000000000003abc       0xb8 _build/nrf52840_xxaa/app_usbd.c.o
                0x0000000000003abc                app_usbd_class_descriptor_find
 .text.app_usbd_init
                0x0000000000003b74      0x1a0 _build/nrf52840_xxaa/app_usbd.c.o
                0x0000000000003b74                app_usbd_init
 .text.app_usbd_power_events_enable
                0x0000000000003d14       0x34 _build/nrf52840_xxaa/app_usbd.c.o
                0x0000000000003d14                app_usbd_power_events_enable
 .text.app_usbd_enable
                0x0000000000003d48        0x4 _build/nrf52840_xxaa/app_usbd.c.o
                0x0000000000003d48                app_usbd_enable
 .text.app_usbd_disable
                0x0000000000003d4c       0x20 _build/nrf52840_xxaa/app_usbd.c.o
                0x0000000000003d4c                app_usbd_disable
 .text.app_usbd_start
                0x0000000000003d6c       0x94 _build/nrf52840_xxaa/app_usbd.c.o
                0x0000000000003d6c                app_usbd_start
 .text.app_usbd_stop
                0x0000000000003e00       0x64 _build/nrf52840_xxaa/app_usbd.c.o
                0x0000000000003e00                app_usbd_stop
 .text.app_usbd_suspend_req
                0x0000000000003e64       0x64 _build/nrf52840_xxaa/app_usbd.c.o
                0x0000000000003e64                app_usbd_suspend_req
 .text.app_usbd_wakeup_req
                0x0000000000003ec8       0x94 _build/nrf52840_xxaa/app_usbd.c.o
                0x0000000000003ec8                app_usbd_wakeup_req
 .text.app_usbd_class_append
                0x0000000000003f5c      0x230 _build/nrf52840_xxaa/app_usbd.c.o
                0x0000000000003f5c                app_usbd_class_append
 .text.app_usbd_class_sof_register
                0x000000000000418c       0xdc _build/nrf52840_xxaa/app_usbd.c.o
                0x000000000000418c                app_usbd_class_sof_register
 .text.app_usbd_class_sof_unregister
                0x0000000000004268       0x60 _build/nrf52840_xxaa/app_usbd.c.o
                0x0000000000004268                app_usbd_class_sof_unregister
 .text.app_usbd_class_rwu_register
                0x00000000000042c8       0x34 _build/nrf52840_xxaa/app_usbd.c.o
                0x00000000000042c8                app_usbd_class_rwu_register
 .text.app_usbd_class_rwu_unregister
                0x00000000000042fc       0x34 _build/nrf52840_xxaa/app_usbd.c.o
                0x00000000000042fc                app_usbd_class_rwu_unregister
 .text.app_usbd_class_rwu_enabled_check
                0x0000000000004330       0x10 _build/nrf52840_xxaa/app_usbd.c.o
                0x0000000000004330                app_usbd_class_rwu_enabled_check
 .text.app_usbd_ep_enable
                0x0000000000004340       0x20 _build/nrf52840_xxaa/app_usbd.c.o
                0x0000000000004340                app_usbd_ep_enable
 .text.app_usbd_ep_disable
                0x0000000000004360        0x4 _build/nrf52840_xxaa/app_usbd.c.o
                0x0000000000004360                app_usbd_ep_disable
 .text.app_usbd_class_first_get
                0x0000000000004364        0xc _build/nrf52840_xxaa/app_usbd.c.o
                0x0000000000004364                app_usbd_class_first_get
 .text.app_usbd_iface_find
                0x0000000000004370       0x4c _build/nrf52840_xxaa/app_usbd.c.o
                0x0000000000004370                app_usbd_iface_find
 .text.app_usbd_iface_call
                0x00000000000043bc       0x54 _build/nrf52840_xxaa/app_usbd.c.o
                0x00000000000043bc                app_usbd_iface_call
 .text.app_usbd_ep_call
                0x0000000000004410       0x60 _build/nrf52840_xxaa/app_usbd.c.o
                0x0000000000004410                app_usbd_ep_call
 .text.app_usbd_all_until_served_call
                0x0000000000004470       0x5c _build/nrf52840_xxaa/app_usbd.c.o
                0x0000000000004470                app_usbd_all_until_served_call
 .text.app_usbd_ep_transfer
                0x00000000000044cc       0x28 _build/nrf52840_xxaa/app_usbd.c.o
                0x00000000000044cc                app_usbd_ep_transfer
 .text.app_usbd_ep_handled_transfer
                0x00000000000044f4       0x28 _build/nrf52840_xxaa/app_usbd.c.o
                0x00000000000044f4                app_usbd_ep_handled_transfer
 .text.app_usbd_iface_select
                0x000000000000451c       0x98 _build/nrf52840_xxaa/app_usbd.c.o
                0x000000000000451c                app_usbd_iface_select
 .text.app_usbd_iface_selection_get
                0x00000000000045b4        0xc _build/nrf52840_xxaa/app_usbd.c.o
                0x00000000000045b4                app_usbd_iface_selection_get
 .text.app_usbd_all_iface_select_0
                0x00000000000045c0       0xe8 _build/nrf52840_xxaa/app_usbd.c.o
                0x00000000000045c0                app_usbd_all_iface_select_0
 .text.app_usbd_all_iface_deselect
                0x00000000000046a8       0x9c _build/nrf52840_xxaa/app_usbd.c.o
                0x00000000000046a8                app_usbd_all_iface_deselect
 .text.app_usbd_event_execute
                0x0000000000004744      0x930 _build/nrf52840_xxaa/app_usbd.c.o
                0x0000000000004744                app_usbd_event_execute
 .text.app_usbd_event_queue_process
                0x0000000000005074       0xb8 _build/nrf52840_xxaa/app_usbd.c.o
                0x0000000000005074                app_usbd_event_queue_process
 .text.setup_data_handler_empty
                0x000000000000512c        0x4 _build/nrf52840_xxaa/app_usbd_core.c.o
 .text.usbd_descriptor_conf_feeder
                0x0000000000005130      0x164 _build/nrf52840_xxaa/app_usbd_core.c.o
 .text.app_usbd_core_ep0_enable
                0x0000000000005294       0x14 _build/nrf52840_xxaa/app_usbd_core.c.o
                0x0000000000005294                app_usbd_core_ep0_enable
 .text.app_usbd_core_ep0_disable
                0x00000000000052a8       0x14 _build/nrf52840_xxaa/app_usbd_core.c.o
                0x00000000000052a8                app_usbd_core_ep0_disable
 .text.app_usbd_core_setup_rsp
                0x00000000000052bc       0x88 _build/nrf52840_xxaa/app_usbd_core.c.o
                0x00000000000052bc                app_usbd_core_setup_rsp
 .text.app_usbd_core_event_handler
                0x0000000000005344      0x680 _build/nrf52840_xxaa/app_usbd_core.c.o
 .text.app_usbd_core_setup_data_handler_set
                0x00000000000059c4       0x28 _build/nrf52840_xxaa/app_usbd_core.c.o
                0x00000000000059c4                app_usbd_core_setup_data_handler_set
 .text.app_usbd_core_setup_transfer_buff_get
                0x00000000000059ec       0x10 _build/nrf52840_xxaa/app_usbd_core.c.o
                0x00000000000059ec                app_usbd_core_setup_transfer_buff_get
 .text.app_usbd_core_feature_state_get
                0x00000000000059fc       0x14 _build/nrf52840_xxaa/app_usbd_core.c.o
                0x00000000000059fc                app_usbd_core_feature_state_get
 .text.app_usbd_hid_event_handler
                0x0000000000005a10      0x614 _build/nrf52840_xxaa/app_usbd_hid.c.o
                0x0000000000005a10                app_usbd_hid_event_handler
 .text.app_usbd_hid_rep_buff_in_get
                0x0000000000006024       0x1c _build/nrf52840_xxaa/app_usbd_hid.c.o
                0x0000000000006024                app_usbd_hid_rep_buff_in_get
 .text.hid_generic_on_set_report_data_cb
                0x0000000000006040       0x18 _build/nrf52840_xxaa/app_usbd_hid_generic.c.o
 .text.hid_generic_feed_descriptors
                0x0000000000006058      0x808 _build/nrf52840_xxaa/app_usbd_hid_generic.c.o
 .text.hid_generic_get_class_descriptors_length
                0x0000000000006860       0x28 _build/nrf52840_xxaa/app_usbd_hid_generic.c.o
 .text.hid_generic_get_class_descriptors_data
                0x0000000000006888       0x2c _build/nrf52840_xxaa/app_usbd_hid_generic.c.o
 .text.hid_generic_on_get_report
                0x00000000000068b4       0x44 _build/nrf52840_xxaa/app_usbd_hid_generic.c.o
 .text.hid_generic_ep_transfer_out
                0x00000000000068f8       0x64 _build/nrf52840_xxaa/app_usbd_hid_generic.c.o
 .text.hid_generic_on_set_report
                0x000000000000695c       0x78 _build/nrf52840_xxaa/app_usbd_hid_generic.c.o
 .text.hid_generic_idle_handler_set
                0x00000000000069d4       0x4c _build/nrf52840_xxaa/app_usbd_hid_generic.c.o
                0x00000000000069d4                hid_generic_idle_handler_set
 .text.hid_generic_on_idle
                0x0000000000006a20       0x40 _build/nrf52840_xxaa/app_usbd_hid_generic.c.o
 .text.hid_generic_event_handler
                0x0000000000006a60       0x68 _build/nrf52840_xxaa/app_usbd_hid_generic.c.o
 .text.hid_generic_ep_transfer_in
                0x0000000000006ac8      0x10c _build/nrf52840_xxaa/app_usbd_hid_generic.c.o
 .text.hid_generic_clear_buffer
                0x0000000000006bd4      0x108 _build/nrf52840_xxaa/app_usbd_hid_generic.c.o
                0x0000000000006bd4                hid_generic_clear_buffer
 .text.app_usbd_hid_generic_in_report_set
                0x0000000000006cdc      0x114 _build/nrf52840_xxaa/app_usbd_hid_generic.c.o
                0x0000000000006cdc                app_usbd_hid_generic_in_report_set
 .text.app_usbd_hid_generic_idle_report_set
                0x0000000000006df0       0x90 _build/nrf52840_xxaa/app_usbd_hid_generic.c.o
                0x0000000000006df0                app_usbd_hid_generic_idle_report_set
 .text.app_usbd_hid_generic_out_report_get
                0x0000000000006e80        0xc _build/nrf52840_xxaa/app_usbd_hid_generic.c.o
                0x0000000000006e80                app_usbd_hid_generic_out_report_get
 .text.app_usbd_string_desc_get
                0x0000000000006e8c       0x84 _build/nrf52840_xxaa/app_usbd_string_desc.c.o
                0x0000000000006e8c                app_usbd_string_desc_get
 .text.app_util_critical_region_enter
                0x0000000000006f10       0x34 _build/nrf52840_xxaa/app_util_platform.c.o
                0x0000000000006f10                app_util_critical_region_enter
 .text.app_util_critical_region_exit
                0x0000000000006f44       0x34 _build/nrf52840_xxaa/app_util_platform.c.o
                0x0000000000006f44                app_util_critical_region_exit
 .text.current_int_priority_get
                0x0000000000006f78       0x3c _build/nrf52840_xxaa/app_util_platform.c.o
                0x0000000000006f78                current_int_priority_get
 .text.HardFault_Handler
                0x0000000000006fb4       0x34 _build/nrf52840_xxaa/hardfault_handler_gcc.c.o
                0x0000000000006fb4                HardFault_Handler
 .text.HardFault_process
                0x0000000000006fe8       0x24 _build/nrf52840_xxaa/hardfault_implementation.c.o
                0x0000000000006fe8                HardFault_process
 .text.HardFault_c_handler
                0x000000000000700c      0x160 _build/nrf52840_xxaa/hardfault_implementation.c.o
                0x000000000000700c                HardFault_c_handler
 .text.assert_nrf_callback
                0x000000000000716c       0x1c _build/nrf52840_xxaa/nrf_assert.c.o
                0x000000000000716c                assert_nrf_callback
 .text.nrf_atfifo_init
                0x0000000000007188       0x30 _build/nrf52840_xxaa/nrf_atfifo.c.o
                0x0000000000007188                nrf_atfifo_init
 .text.nrf_atfifo_item_alloc
                0x00000000000071b8       0x58 _build/nrf52840_xxaa/nrf_atfifo.c.o
                0x00000000000071b8                nrf_atfifo_item_alloc
 .text.nrf_atfifo_item_put
                0x0000000000007210       0x20 _build/nrf52840_xxaa/nrf_atfifo.c.o
                0x0000000000007210                nrf_atfifo_item_put
 .text.nrf_atfifo_item_get
                0x0000000000007230       0x5c _build/nrf52840_xxaa/nrf_atfifo.c.o
                0x0000000000007230                nrf_atfifo_item_get
 .text.nrf_atfifo_item_free
                0x000000000000728c       0x20 _build/nrf52840_xxaa/nrf_atfifo.c.o
                0x000000000000728c                nrf_atfifo_item_free
 .text.nrf_atomic_u32_fetch_store
                0x00000000000072ac       0x14 _build/nrf52840_xxaa/nrf_atomic.c.o
                0x00000000000072ac                nrf_atomic_u32_fetch_store
 .text.nrf_atomic_u32_or
                0x00000000000072c0       0x18 _build/nrf52840_xxaa/nrf_atomic.c.o
                0x00000000000072c0                nrf_atomic_u32_or
 .text.nrf_atomic_u32_and
                0x00000000000072d8       0x18 _build/nrf52840_xxaa/nrf_atomic.c.o
                0x00000000000072d8                nrf_atomic_u32_and
 .text.nrf_atomic_u32_add
                0x00000000000072f0       0x18 _build/nrf52840_xxaa/nrf_atomic.c.o
                0x00000000000072f0                nrf_atomic_u32_add
 .text.nrf_atomic_u32_sub
                0x0000000000007308       0x18 _build/nrf52840_xxaa/nrf_atomic.c.o
                0x0000000000007308                nrf_atomic_u32_sub
 .text.nrf_atomic_u32_sub_hs
                0x0000000000007320       0x1c _build/nrf52840_xxaa/nrf_atomic.c.o
                0x0000000000007320                nrf_atomic_u32_sub_hs
 .text.nrf_atomic_flag_set
                0x000000000000733c       0x18 _build/nrf52840_xxaa/nrf_atomic.c.o
                0x000000000000733c                nrf_atomic_flag_set
 .text.nrf_atomic_flag_clear_fetch
                0x0000000000007354       0x18 _build/nrf52840_xxaa/nrf_atomic.c.o
                0x0000000000007354                nrf_atomic_flag_clear_fetch
 .text.nrf_balloc_status
                0x000000000000736c       0xc8 _build/nrf52840_xxaa/nrf_balloc.c.o
 .text.nrf_balloc_init
                0x0000000000007434       0x94 _build/nrf52840_xxaa/nrf_balloc.c.o
                0x0000000000007434                nrf_balloc_init
 .text.nrf_balloc_alloc
                0x00000000000074c8       0x58 _build/nrf52840_xxaa/nrf_balloc.c.o
                0x00000000000074c8                nrf_balloc_alloc
 .text.nrf_balloc_free
                0x0000000000007520       0x4c _build/nrf52840_xxaa/nrf_balloc.c.o
                0x0000000000007520                nrf_balloc_free
 .text.cli_write.constprop.49
                0x000000000000756c       0xa8 _build/nrf52840_xxaa/nrf_cli.c.o
 .text.cursor_position_get
                0x0000000000007614      0x158 _build/nrf52840_xxaa/nrf_cli.c.o
 .text.nrf_cli_fprintf.constprop.50
                0x000000000000776c      0x134 _build/nrf52840_xxaa/nrf_cli.c.o
 .text.format_offset_string_print.constprop.48
                0x00000000000078a0      0x190 _build/nrf52840_xxaa/nrf_cli.c.o
 .text.nrf_cli_help_print.constprop.46
                0x0000000000007a30      0x1c8 _build/nrf52840_xxaa/nrf_cli.c.o
 .text.nrf_cli_cmd_clear
                0x0000000000007bf8       0x98 _build/nrf52840_xxaa/nrf_cli.c.o
 .text.nrf_cli_fprintf
                0x0000000000007c90      0x150 _build/nrf52840_xxaa/nrf_cli.c.o
                0x0000000000007c90                nrf_cli_fprintf
 .text.nrf_cli_cmd_cli
                0x0000000000007de0       0x60 _build/nrf52840_xxaa/nrf_cli.c.o
 .text.nrf_cli_cmd_resize
                0x0000000000007e40      0x144 _build/nrf52840_xxaa/nrf_cli.c.o
 .text.nrf_cli_cmd_echo_on
                0x0000000000007f84       0x30 _build/nrf52840_xxaa/nrf_cli.c.o
 .text.nrf_cli_cmd_echo_off
                0x0000000000007fb4       0x34 _build/nrf52840_xxaa/nrf_cli.c.o
 .text.nrf_cli_cmd_cli_stats_reset
                0x0000000000007fe8       0x38 _build/nrf52840_xxaa/nrf_cli.c.o
                0x0000000000007fe8                nrf_cli_cmd_cli_stats_reset
 .text.nrf_cli_cmd_cli_stats_show
                0x0000000000008020       0x70 _build/nrf52840_xxaa/nrf_cli.c.o
                0x0000000000008020                nrf_cli_cmd_cli_stats_show
 .text.nrf_cli_cmd_resize_default
                0x0000000000008090       0x64 _build/nrf52840_xxaa/nrf_cli.c.o
 .text.nrf_cli_cmd_colors_off
                0x00000000000080f4       0x34 _build/nrf52840_xxaa/nrf_cli.c.o
 .text.nrf_cli_cmd_colors_on
                0x0000000000008128       0x30 _build/nrf52840_xxaa/nrf_cli.c.o
 .text.nrf_cli_cmd_echo
                0x0000000000008158       0x7c _build/nrf52840_xxaa/nrf_cli.c.o
 .text.nrf_cli_cmd_history
                0x00000000000081d4       0xc4 _build/nrf52840_xxaa/nrf_cli.c.o
 .text.nrf_cli_cmd_colors
                0x0000000000008298       0x8c _build/nrf52840_xxaa/nrf_cli.c.o
 .text.nrf_cli_cmd_cli_stats
                0x0000000000008324       0x60 _build/nrf52840_xxaa/nrf_cli.c.o
                0x0000000000008324                nrf_cli_cmd_cli_stats
 .text.nrf_cli_help_print
                0x0000000000008384      0x378 _build/nrf52840_xxaa/nrf_cli.c.o
                0x0000000000008384                nrf_cli_help_print
 .text.nrf_fprintf_buffer_flush
                0x00000000000086fc       0x28 _build/nrf52840_xxaa/nrf_fprintf.c.o
                0x00000000000086fc                nrf_fprintf_buffer_flush
 .text.nrf_fprintf
                0x0000000000008724       0x64 _build/nrf52840_xxaa/nrf_fprintf.c.o
                0x0000000000008724                nrf_fprintf
 .text.unsigned_print
                0x0000000000008788      0x10c _build/nrf52840_xxaa/nrf_fprintf_format.c.o
 .text.nrf_fprintf_fmt
                0x0000000000008894      0x61c _build/nrf52840_xxaa/nrf_fprintf_format.c.o
                0x0000000000008894                nrf_fprintf_fmt
 .text.nrf_memobj_pool_init
                0x0000000000008eb0        0x4 _build/nrf52840_xxaa/nrf_memobj.c.o
                0x0000000000008eb0                nrf_memobj_pool_init
 .text.nrf_memobj_alloc
                0x0000000000008eb4       0x84 _build/nrf52840_xxaa/nrf_memobj.c.o
                0x0000000000008eb4                nrf_memobj_alloc
 .text.nrf_memobj_get
                0x0000000000008f38        0x8 _build/nrf52840_xxaa/nrf_memobj.c.o
                0x0000000000008f38                nrf_memobj_get
 .text.nrf_memobj_put
                0x0000000000008f40       0x44 _build/nrf52840_xxaa/nrf_memobj.c.o
                0x0000000000008f40                nrf_memobj_put
 .text.nrf_memobj_write
                0x0000000000008f84       0xa8 _build/nrf52840_xxaa/nrf_memobj.c.o
                0x0000000000008f84                nrf_memobj_write
 .text.nrf_memobj_read
                0x000000000000902c       0xa8 _build/nrf52840_xxaa/nrf_memobj.c.o
                0x000000000000902c                nrf_memobj_read
 .text.nrf_queue_status
                0x00000000000090d4      0x110 _build/nrf52840_xxaa/nrf_queue.c.o
 .text.nrf_queue_push
                0x00000000000091e4      0x118 _build/nrf52840_xxaa/nrf_queue.c.o
                0x00000000000091e4                nrf_queue_push
 .text.nrf_queue_generic_pop
                0x00000000000092fc       0xf4 _build/nrf52840_xxaa/nrf_queue.c.o
                0x00000000000092fc                nrf_queue_generic_pop
 .text.nrf_queue_is_empty
                0x00000000000093f0       0x28 _build/nrf52840_xxaa/nrf_queue.c.o
                0x00000000000093f0                nrf_queue_is_empty
 .text.nrf_queue_max_utilization_get
                0x0000000000009418       0x20 _build/nrf52840_xxaa/nrf_queue.c.o
                0x0000000000009418                nrf_queue_max_utilization_get
 .text.nrf_queue_max_utilization_reset
                0x0000000000009438       0x24 _build/nrf52840_xxaa/nrf_queue.c.o
                0x0000000000009438                nrf_queue_max_utilization_reset
 .text.nrf_ringbuf_init
                0x000000000000945c       0x1c _build/nrf52840_xxaa/nrf_ringbuf.c.o
                0x000000000000945c                nrf_ringbuf_init
 .text.nrf_strerror_get
                0x0000000000009478       0x6c _build/nrf52840_xxaa/nrf_strerror.c.o
                0x0000000000009478                nrf_strerror_get
 .text.clock_irq_handler
                0x00000000000094e4       0x44 _build/nrf52840_xxaa/nrf_drv_clock.c.o
 .text.nrf_drv_clock_init_check
                0x0000000000009528        0xc _build/nrf52840_xxaa/nrf_drv_clock.c.o
                0x0000000000009528                nrf_drv_clock_init_check
 .text.nrf_drv_clock_init
                0x0000000000009534       0x34 _build/nrf52840_xxaa/nrf_drv_clock.c.o
                0x0000000000009534                nrf_drv_clock_init
 .text.nrf_drv_clock_lfclk_request
                0x0000000000009568       0x80 _build/nrf52840_xxaa/nrf_drv_clock.c.o
                0x0000000000009568                nrf_drv_clock_lfclk_request
 .text.nrf_drv_clock_lfclk_is_running
                0x00000000000095e8       0x28 _build/nrf52840_xxaa/nrf_drv_clock.c.o
                0x00000000000095e8                nrf_drv_clock_lfclk_is_running
 .text.nrf_drv_clock_hfclk_request
                0x0000000000009610       0x84 _build/nrf52840_xxaa/nrf_drv_clock.c.o
                0x0000000000009610                nrf_drv_clock_hfclk_request
 .text.nrf_drv_clock_hfclk_release
                0x0000000000009694       0x4c _build/nrf52840_xxaa/nrf_drv_clock.c.o
                0x0000000000009694                nrf_drv_clock_hfclk_release
 .text.nrf_drv_power_init
                0x00000000000096e0       0x20 _build/nrf52840_xxaa/nrf_drv_power.c.o
                0x00000000000096e0                nrf_drv_power_init
 .text.nrf_drv_power_usbevt_init
                0x0000000000009700       0x1c _build/nrf52840_xxaa/nrf_drv_power.c.o
                0x0000000000009700                nrf_drv_power_usbevt_init
 .text.uarte_evt_handler
                0x000000000000971c       0x34 _build/nrf52840_xxaa/nrf_drv_uart.c.o
 .text.uart_evt_handler
                0x0000000000009750       0x34 _build/nrf52840_xxaa/nrf_drv_uart.c.o
 .text.nrf_drv_uart_init
                0x0000000000009784       0xa0 _build/nrf52840_xxaa/nrf_drv_uart.c.o
                0x0000000000009784                nrf_drv_uart_init
 .text.ev_usbreset_handler
                0x0000000000009824       0x30 _build/nrf52840_xxaa/nrf_drv_usbd.c.o
 .text.ev_started_handler
                0x0000000000009854        0x4 _build/nrf52840_xxaa/nrf_drv_usbd.c.o
 .text.nrf_drv_usbd_consumer
                0x0000000000009858       0x6c _build/nrf52840_xxaa/nrf_drv_usbd.c.o
                0x0000000000009858                nrf_drv_usbd_consumer
 .text.nrf_drv_usbd_feeder_ram
                0x00000000000098c4       0x44 _build/nrf52840_xxaa/nrf_drv_usbd.c.o
                0x00000000000098c4                nrf_drv_usbd_feeder_ram
 .text.nrf_drv_usbd_feeder_ram_zlp
                0x0000000000009908       0x4c _build/nrf52840_xxaa/nrf_drv_usbd.c.o
                0x0000000000009908                nrf_drv_usbd_feeder_ram_zlp
 .text.nrf_drv_usbd_feeder_flash
                0x0000000000009954       0x64 _build/nrf52840_xxaa/nrf_drv_usbd.c.o
                0x0000000000009954                nrf_drv_usbd_feeder_flash
 .text.nrf_drv_usbd_feeder_flash_zlp
                0x00000000000099b8       0x68 _build/nrf52840_xxaa/nrf_drv_usbd.c.o
                0x00000000000099b8                nrf_drv_usbd_feeder_flash_zlp
 .text.ev_dma_epin0_handler
                0x0000000000009a20       0x40 _build/nrf52840_xxaa/nrf_drv_usbd.c.o
 .text.ev_setup_data_handler
                0x0000000000009a60       0x90 _build/nrf52840_xxaa/nrf_drv_usbd.c.o
 .text.ev_usbevent_handler
                0x0000000000009af0       0xb4 _build/nrf52840_xxaa/nrf_drv_usbd.c.o
 .text.ev_dma_epout8_handler
                0x0000000000009ba4       0x5c _build/nrf52840_xxaa/nrf_drv_usbd.c.o
 .text.ev_dma_epin8_handler
                0x0000000000009c00       0x6c _build/nrf52840_xxaa/nrf_drv_usbd.c.o
 .text.ev_dma_epin1_handler
                0x0000000000009c6c       0x40 _build/nrf52840_xxaa/nrf_drv_usbd.c.o
 .text.ev_dma_epin2_handler
                0x0000000000009cac       0x40 _build/nrf52840_xxaa/nrf_drv_usbd.c.o
 .text.ev_dma_epin3_handler
                0x0000000000009cec       0x40 _build/nrf52840_xxaa/nrf_drv_usbd.c.o
 .text.ev_dma_epin4_handler
                0x0000000000009d2c       0x40 _build/nrf52840_xxaa/nrf_drv_usbd.c.o
 .text.ev_dma_epin5_handler
                0x0000000000009d6c       0x40 _build/nrf52840_xxaa/nrf_drv_usbd.c.o
 .text.ev_dma_epin6_handler
                0x0000000000009dac       0x40 _build/nrf52840_xxaa/nrf_drv_usbd.c.o
 .text.ev_dma_epin7_handler
                0x0000000000009dec       0x40 _build/nrf52840_xxaa/nrf_drv_usbd.c.o
 .text.ev_sof_handler
                0x0000000000009e2c       0x48 _build/nrf52840_xxaa/nrf_drv_usbd.c.o
 .text.usbd_dmareq_process.part.4
                0x0000000000009e74      0x420 _build/nrf52840_xxaa/nrf_drv_usbd.c.o
 .text.ev_dma_epout6_handler
                0x000000000000a294       0x70 _build/nrf52840_xxaa/nrf_drv_usbd.c.o
 .text.ev_epdata_handler
                0x000000000000a304       0xec _build/nrf52840_xxaa/nrf_drv_usbd.c.o
 .text.ev_dma_epout0_handler
                0x000000000000a3f0       0xb4 _build/nrf52840_xxaa/nrf_drv_usbd.c.o
 .text.ev_dma_epout1_handler
                0x000000000000a4a4       0x70 _build/nrf52840_xxaa/nrf_drv_usbd.c.o
 .text.ev_dma_epout2_handler
                0x000000000000a514       0x70 _build/nrf52840_xxaa/nrf_drv_usbd.c.o
 .text.ev_dma_epout3_handler
                0x000000000000a584       0x70 _build/nrf52840_xxaa/nrf_drv_usbd.c.o
 .text.ev_dma_epout4_handler
                0x000000000000a5f4       0x74 _build/nrf52840_xxaa/nrf_drv_usbd.c.o
 .text.ev_dma_epout7_handler
                0x000000000000a668       0x70 _build/nrf52840_xxaa/nrf_drv_usbd.c.o
 .text.ev_dma_epout5_handler
                0x000000000000a6d8       0x70 _build/nrf52840_xxaa/nrf_drv_usbd.c.o
 .text.nrf_drv_usbd_init
                0x000000000000a748      0x16c _build/nrf52840_xxaa/nrf_drv_usbd.c.o
                0x000000000000a748                nrf_drv_usbd_init
 .text.nrf_drv_usbd_uninit
                0x000000000000a8b4       0x20 _build/nrf52840_xxaa/nrf_drv_usbd.c.o
                0x000000000000a8b4                nrf_drv_usbd_uninit
 .text.nrf_drv_usbd_enable
                0x000000000000a8d4      0x178 _build/nrf52840_xxaa/nrf_drv_usbd.c.o
                0x000000000000a8d4                nrf_drv_usbd_enable
 .text.nrf_drv_usbd_start
                0x000000000000aa4c       0x88 _build/nrf52840_xxaa/nrf_drv_usbd.c.o
                0x000000000000aa4c                nrf_drv_usbd_start
 .text.nrf_drv_usbd_is_initialized
                0x000000000000aad4       0x10 _build/nrf52840_xxaa/nrf_drv_usbd.c.o
                0x000000000000aad4                nrf_drv_usbd_is_initialized
 .text.nrf_drv_usbd_is_enabled
                0x000000000000aae4       0x14 _build/nrf52840_xxaa/nrf_drv_usbd.c.o
                0x000000000000aae4                nrf_drv_usbd_is_enabled
 .text.nrf_drv_usbd_is_started
                0x000000000000aaf8       0x1c _build/nrf52840_xxaa/nrf_drv_usbd.c.o
                0x000000000000aaf8                nrf_drv_usbd_is_started
 .text.nrf_drv_usbd_wakeup_req
                0x000000000000ab14       0x6c _build/nrf52840_xxaa/nrf_drv_usbd.c.o
                0x000000000000ab14                nrf_drv_usbd_wakeup_req
 .text.nrf_drv_usbd_suspend_irq_config
                0x000000000000ab80       0x14 _build/nrf52840_xxaa/nrf_drv_usbd.c.o
                0x000000000000ab80                nrf_drv_usbd_suspend_irq_config
 .text.nrf_drv_usbd_active_irq_config
                0x000000000000ab94       0x14 _build/nrf52840_xxaa/nrf_drv_usbd.c.o
                0x000000000000ab94                nrf_drv_usbd_active_irq_config
 .text.nrf_drv_usbd_force_bus_wakeup
                0x000000000000aba8        0xc _build/nrf52840_xxaa/nrf_drv_usbd.c.o
                0x000000000000aba8                nrf_drv_usbd_force_bus_wakeup
 .text.nrf_drv_usbd_ep_max_packet_size_get
                0x000000000000abb4       0x38 _build/nrf52840_xxaa/nrf_drv_usbd.c.o
                0x000000000000abb4                nrf_drv_usbd_ep_max_packet_size_get
 .text.nrf_drv_usbd_ep_enable_check
                0x000000000000abec       0x44 _build/nrf52840_xxaa/nrf_drv_usbd.c.o
                0x000000000000abec                nrf_drv_usbd_ep_enable_check
 .text.nrf_drv_usbd_ep_transfer
                0x000000000000ac30      0x194 _build/nrf52840_xxaa/nrf_drv_usbd.c.o
                0x000000000000ac30                nrf_drv_usbd_ep_transfer
 .text.nrf_drv_usbd_ep_handled_transfer
                0x000000000000adc4      0x108 _build/nrf52840_xxaa/nrf_drv_usbd.c.o
                0x000000000000adc4                nrf_drv_usbd_ep_handled_transfer
 .text.nrf_drv_usbd_feeder_buffer_get
                0x000000000000aecc        0x8 _build/nrf52840_xxaa/nrf_drv_usbd.c.o
                0x000000000000aecc                nrf_drv_usbd_feeder_buffer_get
 .text.nrf_drv_usbd_ep_stall
                0x000000000000aed4       0x44 _build/nrf52840_xxaa/nrf_drv_usbd.c.o
                0x000000000000aed4                nrf_drv_usbd_ep_stall
 .text.nrf_drv_usbd_ep_stall_check
                0x000000000000af18       0x50 _build/nrf52840_xxaa/nrf_drv_usbd.c.o
                0x000000000000af18                nrf_drv_usbd_ep_stall_check
 .text.nrf_drv_usbd_ep_dtoggle_clear
                0x000000000000af68       0x48 _build/nrf52840_xxaa/nrf_drv_usbd.c.o
                0x000000000000af68                nrf_drv_usbd_ep_dtoggle_clear
 .text.nrf_drv_usbd_setup_get
                0x000000000000afb0       0x4c _build/nrf52840_xxaa/nrf_drv_usbd.c.o
                0x000000000000afb0                nrf_drv_usbd_setup_get
 .text.nrf_drv_usbd_setup_data_clear
                0x000000000000affc       0x50 _build/nrf52840_xxaa/nrf_drv_usbd.c.o
                0x000000000000affc                nrf_drv_usbd_setup_data_clear
 .text.nrf_drv_usbd_setup_clear
                0x000000000000b04c       0x14 _build/nrf52840_xxaa/nrf_drv_usbd.c.o
                0x000000000000b04c                nrf_drv_usbd_setup_clear
 .text.nrf_drv_usbd_setup_stall
                0x000000000000b060       0x14 _build/nrf52840_xxaa/nrf_drv_usbd.c.o
                0x000000000000b060                nrf_drv_usbd_setup_stall
 .text.nrf_drv_usbd_last_setup_dir_get
                0x000000000000b074        0xc _build/nrf52840_xxaa/nrf_drv_usbd.c.o
                0x000000000000b074                nrf_drv_usbd_last_setup_dir_get
 .text.nrf_drv_usbd_transfer_out_drop
                0x000000000000b080      0x104 _build/nrf52840_xxaa/nrf_drv_usbd.c.o
                0x000000000000b080                nrf_drv_usbd_transfer_out_drop
 .text.USBD_IRQHandler
                0x000000000000b184      0x474 _build/nrf52840_xxaa/nrf_drv_usbd.c.o
                0x000000000000b184                USBD_IRQHandler
 .text.nrf_drv_usbd_ep_enable
                0x000000000000b5f8      0x128 _build/nrf52840_xxaa/nrf_drv_usbd.c.o
                0x000000000000b5f8                nrf_drv_usbd_ep_enable
 .text.nrf_drv_usbd_ep_stall_clear
                0x000000000000b720       0x6c _build/nrf52840_xxaa/nrf_drv_usbd.c.o
                0x000000000000b720                nrf_drv_usbd_ep_stall_clear
 .text.nrf_drv_usbd_ep_abort
                0x000000000000b78c      0x1cc _build/nrf52840_xxaa/nrf_drv_usbd.c.o
                0x000000000000b78c                nrf_drv_usbd_ep_abort
 .text.nrf_drv_usbd_ep_disable
                0x000000000000b958      0x2a0 _build/nrf52840_xxaa/nrf_drv_usbd.c.o
                0x000000000000b958                nrf_drv_usbd_ep_disable
 .text.nrf_drv_usbd_stop
                0x000000000000bbf8      0x1bc _build/nrf52840_xxaa/nrf_drv_usbd.c.o
                0x000000000000bbf8                nrf_drv_usbd_stop
 .text.nrf_drv_usbd_suspend
                0x000000000000bdb4      0x1c0 _build/nrf52840_xxaa/nrf_drv_usbd.c.o
                0x000000000000bdb4                nrf_drv_usbd_suspend
 .text.nrf_drv_usbd_disable
                0x000000000000bf74      0x248 _build/nrf52840_xxaa/nrf_drv_usbd.c.o
                0x000000000000bf74                nrf_drv_usbd_disable
 .text.ev_setup_handler
                0x000000000000c1bc      0x260 _build/nrf52840_xxaa/nrf_drv_usbd.c.o
 .text.nrfx_clock_init
                0x000000000000c41c       0x2c _build/nrf52840_xxaa/nrfx_clock.c.o
                0x000000000000c41c                nrfx_clock_init
 .text.nrfx_clock_enable
                0x000000000000c448       0x48 _build/nrf52840_xxaa/nrfx_clock.c.o
                0x000000000000c448                nrfx_clock_enable
 .text.nrfx_clock_lfclk_start
                0x000000000000c490       0x44 _build/nrf52840_xxaa/nrfx_clock.c.o
                0x000000000000c490                nrfx_clock_lfclk_start
 .text.nrfx_clock_hfclk_start
                0x000000000000c4d4       0x3c _build/nrf52840_xxaa/nrfx_clock.c.o
                0x000000000000c4d4                nrfx_clock_hfclk_start
 .text.nrfx_clock_hfclk_stop
                0x000000000000c510       0x40 _build/nrf52840_xxaa/nrfx_clock.c.o
                0x000000000000c510                nrfx_clock_hfclk_stop
 .text.nrfx_clock_irq_handler
                0x000000000000c550       0x64 _build/nrf52840_xxaa/nrfx_clock.c.o
                0x000000000000c550                nrfx_clock_irq_handler
 .text.nrfx_gpiote_init
                0x000000000000c5b4       0x98 _build/nrf52840_xxaa/nrfx_gpiote.c.o
                0x000000000000c5b4                nrfx_gpiote_init
 .text.nrfx_gpiote_is_init
                0x000000000000c64c       0x14 _build/nrf52840_xxaa/nrfx_gpiote.c.o
                0x000000000000c64c                nrfx_gpiote_is_init
 .text.nrfx_gpiote_in_init
                0x000000000000c660      0x21c _build/nrf52840_xxaa/nrfx_gpiote.c.o
                0x000000000000c660                nrfx_gpiote_in_init
 .text.nrfx_gpiote_in_event_enable
                0x000000000000c87c      0x13c _build/nrf52840_xxaa/nrfx_gpiote.c.o
                0x000000000000c87c                nrfx_gpiote_in_event_enable
 .text.nrfx_gpiote_in_is_set
                0x000000000000c9b8       0x50 _build/nrf52840_xxaa/nrfx_gpiote.c.o
                0x000000000000c9b8                nrfx_gpiote_in_is_set
 .text.GPIOTE_IRQHandler
                0x000000000000ca08      0x644 _build/nrf52840_xxaa/nrfx_gpiote.c.o
                0x000000000000ca08                GPIOTE_IRQHandler
 .text.nrfx_power_init
                0x000000000000d04c       0x5c _build/nrf52840_xxaa/nrfx_power.c.o
                0x000000000000d04c                nrfx_power_init
 .text.nrfx_power_usbevt_init
                0x000000000000d0a8       0x14 _build/nrf52840_xxaa/nrfx_power.c.o
                0x000000000000d0a8                nrfx_power_usbevt_init
 .text.nrfx_power_usbevt_enable
                0x000000000000d0bc       0x10 _build/nrf52840_xxaa/nrfx_power.c.o
                0x000000000000d0bc                nrfx_power_usbevt_enable
 .text.nrfx_power_usbevt_disable
                0x000000000000d0cc       0x10 _build/nrf52840_xxaa/nrfx_power.c.o
                0x000000000000d0cc                nrfx_power_usbevt_disable
 .text.nrfx_power_usbevt_uninit
                0x000000000000d0dc        0xc _build/nrf52840_xxaa/nrfx_power.c.o
                0x000000000000d0dc                nrfx_power_usbevt_uninit
 .text.nrfx_power_irq_handler
                0x000000000000d0e8      0x124 _build/nrf52840_xxaa/nrfx_power.c.o
                0x000000000000d0e8                nrfx_power_irq_handler
 .text.POWER_CLOCK_IRQHandler
                0x000000000000d20c       0x10 _build/nrf52840_xxaa/nrfx_power_clock.c.o
                0x000000000000d20c                POWER_CLOCK_IRQHandler
 .text.UARTE0_UART0_IRQHandler
                0x000000000000d21c       0x28 _build/nrf52840_xxaa/nrfx_prs.c.o
                0x000000000000d21c                UARTE0_UART0_IRQHandler
 .text.nrfx_prs_acquire
                0x000000000000d244       0x58 _build/nrf52840_xxaa/nrfx_prs.c.o
                0x000000000000d244                nrfx_prs_acquire
 .text.nrfx_prs_release
                0x000000000000d29c       0x28 _build/nrf52840_xxaa/nrfx_prs.c.o
                0x000000000000d29c                nrfx_prs_release
 .text.nrfx_uart_0_irq_handler
                0x000000000000d2c4      0x1bc _build/nrf52840_xxaa/nrfx_uart.c.o
                0x000000000000d2c4                nrfx_uart_0_irq_handler
 .text.nrfx_uart_init
                0x000000000000d480      0x2c8 _build/nrf52840_xxaa/nrfx_uart.c.o
                0x000000000000d480                nrfx_uart_init
 .text.nrfx_uart_uninit
                0x000000000000d748      0x150 _build/nrf52840_xxaa/nrfx_uart.c.o
                0x000000000000d748                nrfx_uart_uninit
 .text.nrfx_uart_tx
                0x000000000000d898      0x124 _build/nrf52840_xxaa/nrfx_uart.c.o
                0x000000000000d898                nrfx_uart_tx
 .text.nrfx_uarte_0_irq_handler
                0x000000000000d9bc      0x128 _build/nrf52840_xxaa/nrfx_uarte.c.o
                0x000000000000d9bc                nrfx_uarte_0_irq_handler
 .text.nrfx_uarte_init
                0x000000000000dae4      0x2e4 _build/nrf52840_xxaa/nrfx_uarte.c.o
                0x000000000000dae4                nrfx_uarte_init
 .text.nrfx_uarte_uninit
                0x000000000000ddc8      0x154 _build/nrf52840_xxaa/nrfx_uarte.c.o
                0x000000000000ddc8                nrfx_uarte_uninit
 .text.nrfx_uarte_tx
                0x000000000000df1c      0x118 _build/nrf52840_xxaa/nrfx_uarte.c.o
                0x000000000000df1c                nrfx_uarte_tx
 .text.alert_timer_handler
                0x000000000000e034        0x8 _build/nrf52840_xxaa/bsp.c.o
 .text.bsp_button_event_handler
                0x000000000000e03c       0x7c _build/nrf52840_xxaa/bsp.c.o
 .text.button_timer_handler
                0x000000000000e0b8       0x28 _build/nrf52840_xxaa/bsp.c.o
 .text.leds_timer_handler
                0x000000000000e0e0      0x2c8 _build/nrf52840_xxaa/bsp.c.o
 .text.bsp_init
                0x000000000000e3a8       0xb0 _build/nrf52840_xxaa/bsp.c.o
                0x000000000000e3a8                bsp_init
 .text.bsp_event_to_button_action_assign
                0x000000000000e458       0x3c _build/nrf52840_xxaa/bsp.c.o
                0x000000000000e458                bsp_event_to_button_action_assign
 .text.crc16_compute
                0x000000000000e494       0x3c _build/nrf52840_xxaa/crc16.c.o
                0x000000000000e494                crc16_compute
 .text.usbd_user_ev_handler
                0x000000000000e4d0       0xcc _build/nrf52840_xxaa/main.c.o
 .text.hid_user_ev_handler
                0x000000000000e59c       0x8c _build/nrf52840_xxaa/main.c.o
 .text.nrf_esb_event_handler
                0x000000000000e628       0x2c _build/nrf52840_xxaa/main.c.o
                0x000000000000e628                nrf_esb_event_handler
 .text.idle_handle
                0x000000000000e654       0x2c _build/nrf52840_xxaa/main.c.o
 .text.bsp_event_callback
                0x000000000000e680       0x4c _build/nrf52840_xxaa/main.c.o
 .text.esb_init
                0x000000000000e6cc       0x74 _build/nrf52840_xxaa/main.c.o
                0x000000000000e6cc                esb_init
 .text.startup.main
                0x000000000000e740      0x3e0 _build/nrf52840_xxaa/main.c.o
                0x000000000000e740                main
 .text.SystemInit
                0x000000000000eb20      0x144 _build/nrf52840_xxaa/system_nrf52840.c.o
                0x000000000000eb20                SystemInit
 .text.update_rf_payload_format_esb_dpl
                0x000000000000ec64       0x2c _build/nrf52840_xxaa/nrf_esb_illegalmod.c.o
 .text.update_rf_payload_format_esb
                0x000000000000ec90       0x2c _build/nrf52840_xxaa/nrf_esb_illegalmod.c.o
 .text.update_rf_payload_format_esb_illegal
                0x000000000000ecbc       0x18 _build/nrf52840_xxaa/nrf_esb_illegalmod.c.o
 .text.on_radio_disabled_rx_ack
                0x000000000000ecd4       0x50 _build/nrf52840_xxaa/nrf_esb_illegalmod.c.o
 .text.rx_fifo_push_rfbuf
                0x000000000000ed24       0xf8 _build/nrf52840_xxaa/nrf_esb_illegalmod.c.o
 .text.on_radio_disabled_rx
                0x000000000000ee1c      0x26c _build/nrf52840_xxaa/nrf_esb_illegalmod.c.o
 .text.RADIO_IRQHandler
                0x000000000000f088       0x54 _build/nrf52840_xxaa/nrf_esb_illegalmod.c.o
                0x000000000000f088                RADIO_IRQHandler
 .text.nrf_esb_init
                0x000000000000f0dc      0x2e8 _build/nrf52840_xxaa/nrf_esb_illegalmod.c.o
                0x000000000000f0dc                nrf_esb_init
 .text.SWI0_EGU0_IRQHandler
                0x000000000000f3c4       0x6c _build/nrf52840_xxaa/nrf_esb_illegalmod.c.o
                0x000000000000f3c4                SWI0_EGU0_IRQHandler
 .text.nrf_esb_read_rx_payload
                0x000000000000f430       0x84 _build/nrf52840_xxaa/nrf_esb_illegalmod.c.o
                0x000000000000f430                nrf_esb_read_rx_payload
 .text.nrf_esb_start_rx
                0x000000000000f4b4       0x90 _build/nrf52840_xxaa/nrf_esb_illegalmod.c.o
                0x000000000000f4b4                nrf_esb_start_rx
 .text.nrf_esb_stop_rx
                0x000000000000f544       0x4c _build/nrf52840_xxaa/nrf_esb_illegalmod.c.o
                0x000000000000f544                nrf_esb_stop_rx
 .text.nrf_esb_set_base_address_0
                0x000000000000f590       0x40 _build/nrf52840_xxaa/nrf_esb_illegalmod.c.o
                0x000000000000f590                nrf_esb_set_base_address_0
 .text.nrf_esb_set_base_address_1
                0x000000000000f5d0       0x40 _build/nrf52840_xxaa/nrf_esb_illegalmod.c.o
                0x000000000000f5d0                nrf_esb_set_base_address_1
 .text.nrf_esb_set_prefixes
                0x000000000000f610       0x64 _build/nrf52840_xxaa/nrf_esb_illegalmod.c.o
                0x000000000000f610                nrf_esb_set_prefixes
 .text.nrf_esb_set_rf_channel
                0x000000000000f674       0x28 _build/nrf52840_xxaa/nrf_esb_illegalmod.c.o
                0x000000000000f674                nrf_esb_set_rf_channel
 .text.nrf_esb_get_rf_channel
                0x000000000000f69c       0x14 _build/nrf52840_xxaa/nrf_esb_illegalmod.c.o
                0x000000000000f69c                nrf_esb_get_rf_channel
 .text          0x000000000000f6b0        0xc /usr/lib/gcc/arm-none-eabi/7.3.1/../../../arm-none-eabi/lib/thumb/v7e-m/fpv4-sp/hard/libc_nano.a(lib_a-atexit.o)
                0x000000000000f6b0                atexit
 .text          0x000000000000f6bc       0x28 /usr/lib/gcc/arm-none-eabi/7.3.1/../../../arm-none-eabi/lib/thumb/v7e-m/fpv4-sp/hard/libc_nano.a(lib_a-exit.o)
                0x000000000000f6bc                exit
 .text          0x000000000000f6e4       0x34 /usr/lib/gcc/arm-none-eabi/7.3.1/../../../arm-none-eabi/lib/thumb/v7e-m/fpv4-sp/hard/libc_nano.a(lib_a-fini.o)
                0x000000000000f6e4                __libc_fini_array
 .text          0x000000000000f718       0x48 /usr/lib/gcc/arm-none-eabi/7.3.1/../../../arm-none-eabi/lib/thumb/v7e-m/fpv4-sp/hard/libc_nano.a(lib_a-init.o)
                0x000000000000f718                __libc_init_array
 .text          0x000000000000f760       0x90 /usr/lib/gcc/arm-none-eabi/7.3.1/../../../arm-none-eabi/lib/thumb/v7e-m/fpv4-sp/hard/libc_nano.a(lib_a-locale.o)
                0x000000000000f760                _setlocale_r
                0x000000000000f7a0                __locale_mb_cur_max
                0x000000000000f7bc                __locale_ctype_ptr_l
                0x000000000000f7c4                __locale_ctype_ptr
                0x000000000000f7e0                setlocale
 .text          0x000000000000f7f0       0x50 /usr/lib/gcc/arm-none-eabi/7.3.1/../../../arm-none-eabi/lib/thumb/v7e-m/fpv4-sp/hard/libc_nano.a(lib_a-mbtowc_r.o)
                0x000000000000f7f0                _mbtowc_r
                0x000000000000f814                __ascii_mbtowc
 .text          0x000000000000f840      0x134 /usr/lib/gcc/arm-none-eabi/7.3.1/../../../arm-none-eabi/lib/thumb/v7e-m/fpv4-sp/hard/libc_nano.a(lib_a-memcpy.o)
                0x000000000000f840                memcpy
 .text          0x000000000000f974       0x94 /usr/lib/gcc/arm-none-eabi/7.3.1/../../../arm-none-eabi/lib/thumb/v7e-m/fpv4-sp/hard/libc_nano.a(lib_a-memset.o)
                0x000000000000f974                memset
 *fill*         0x000000000000fa08       0x18 
 .text          0x000000000000fa20      0x2dc /usr/lib/gcc/arm-none-eabi/7.3.1/../../../arm-none-eabi/lib/thumb/v7e-m/fpv4-sp/hard/libc_nano.a(lib_a-strcmp.o)
                0x000000000000fa28                strcmp
 *fill*         0x000000000000fcfc        0x4 
 .text          0x000000000000fd00       0xdc /usr/lib/gcc/arm-none-eabi/7.3.1/../../../arm-none-eabi/lib/thumb/v7e-m/fpv4-sp/hard/libc_nano.a(lib_a-strlen.o)
                0x000000000000fd00                strlen
 .text          0x000000000000fddc       0x98 /usr/lib/gcc/arm-none-eabi/7.3.1/../../../arm-none-eabi/lib/thumb/v7e-m/fpv4-sp/hard/libc_nano.a(lib_a-strncmp.o)
                0x000000000000fddc                strncmp
 .text          0x000000000000fe74       0x40 /usr/lib/gcc/arm-none-eabi/7.3.1/../../../arm-none-eabi/lib/thumb/v7e-m/fpv4-sp/hard/libc_nano.a(lib_a-wctomb_r.o)
                0x000000000000fe74                _wctomb_r
                0x000000000000fe98                __ascii_wctomb
 .text          0x000000000000feb4       0xa4 /usr/lib/gcc/arm-none-eabi/7.3.1/../../../arm-none-eabi/lib/thumb/v7e-m/fpv4-sp/hard/libc_nano.a(lib_a-__atexit.o)
                0x000000000000feb4                __register_exitproc
 .text          0x000000000000ff58       0xa4 /usr/lib/gcc/arm-none-eabi/7.3.1/../../../arm-none-eabi/lib/thumb/v7e-m/fpv4-sp/hard/libc_nano.a(lib_a-__call_atexit.o)
                0x000000000000ff58                __call_exitprocs
 .text          0x000000000000fffc        0x4 /usr/lib/gcc/arm-none-eabi/7.3.1/../../../arm-none-eabi/lib/thumb/v7e-m/fpv4-sp/hard/libnosys.a(_exit.o)
                0x000000000000fffc                _exit
 .text          0x0000000000010000       0x30 /usr/lib/gcc/arm-none-eabi/7.3.1/thumb/v7e-m/fpv4-sp/hard/libgcc.a(_aeabi_uldivmod.o)
                0x0000000000010000                __aeabi_uldivmod
 .text          0x0000000000010030      0x2cc /usr/lib/gcc/arm-none-eabi/7.3.1/thumb/v7e-m/fpv4-sp/hard/libgcc.a(_udivmoddi4.o)
                0x0000000000010030                __udivmoddi4
 .text          0x00000000000102fc        0x4 /usr/lib/gcc/arm-none-eabi/7.3.1/thumb/v7e-m/fpv4-sp/hard/libgcc.a(_dvmd_tls.o)
                0x00000000000102fc                __aeabi_ldiv0
                0x00000000000102fc                __aeabi_idiv0
 *(.init)
 .init          0x0000000000010300        0x4 /usr/lib/gcc/arm-none-eabi/7.3.1/thumb/v7e-m/fpv4-sp/hard/crti.o
                0x0000000000010300                _init
 .init          0x0000000000010304        0x8 /usr/lib/gcc/arm-none-eabi/7.3.1/thumb/v7e-m/fpv4-sp/hard/crtn.o
 *(.fini)
 .fini          0x000000000001030c        0x4 /usr/lib/gcc/arm-none-eabi/7.3.1/thumb/v7e-m/fpv4-sp/hard/crti.o
                0x000000000001030c                _fini
 .fini          0x0000000000010310        0x8 /usr/lib/gcc/arm-none-eabi/7.3.1/thumb/v7e-m/fpv4-sp/hard/crtn.o
 *crtbegin.o(.ctors)
 *crtbegin?.o(.ctors)
 *(EXCLUDE_FILE(*crtend.o *crtend?.o) .ctors)
 *(SORT(.ctors.*))
 *(.ctors)
 *crtbegin.o(.dtors)
 *crtbegin?.o(.dtors)
 *(EXCLUDE_FILE(*crtend.o *crtend?.o) .dtors)
 *(SORT(.dtors.*))
 *(.dtors)
 *(.rodata*)
 .rodata        0x0000000000010318       0x20 _build/nrf52840_xxaa/nrf_log_backend_uart.c.o
 .rodata.nrf_log_backend_uart_api
                0x0000000000010338        0xc _build/nrf52840_xxaa/nrf_log_backend_uart.c.o
                0x0000000000010338                nrf_log_backend_uart_api
 .rodata.serial_tx.str1.4
                0x0000000000010344       0x46 _build/nrf52840_xxaa/nrf_log_backend_uart.c.o
 *fill*         0x000000000001038a        0x2 
 .rodata.str1.4
                0x000000000001038c       0x11 _build/nrf52840_xxaa/nrf_log_default_backends.c.o
 *fill*         0x000000000001039d        0x3 
 .rodata.log_backend_ctrl.str1.4
                0x00000000000103a0       0x95 _build/nrf52840_xxaa/nrf_log_frontend.c.o
 *fill*         0x0000000000010435        0x3 
 .rodata.log_backend_halt.str1.4
                0x0000000000010438       0x16 _build/nrf52840_xxaa/nrf_log_frontend.c.o
 *fill*         0x000000000001044e        0x2 
 .rodata.log_cmd.str1.4
                0x0000000000010450       0x21 _build/nrf52840_xxaa/nrf_log_frontend.c.o
 *fill*         0x0000000000010471        0x3 
 .rodata.log_cmd_backends_list.str1.4
                0x0000000000010474       0x55 _build/nrf52840_xxaa/nrf_log_frontend.c.o
 *fill*         0x00000000000104c9        0x3 
 .rodata.log_config_load_cmd.str1.4
                0x00000000000104cc       0x11 _build/nrf52840_xxaa/nrf_log_frontend.c.o
 *fill*         0x00000000000104dd        0x3 
 .rodata.log_skip.str1.4
                0x00000000000104e0       0x42 _build/nrf52840_xxaa/nrf_log_frontend.c.o
 *fill*         0x0000000000010522        0x2 
 .rodata.log_status.str1.4
                0x0000000000010524       0xa2 _build/nrf52840_xxaa/nrf_log_frontend.c.o
                                         0xa6 (size before relaxing)
 *fill*         0x00000000000105c6        0x2 
 .rodata.m_backend_name_dynamic
                0x00000000000105c8        0x8 _build/nrf52840_xxaa/nrf_log_frontend.c.o
 .rodata.m_log_push_ringbuf
                0x00000000000105d0        0xc _build/nrf52840_xxaa/nrf_log_frontend.c.o
 .rodata.m_module_name
                0x00000000000105dc        0x8 _build/nrf52840_xxaa/nrf_log_frontend.c.o
 .rodata.m_severity_lvl
                0x00000000000105e4        0x8 _build/nrf52840_xxaa/nrf_log_frontend.c.o
 .rodata.m_severity_lvls
                0x00000000000105ec       0x14 _build/nrf52840_xxaa/nrf_log_frontend.c.o
 .rodata.m_severity_lvls_sorted
                0x0000000000010600       0x14 _build/nrf52840_xxaa/nrf_log_frontend.c.o
 .rodata.m_sub_log_backend
                0x0000000000010614        0x8 _build/nrf52840_xxaa/nrf_log_frontend.c.o
 .rodata.m_sub_log_backend_raw
                0x000000000001061c       0x60 _build/nrf52840_xxaa/nrf_log_frontend.c.o
 .rodata.m_sub_log_config
                0x000000000001067c        0x8 _build/nrf52840_xxaa/nrf_log_frontend.c.o
 .rodata.m_sub_log_config_raw
                0x0000000000010684       0x30 _build/nrf52840_xxaa/nrf_log_frontend.c.o
 .rodata.m_sub_log_stat
                0x00000000000106b4        0x8 _build/nrf52840_xxaa/nrf_log_frontend.c.o
 .rodata.m_sub_log_stat_raw
                0x00000000000106bc       0x90 _build/nrf52840_xxaa/nrf_log_frontend.c.o
 .rodata.nrf_cli_log_raw
                0x000000000001074c       0x10 _build/nrf52840_xxaa/nrf_log_frontend.c.o
                0x000000000001074c                nrf_cli_log_raw
 .rodata.nrf_log_frontend_dequeue.part.12.str1.4
                0x000000000001075c       0x11 _build/nrf52840_xxaa/nrf_log_frontend.c.o
 *fill*         0x000000000001076d        0x3 
 .rodata.str1.4
                0x0000000000010770      0x27b _build/nrf52840_xxaa/nrf_log_frontend.c.o
                                        0x283 (size before relaxing)
 *fill*         0x00000000000109eb        0x1 
 .rodata.m_colors
                0x00000000000109ec       0x24 _build/nrf52840_xxaa/nrf_log_str_formatter.c.o
 .rodata.nrf_log_hexdump_entry_process.str1.4
                0x0000000000010a10       0x13 _build/nrf52840_xxaa/nrf_log_str_formatter.c.o
                                         0x16 (size before relaxing)
 *fill*         0x0000000000010a23        0x1 
 .rodata.nrf_log_std_entry_process.str1.4
                0x0000000000010a24       0x32 _build/nrf52840_xxaa/nrf_log_str_formatter.c.o
                                         0x3b (size before relaxing)
 *fill*         0x0000000000010a56        0x2 
 .rodata.severity_names
                0x0000000000010a58       0x14 _build/nrf52840_xxaa/nrf_log_str_formatter.c.o
 .rodata.str1.4
                0x0000000000010a6c       0x38 _build/nrf52840_xxaa/nrf_log_str_formatter.c.o
                                         0x56 (size before relaxing)
 .rodata.bsp_board_led_state_get.str1.4
                0x0000000000010aa4       0x5e _build/nrf52840_xxaa/boards.c.o
 *fill*         0x0000000000010b02        0x2 
 .rodata.m_board_led_list
                0x0000000000010b04        0x3 _build/nrf52840_xxaa/boards.c.o
 *fill*         0x0000000000010b07        0x1 
 .rodata.app_button_enable.str1.4
                0x0000000000010b08       0x3b _build/nrf52840_xxaa/app_button.c.o
 *fill*         0x0000000000010b43        0x1 
 .rodata.m_detection_delay_timer_id
                0x0000000000010b44        0x4 _build/nrf52840_xxaa/app_button.c.o
 .rodata.app_error_fault_handler.str1.4
                0x0000000000010b48       0x70 _build/nrf52840_xxaa/app_error_weak.c.o
 *fill*         0x0000000000010bb8        0x8 
 .rodata.delay_bytecode.8546
                0x0000000000010bc0        0x6 _build/nrf52840_xxaa/app_timer.c.o
 *fill*         0x0000000000010bc6        0x2 
 .rodata.CSWTCH.77
                0x0000000000010bc8        0x7 _build/nrf52840_xxaa/app_usbd.c.o
 *fill*         0x0000000000010bcf        0x1 
 .rodata.app_usbd_hfclk_ready.str1.4
                0x0000000000010bd0       0x37 _build/nrf52840_xxaa/app_usbd.c.o
 *fill*         0x0000000000010c07        0x1 
 .rodata.config.10679
                0x0000000000010c08        0x4 _build/nrf52840_xxaa/app_usbd.c.o
 .rodata.ev.10572
                0x0000000000010c0c        0x4 _build/nrf52840_xxaa/app_usbd.c.o
 .rodata.ev.10575
                0x0000000000010c10        0x4 _build/nrf52840_xxaa/app_usbd.c.o
 .rodata.ev.10577
                0x0000000000010c14        0x4 _build/nrf52840_xxaa/app_usbd.c.o
 .rodata.event_setaddress.10560
                0x0000000000010c18        0x4 _build/nrf52840_xxaa/app_usbd.c.o
 .rodata.evt_data.10585
                0x0000000000010c1c        0x1 _build/nrf52840_xxaa/app_usbd.c.o
 *fill*         0x0000000000010c1d        0x3 
 .rodata.evt_data.10703
                0x0000000000010c20        0x1 _build/nrf52840_xxaa/app_usbd.c.o
 *fill*         0x0000000000010c21        0x3 
 .rodata.evt_data.10723
                0x0000000000010c24        0x1 _build/nrf52840_xxaa/app_usbd.c.o
 *fill*         0x0000000000010c25        0x3 
 .rodata.evt_data.10726
                0x0000000000010c28        0x1 _build/nrf52840_xxaa/app_usbd.c.o
 *fill*         0x0000000000010c29        0x3 
 .rodata.evt_data.10736
                0x0000000000010c2c        0x1 _build/nrf52840_xxaa/app_usbd.c.o
 *fill*         0x0000000000010c2d        0x3 
 .rodata.evt_data.10745
                0x0000000000010c30        0x1 _build/nrf52840_xxaa/app_usbd.c.o
 *fill*         0x0000000000010c31        0x3 
 .rodata.str1.4
                0x0000000000010c34       0x21 _build/nrf52840_xxaa/app_usbd.c.o
 *fill*         0x0000000000010c55        0x3 
 .rodata.app_usbd_core_inst
                0x0000000000010c58       0x10 _build/nrf52840_xxaa/app_usbd_core.c.o
                0x0000000000010c58                app_usbd_core_inst
 .rodata.evt_data.9754
                0x0000000000010c68        0x1 _build/nrf52840_xxaa/app_usbd_core.c.o
 *fill*         0x0000000000010c69        0x3 
 .rodata.m_configuration_dsc
                0x0000000000010c6c        0x9 _build/nrf52840_xxaa/app_usbd_core.c.o
 *fill*         0x0000000000010c75        0x3 
 .rodata.m_core_methods
                0x0000000000010c78       0x14 _build/nrf52840_xxaa/app_usbd_core.c.o
 .rodata.m_device_dsc
                0x0000000000010c8c       0x12 _build/nrf52840_xxaa/app_usbd_core.c.o
 *fill*         0x0000000000010c9e        0x2 
 .rodata.m_setup_data_handler_empty_desc
                0x0000000000010ca0        0x8 _build/nrf52840_xxaa/app_usbd_core.c.o
 .rodata.str1.4
                0x0000000000010ca8        0xe _build/nrf52840_xxaa/app_usbd_core.c.o
 *fill*         0x0000000000010cb6        0x2 
 .rodata.usbd_descriptor_conf_feeder.str1.4
                0x0000000000010cb8       0x74 _build/nrf52840_xxaa/app_usbd_core.c.o
 .rodata.usbd_descriptor_feeder_desc
                0x0000000000010d2c        0x8 _build/nrf52840_xxaa/app_usbd_core.c.o
 .rodata.app_usbd_hid_event_handler.str1.4
                0x0000000000010d34       0x45 _build/nrf52840_xxaa/app_usbd_hid.c.o
 *fill*         0x0000000000010d79        0x3 
 .rodata.app_usbd_generic_class_methods
                0x0000000000010d7c       0x14 _build/nrf52840_xxaa/app_usbd_hid_generic.c.o
                0x0000000000010d7c                app_usbd_generic_class_methods
 .rodata.app_usbd_hid_generic_methods
                0x0000000000010d90       0x20 _build/nrf52840_xxaa/app_usbd_hid_generic.c.o
                0x0000000000010d90                app_usbd_hid_generic_methods
 .rodata.hid_generic_feed_descriptors.str1.4
                0x0000000000010db0       0x9a _build/nrf52840_xxaa/app_usbd_hid_generic.c.o
 *fill*         0x0000000000010e4a        0x2 
 .rodata.hid_generic_on_set_report.str1.4
                0x0000000000010e4c       0x45 _build/nrf52840_xxaa/app_usbd_hid_generic.c.o
 *fill*         0x0000000000010e91        0x3 
 .rodata.__compound_literal.1
                0x0000000000010e94        0x6 _build/nrf52840_xxaa/app_usbd_string_desc.c.o
 *fill*         0x0000000000010e9a        0x2 
 .rodata.__compound_literal.2
                0x0000000000010e9c       0x15 _build/nrf52840_xxaa/app_usbd_string_desc.c.o
 *fill*         0x0000000000010eb1        0x3 
 .rodata.__compound_literal.3
                0x0000000000010eb4       0x1b _build/nrf52840_xxaa/app_usbd_string_desc.c.o
 *fill*         0x0000000000010ecf        0x1 
 .rodata.__compound_literal.4
                0x0000000000010ed0        0xd _build/nrf52840_xxaa/app_usbd_string_desc.c.o
 *fill*         0x0000000000010edd        0x3 
 .rodata.__compound_literal.5
                0x0000000000010ee0       0x16 _build/nrf52840_xxaa/app_usbd_string_desc.c.o
 *fill*         0x0000000000010ef6        0x2 
 .rodata.__compound_literal.6
                0x0000000000010ef8        0x7 _build/nrf52840_xxaa/app_usbd_string_desc.c.o
 *fill*         0x0000000000010eff        0x1 
 .rodata.app_usbd_string_desc_get.str1.4
                0x0000000000010f00       0x43 _build/nrf52840_xxaa/app_usbd_string_desc.c.o
 *fill*         0x0000000000010f43        0x1 
 .rodata.m_string_dsc
                0x0000000000010f44       0x18 _build/nrf52840_xxaa/app_usbd_string_desc.c.o
 .rodata.m_string_translation
                0x0000000000010f5c        0x6 _build/nrf52840_xxaa/app_usbd_string_desc.c.o
 *fill*         0x0000000000010f62        0x2 
 .rodata.app_util_critical_region_enter.str1.4
                0x0000000000010f64       0x40 _build/nrf52840_xxaa/app_util_platform.c.o
 .rodata.HardFault_c_handler.str1.4
                0x0000000000010fa4      0x136 _build/nrf52840_xxaa/hardfault_implementation.c.o
 *fill*         0x00000000000110da        0x2 
 .rodata.cfsr_msgs.8748
                0x00000000000110dc       0x68 _build/nrf52840_xxaa/hardfault_implementation.c.o
 .rodata.str1.4
                0x0000000000011144      0x4de _build/nrf52840_xxaa/hardfault_implementation.c.o
 *fill*         0x0000000000011622        0x2 
 .rodata.nrf_balloc_commands
                0x0000000000011624        0x8 _build/nrf52840_xxaa/nrf_balloc.c.o
 .rodata.nrf_balloc_commands_raw
                0x000000000001162c       0x20 _build/nrf52840_xxaa/nrf_balloc.c.o
 .rodata.nrf_balloc_init.str1.4
                0x000000000001164c       0x3b _build/nrf52840_xxaa/nrf_balloc.c.o
 *fill*         0x0000000000011687        0x1 
 .rodata.nrf_balloc_status.str1.4
                0x0000000000011688       0xa2 _build/nrf52840_xxaa/nrf_balloc.c.o
 *fill*         0x000000000001172a        0x2 
 .rodata.nrf_cli_balloc_raw
                0x000000000001172c       0x10 _build/nrf52840_xxaa/nrf_balloc.c.o
                0x000000000001172c                nrf_cli_balloc_raw
 .rodata.str1.4
                0x000000000001173c       0x4a _build/nrf52840_xxaa/nrf_balloc.c.o
                                         0x52 (size before relaxing)
 .rodata.char_insert.str1.4
                0x0000000000011786        0x3 _build/nrf52840_xxaa/nrf_cli.c.o
 *fill*         0x0000000000011786        0x2 
 .rodata.cli_transport_evt_handler.str1.4
                0x0000000000011788       0x35 _build/nrf52840_xxaa/nrf_cli.c.o
 *fill*         0x00000000000117bd        0x3 
 .rodata.cmd.9347
                0x00000000000117c0        0x3 _build/nrf52840_xxaa/nrf_cli.c.o
 *fill*         0x00000000000117c3        0x1 
 .rodata.cmd.9416
                0x00000000000117c4        0x4 _build/nrf52840_xxaa/nrf_cli.c.o
 .rodata.cmd.9828
                0x00000000000117c8        0x4 _build/nrf52840_xxaa/nrf_cli.c.o
 .rodata.cmd.9829
                0x00000000000117cc        0x5 _build/nrf52840_xxaa/nrf_cli.c.o
 *fill*         0x00000000000117d1        0x3 
 .rodata.cmd.9898
                0x00000000000117d4        0x6 _build/nrf52840_xxaa/nrf_cli.c.o
 *fill*         0x00000000000117da        0x2 
 .rodata.cmd_get_terminal_size.9390
                0x00000000000117dc        0x5 _build/nrf52840_xxaa/nrf_cli.c.o
 *fill*         0x00000000000117e1        0x3 
 .rodata.cmd_sep.9755
                0x00000000000117e4        0x4 _build/nrf52840_xxaa/nrf_cli.c.o
 .rodata.cursor_end_position_move.str1.4
                0x00000000000117e8       0x16 _build/nrf52840_xxaa/nrf_cli.c.o
 *fill*         0x00000000000117fe        0x2 
 .rodata.cursor_home_position_move.str1.4
                0x0000000000011800        0x6 _build/nrf52840_xxaa/nrf_cli.c.o
 *fill*         0x0000000000011806        0xa 
 .rodata.delay_bytecode.9027
                0x0000000000011810        0x6 _build/nrf52840_xxaa/nrf_cli.c.o
 *fill*         0x0000000000011816        0x2 
 .rodata.help.9754
                0x0000000000011818        0xb _build/nrf52840_xxaa/nrf_cli.c.o
 *fill*         0x0000000000011823        0x1 
 .rodata.m_sub_cli
                0x0000000000011824        0x8 _build/nrf52840_xxaa/nrf_cli.c.o
 .rodata.m_sub_cli_raw
                0x000000000001182c       0x40 _build/nrf52840_xxaa/nrf_cli.c.o
 .rodata.m_sub_cli_stats
                0x000000000001186c        0x8 _build/nrf52840_xxaa/nrf_cli.c.o
 .rodata.m_sub_cli_stats_raw
                0x0000000000011874       0x30 _build/nrf52840_xxaa/nrf_cli.c.o
 .rodata.m_sub_colors
                0x00000000000118a4        0x8 _build/nrf52840_xxaa/nrf_cli.c.o
 .rodata.m_sub_colors_raw
                0x00000000000118ac       0x30 _build/nrf52840_xxaa/nrf_cli.c.o
 .rodata.m_sub_echo
                0x00000000000118dc        0x8 _build/nrf52840_xxaa/nrf_cli.c.o
 .rodata.m_sub_echo_raw
                0x00000000000118e4       0x30 _build/nrf52840_xxaa/nrf_cli.c.o
 .rodata.m_sub_resize
                0x0000000000011914        0x8 _build/nrf52840_xxaa/nrf_cli.c.o
 .rodata.m_sub_resize_raw
                0x000000000001191c       0x20 _build/nrf52840_xxaa/nrf_cli.c.o
 .rodata.nrf_cli_clear_raw
                0x000000000001193c       0x10 _build/nrf52840_xxaa/nrf_cli.c.o
                0x000000000001193c                nrf_cli_clear_raw
 .rodata.nrf_cli_cli_raw
                0x000000000001194c       0x10 _build/nrf52840_xxaa/nrf_cli.c.o
                0x000000000001194c                nrf_cli_cli_raw
 .rodata.nrf_cli_cmd_cli_stats_show.str1.4
                0x000000000001195c       0x39 _build/nrf52840_xxaa/nrf_cli.c.o
 *fill*         0x0000000000011995        0x3 
 .rodata.nrf_cli_cmd_echo.str1.4
                0x0000000000011998       0x16 _build/nrf52840_xxaa/nrf_cli.c.o
                                         0x1a (size before relaxing)
 *fill*         0x00000000000119ae        0x2 
 .rodata.nrf_cli_cmd_history.str1.4
                0x00000000000119b0        0xb _build/nrf52840_xxaa/nrf_cli.c.o
 *fill*         0x00000000000119bb        0x1 
 .rodata.nrf_cli_cmd_resize.str1.4
                0x00000000000119bc       0x58 _build/nrf52840_xxaa/nrf_cli.c.o
                                         0x79 (size before relaxing)
 .rodata.nrf_cli_fprintf.constprop.50.str1.4
                0x0000000000011a14        0x3 _build/nrf52840_xxaa/nrf_cli.c.o
 .rodata.nrf_cli_help_print.constprop.46.str1.4
                0x0000000000011a14       0x37 _build/nrf52840_xxaa/nrf_cli.c.o
                                         0x3f (size before relaxing)
 *fill*         0x0000000000011a4b        0x1 
 .rodata.nrf_cli_help_print.str1.4
                0x0000000000011a4c        0x9 _build/nrf52840_xxaa/nrf_cli.c.o
 *fill*         0x0000000000011a55        0x3 
 .rodata.nrf_cli_history_raw
                0x0000000000011a58       0x10 _build/nrf52840_xxaa/nrf_cli.c.o
                0x0000000000011a58                nrf_cli_history_raw
 .rodata.nrf_cli_process.str1.4
                0x0000000000011a68       0xa1 _build/nrf52840_xxaa/nrf_cli.c.o
 *fill*         0x0000000000011b09        0x3 
 .rodata.nrf_cli_resize_raw
                0x0000000000011b0c       0x10 _build/nrf52840_xxaa/nrf_cli.c.o
                0x0000000000011b0c                nrf_cli_resize_raw
 .rodata.opt_sep.9753
                0x0000000000011b1c        0x3 _build/nrf52840_xxaa/nrf_cli.c.o
 *fill*         0x0000000000011b1f        0x1 
 .rodata.str1.4
                0x0000000000011b20      0x2ab _build/nrf52840_xxaa/nrf_cli.c.o
 *fill*         0x0000000000011dcb        0x1 
 .rodata.str1.4
                0x0000000000011dcc        0x9 _build/nrf52840_xxaa/nrf_cli_uart.c.o
 *fill*         0x0000000000011dd5        0x3 
 .rodata.nrf_fprintf_buffer_flush.str1.4
                0x0000000000011dd8       0x31 _build/nrf52840_xxaa/nrf_fprintf.c.o
 *fill*         0x0000000000011e09        0x3 
 .rodata._aV2C.7636
                0x0000000000011e0c       0x10 _build/nrf52840_xxaa/nrf_fprintf_format.c.o
 .rodata.nrf_fprintf_fmt.str1.4
                0x0000000000011e1c       0x38 _build/nrf52840_xxaa/nrf_fprintf_format.c.o
 .rodata.nrf_memobj_write.str1.4
                0x0000000000011e54       0x3b _build/nrf52840_xxaa/nrf_memobj.c.o
 *fill*         0x0000000000011e8f        0x1 
 .rodata.str1.4
                0x0000000000011e90        0x9 _build/nrf52840_xxaa/nrf_pwr_mgmt.c.o
 *fill*         0x0000000000011e99        0x3 
 .rodata.nrf_cli_queue_raw
                0x0000000000011e9c       0x10 _build/nrf52840_xxaa/nrf_queue.c.o
                0x0000000000011e9c                nrf_cli_queue_raw
 .rodata.nrf_queue_commands
                0x0000000000011eac        0x8 _build/nrf52840_xxaa/nrf_queue.c.o
 .rodata.nrf_queue_commands_raw
                0x0000000000011eb4       0x20 _build/nrf52840_xxaa/nrf_queue.c.o
 .rodata.nrf_queue_is_full.str1.4
                0x0000000000011ed4       0x39 _build/nrf52840_xxaa/nrf_queue.c.o
 *fill*         0x0000000000011f0d        0x3 
 .rodata.nrf_queue_status.str1.4
                0x0000000000011f10       0x94 _build/nrf52840_xxaa/nrf_queue.c.o
                                         0xa8 (size before relaxing)
 .rodata.str1.4
                0x0000000000011fa4       0x21 _build/nrf52840_xxaa/nrf_queue.c.o
                                         0x51 (size before relaxing)
 *fill*         0x0000000000011fc5        0x3 
 .rodata.m_unknown_str
                0x0000000000011fc8       0x13 _build/nrf52840_xxaa/nrf_strerror.c.o
 *fill*         0x0000000000011fdb        0x1 
 .rodata.nrf_strerror_array
                0x0000000000011fdc      0x118 _build/nrf52840_xxaa/nrf_strerror.c.o
 .rodata.str1.4
                0x00000000000120f4      0x3bd _build/nrf52840_xxaa/nrf_strerror.c.o
 *fill*         0x00000000000124b1        0x3 
 .rodata.nrf_drv_clock_uninit.str1.4
                0x00000000000124b4       0x3a _build/nrf52840_xxaa/nrf_drv_clock.c.o
 *fill*         0x00000000000124ee        0x2 
 .rodata.str1.4
                0x00000000000124f0        0x6 _build/nrf52840_xxaa/nrf_drv_clock.c.o
 *fill*         0x00000000000124f6        0x2 
 .rodata.m_drv_power_config_default
                0x00000000000124f8        0x1 _build/nrf52840_xxaa/nrf_drv_power.c.o
 *fill*         0x00000000000124f9        0x3 
 .rodata.nrf_drv_uart_init.str1.4
                0x00000000000124fc       0x39 _build/nrf52840_xxaa/nrf_drv_uart.c.o
 *fill*         0x0000000000012535        0xb 
 .rodata.delay_bytecode.8231
                0x0000000000012540        0x6 _build/nrf52840_xxaa/nrf_drv_usbd.c.o
 *fill*         0x0000000000012546        0x2 
 .rodata.epin_bitpos.9166
                0x0000000000012548        0x9 _build/nrf52840_xxaa/nrf_drv_usbd.c.o
 *fill*         0x0000000000012551        0x3 
 .rodata.epin_endev.9161
                0x0000000000012554       0x12 _build/nrf52840_xxaa/nrf_drv_usbd.c.o
 *fill*         0x0000000000012566        0x2 
 .rodata.epout_bitpos.9167
                0x0000000000012568        0x9 _build/nrf52840_xxaa/nrf_drv_usbd.c.o
 *fill*         0x0000000000012571        0x3 
 .rodata.epout_endev.9162
                0x0000000000012574       0x12 _build/nrf52840_xxaa/nrf_drv_usbd.c.o
 *fill*         0x0000000000012586        0x2 
 .rodata.m_isr  0x0000000000012588       0x64 _build/nrf52840_xxaa/nrf_drv_usbd.c.o
 .rodata.nrf_drv_usbd_consumer.str1.4
                0x00000000000125ec       0x3d _build/nrf52840_xxaa/nrf_drv_usbd.c.o
 *fill*         0x0000000000012629        0x3 
 .rodata.str1.4
                0x000000000001262c        0x5 _build/nrf52840_xxaa/nrf_drv_usbd.c.o
 *fill*         0x0000000000012631        0x3 
 .rodata.usbd_dmareq_process.part.4.str1.4
                0x0000000000012634       0x2e _build/nrf52840_xxaa/nrf_drv_usbd.c.o
 *fill*         0x0000000000012662        0x2 
 .rodata.nrfx_clock_init.str1.4
                0x0000000000012664       0x38 _build/nrf52840_xxaa/nrfx_clock.c.o
 .rodata.str1.4
                0x000000000001269c        0x6 _build/nrf52840_xxaa/nrfx_clock.c.o
 .rodata.nrfx_gpiote_out_init.str1.4
                0x00000000000126a2       0x2e _build/nrf52840_xxaa/nrfx_gpiote.c.o
 *fill*         0x00000000000126a2        0x2 
 .rodata.nrfx_gpiote_uninit.str1.4
                0x00000000000126a4       0x39 _build/nrf52840_xxaa/nrfx_gpiote.c.o
 *fill*         0x00000000000126dd        0x3 
 .rodata.str1.4
                0x00000000000126e0        0x7 _build/nrf52840_xxaa/nrfx_gpiote.c.o
 *fill*         0x00000000000126e7        0x1 
 .rodata.nrfx_power_init.str1.4
                0x00000000000126e8       0x38 _build/nrf52840_xxaa/nrfx_power.c.o
 .rodata.UARTE0_UART0_IRQHandler.str1.4
                0x0000000000012720       0x3a _build/nrf52840_xxaa/nrfx_prs.c.o
 *fill*         0x000000000001275a        0x2 
 .rodata.str1.4
                0x000000000001275c        0x4 _build/nrf52840_xxaa/nrfx_prs.c.o
 .rodata.nrfx_uart_init.str1.4
                0x0000000000012760       0x67 _build/nrf52840_xxaa/nrfx_uart.c.o
                                         0x97 (size before relaxing)
 *fill*         0x00000000000127c7        0x1 
 .rodata.str1.4
                0x00000000000127c8        0x5 _build/nrf52840_xxaa/nrfx_uart.c.o
 *fill*         0x00000000000127cd        0x3 
 .rodata.nrfx_uarte_init.str1.4
                0x00000000000127d0       0x38 _build/nrf52840_xxaa/nrfx_uarte.c.o
                                         0x97 (size before relaxing)
 .rodata.str1.4
                0x0000000000012808        0x6 _build/nrf52840_xxaa/nrfx_uarte.c.o
 *fill*         0x000000000001280e        0x2 
 .rodata.app_buttons
                0x0000000000012810        0x8 _build/nrf52840_xxaa/bsp.c.o
 .rodata.m_bsp_alert_tmr
                0x0000000000012818        0x4 _build/nrf52840_xxaa/bsp.c.o
 .rodata.m_bsp_button_tmr
                0x000000000001281c        0x4 _build/nrf52840_xxaa/bsp.c.o
 .rodata.m_bsp_leds_tmr
                0x0000000000012820        0x4 _build/nrf52840_xxaa/bsp.c.o
 .rodata        0x0000000000012824       0x2c _build/nrf52840_xxaa/main.c.o
 .rodata.hid_user_ev_handler.str1.4
                0x0000000000012850       0x21 _build/nrf52840_xxaa/main.c.o
 *fill*         0x0000000000012871        0x3 
 .rodata.m_app_hid_generic
                0x0000000000012874       0x34 _build/nrf52840_xxaa/main.c.o
                0x0000000000012874                m_app_hid_generic
 .rodata.m_app_hid_generic_out
                0x00000000000128a8        0x8 _build/nrf52840_xxaa/main.c.o
                0x00000000000128a8                m_app_hid_generic_out
 .rodata.main.str1.4
                0x00000000000128b0       0x10 _build/nrf52840_xxaa/main.c.o
 .rodata.raw_desc
                0x00000000000128c0        0xc _build/nrf52840_xxaa/main.c.o
 .rodata.raw_desc_data
                0x00000000000128cc       0x22 _build/nrf52840_xxaa/main.c.o
 *fill*         0x00000000000128ee        0x2 
 .rodata.str1.4
                0x00000000000128f0       0x36 _build/nrf52840_xxaa/main.c.o
 *fill*         0x0000000000012926        0x2 
 .rodata.usbd_config.12097
                0x0000000000012928        0xc _build/nrf52840_xxaa/main.c.o
 .rodata.usbd_user_ev_handler.str1.4
                0x0000000000012934       0x32 _build/nrf52840_xxaa/main.c.o
 *fill*         0x0000000000012966        0x2 
 .rodata        0x0000000000012968        0x4 /usr/lib/gcc/arm-none-eabi/7.3.1/../../../arm-none-eabi/lib/thumb/v7e-m/fpv4-sp/hard/libc_nano.a(lib_a-impure.o)
                0x0000000000012968                _global_impure_ptr
 .rodata.str1.4
                0x000000000001296c        0x8 /usr/lib/gcc/arm-none-eabi/7.3.1/../../../arm-none-eabi/lib/thumb/v7e-m/fpv4-sp/hard/libc_nano.a(lib_a-locale.o)
                                         0x12 (size before relaxing)
 .rodata        0x0000000000012974      0x101 /usr/lib/gcc/arm-none-eabi/7.3.1/../../../arm-none-eabi/lib/thumb/v7e-m/fpv4-sp/hard/libc_nano.a(lib_a-ctype_.o)
                0x0000000000012974                _ctype_
 *(.eh_frame*)
 *fill*         0x0000000000012a75        0x3 
 .eh_frame      0x0000000000012a78        0x0 /usr/lib/gcc/arm-none-eabi/7.3.1/thumb/v7e-m/fpv4-sp/hard/crtbegin.o
 .eh_frame      0x0000000000012a78        0x4 /usr/lib/gcc/arm-none-eabi/7.3.1/thumb/v7e-m/fpv4-sp/hard/crtend.o

.glue_7         0x0000000000012a7c        0x0
 .glue_7        0x0000000000012a7c        0x0 linker stubs

.glue_7t        0x0000000000012a7c        0x0
 .glue_7t       0x0000000000012a7c        0x0 linker stubs

.vfp11_veneer   0x0000000000012a7c        0x0
 .vfp11_veneer  0x0000000000012a7c        0x0 linker stubs

.v4_bx          0x0000000000012a7c        0x0
 .v4_bx         0x0000000000012a7c        0x0 linker stubs

.iplt           0x0000000000012a7c        0x0
 .iplt          0x0000000000012a7c        0x0 /usr/lib/gcc/arm-none-eabi/7.3.1/thumb/v7e-m/fpv4-sp/hard/crtbegin.o

.mem_section_dummy_rom

.nrf_queue      0x0000000000012a7c       0x1c
                0x0000000000012a7c                PROVIDE (__start_nrf_queue, .)
 *(.nrf_queue)
 .nrf_queue     0x0000000000012a7c       0x1c _build/nrf52840_xxaa/main.c.o
                0x0000000000012a7c                m_app_hid_generic_queue
                0x0000000000012a98                PROVIDE (__stop_nrf_queue, .)

.log_const_data
                0x0000000000012a98       0x80
                0x0000000000012a98                PROVIDE (__start_log_const_data, .)
 *(SORT(.log_const_data*))
 .log_const_data_CLOCK
                0x0000000000012a98        0x8 _build/nrf52840_xxaa/nrfx_clock.c.o
                0x0000000000012a98                m_nrf_log_CLOCK_logs_data_const
 .log_const_data_GPIOTE
                0x0000000000012aa0        0x8 _build/nrf52840_xxaa/nrfx_gpiote.c.o
                0x0000000000012aa0                m_nrf_log_GPIOTE_logs_data_const
 .log_const_data_PRS
                0x0000000000012aa8        0x8 _build/nrf52840_xxaa/nrfx_prs.c.o
                0x0000000000012aa8                m_nrf_log_PRS_logs_data_const
 .log_const_data_UART
                0x0000000000012ab0        0x8 _build/nrf52840_xxaa/nrfx_uart.c.o
                0x0000000000012ab0                m_nrf_log_UART_logs_data_const
 .log_const_data_UARTE
                0x0000000000012ab8        0x8 _build/nrf52840_xxaa/nrfx_uarte.c.o
                0x0000000000012ab8                m_nrf_log_UARTE_logs_data_const
 .log_const_data_USBD
                0x0000000000012ac0        0x8 _build/nrf52840_xxaa/nrf_drv_usbd.c.o
                0x0000000000012ac0                m_nrf_log_USBD_logs_data_const
 .log_const_data_app
                0x0000000000012ac8        0x8 _build/nrf52840_xxaa/nrf_log_frontend.c.o
                0x0000000000012ac8                m_nrf_log_app_logs_data_const
 .log_const_data_app_usbd
                0x0000000000012ad0        0x8 _build/nrf52840_xxaa/app_usbd.c.o
                0x0000000000012ad0                m_nrf_log_app_usbd_logs_data_const
 .log_const_data_app_usbd_core
                0x0000000000012ad8        0x8 _build/nrf52840_xxaa/app_usbd_core.c.o
                0x0000000000012ad8                m_nrf_log_app_usbd_core_logs_data_const
 .log_const_data_atfifo_m_event_queue
                0x0000000000012ae0        0x8 _build/nrf52840_xxaa/app_usbd.c.o
                0x0000000000012ae0                m_nrf_log_atfifo_m_event_queue_logs_data_const
 .log_const_data_balloc_log_mempool
                0x0000000000012ae8        0x8 _build/nrf52840_xxaa/nrf_log_frontend.c.o
                0x0000000000012ae8                m_nrf_log_balloc_log_mempool_logs_data_const
 .log_const_data_cli_uart
                0x0000000000012af0        0x8 _build/nrf52840_xxaa/nrf_cli_uart.c.o
                0x0000000000012af0                m_nrf_log_cli_uart_logs_data_const
 .log_const_data_clock
                0x0000000000012af8        0x8 _build/nrf52840_xxaa/nrf_drv_clock.c.o
                0x0000000000012af8                m_nrf_log_clock_logs_data_const
 .log_const_data_hardfault
                0x0000000000012b00        0x8 _build/nrf52840_xxaa/hardfault_implementation.c.o
                0x0000000000012b00                m_nrf_log_hardfault_logs_data_const
 .log_const_data_pwr_mgmt
                0x0000000000012b08        0x8 _build/nrf52840_xxaa/nrf_pwr_mgmt.c.o
                0x0000000000012b08                m_nrf_log_pwr_mgmt_logs_data_const
 .log_const_data_queue_m_app_hid_generic_queue
                0x0000000000012b10        0x8 _build/nrf52840_xxaa/main.c.o
                0x0000000000012b10                m_nrf_log_queue_m_app_hid_generic_queue_logs_data_const
                0x0000000000012b18                PROVIDE (__stop_log_const_data, .)

.log_backends   0x0000000000012b18       0x10
                0x0000000000012b18                PROVIDE (__start_log_backends, .)
 *(SORT(.log_backends*))
 .log_backends  0x0000000000012b18       0x10 _build/nrf52840_xxaa/nrf_log_default_backends.c.o
                0x0000000000012b28                PROVIDE (__stop_log_backends, .)

.cli_command    0x0000000000012b28       0x38
                0x0000000000012b28                PROVIDE (__start_cli_command, .)
 *(.cli_command)
 .cli_command   0x0000000000012b28        0x8 _build/nrf52840_xxaa/nrf_log_frontend.c.o
                0x0000000000012b28                nrf_cli_log_const
 .cli_command   0x0000000000012b30        0x8 _build/nrf52840_xxaa/nrf_balloc.c.o
                0x0000000000012b30                nrf_cli_balloc_const
 .cli_command   0x0000000000012b38       0x20 _build/nrf52840_xxaa/nrf_cli.c.o
                0x0000000000012b38                nrf_cli_resize_const
                0x0000000000012b40                nrf_cli_history_const
                0x0000000000012b48                nrf_cli_cli_const
                0x0000000000012b50                nrf_cli_clear_const
 .cli_command   0x0000000000012b58        0x8 _build/nrf52840_xxaa/nrf_queue.c.o
                0x0000000000012b58                nrf_cli_queue_const
                0x0000000000012b60                PROVIDE (__stop_cli_command, .)

.pwr_mgmt_data  0x0000000000012b60        0x0
                0x0000000000012b60                PROVIDE (__start_pwr_mgmt_data, .)
 *(SORT(.pwr_mgmt_data*))
                0x0000000000012b60                PROVIDE (__stop_pwr_mgmt_data, .)

.nrf_balloc     0x0000000000012b60       0x1c
                0x0000000000012b60                PROVIDE (__start_nrf_balloc, .)
 *(.nrf_balloc)
 .nrf_balloc    0x0000000000012b60       0x1c _build/nrf52840_xxaa/nrf_log_frontend.c.o
                0x0000000000012b60                log_mempool
                0x0000000000012b7c                PROVIDE (__stop_nrf_balloc, .)

.ARM.extab
 *(.ARM.extab* .gnu.linkonce.armextab.*)
                0x0000000000012b7c                __exidx_start = .

.ARM.exidx      0x0000000000012b7c        0x8
 *(.ARM.exidx* .gnu.linkonce.armexidx.*)
 .ARM.exidx     0x0000000000012b7c        0x8 /usr/lib/gcc/arm-none-eabi/7.3.1/../../../arm-none-eabi/lib/thumb/v7e-m/fpv4-sp/hard/crt0.o
 .ARM.exidx     0x0000000000012b84        0x0 /usr/lib/gcc/arm-none-eabi/7.3.1/thumb/v7e-m/fpv4-sp/hard/libgcc.a(_udivmoddi4.o)
                                          0x8 (size before relaxing)
                0x0000000000012b84                __exidx_end = .
                0x0000000000012b84                __etext = .

.rel.dyn        0x0000000000012b84        0x0
 .rel.iplt      0x0000000000012b84        0x0 /usr/lib/gcc/arm-none-eabi/7.3.1/thumb/v7e-m/fpv4-sp/hard/crtbegin.o

.data           0x0000000020000008      0x234 load address 0x0000000000012b84