Archive member included to satisfy reference by file (symbol)

/usr/lib/gcc/arm-none-eabi/7.3.1/../../../arm-none-eabi/lib/thumb/v7e-m/fpv4-sp/hard/libc_nano.a(lib_a-atexit.o)
                              /usr/lib/gcc/arm-none-eabi/7.3.1/../../../arm-none-eabi/lib/thumb/v7e-m/fpv4-sp/hard/crt0.o (atexit)
/usr/lib/gcc/arm-none-eabi/7.3.1/../../../arm-none-eabi/lib/thumb/v7e-m/fpv4-sp/hard/libc_nano.a(lib_a-exit.o)
                              /usr/lib/gcc/arm-none-eabi/7.3.1/../../../arm-none-eabi/lib/thumb/v7e-m/fpv4-sp/hard/crt0.o (exit)
/usr/lib/gcc/arm-none-eabi/7.3.1/../../../arm-none-eabi/lib/thumb/v7e-m/fpv4-sp/hard/libc_nano.a(lib_a-fini.o)
                              /usr/lib/gcc/arm-none-eabi/7.3.1/../../../arm-none-eabi/lib/thumb/v7e-m/fpv4-sp/hard/crt0.o (__libc_fini_array)
/usr/lib/gcc/arm-none-eabi/7.3.1/../../../arm-none-eabi/lib/thumb/v7e-m/fpv4-sp/hard/libc_nano.a(lib_a-impure.o)
                              /usr/lib/gcc/arm-none-eabi/7.3.1/../../../arm-none-eabi/lib/thumb/v7e-m/fpv4-sp/hard/libc_nano.a(lib_a-exit.o) (_global_impure_ptr)
/usr/lib/gcc/arm-none-eabi/7.3.1/../../../arm-none-eabi/lib/thumb/v7e-m/fpv4-sp/hard/libc_nano.a(lib_a-init.o)
                              /usr/lib/gcc/arm-none-eabi/7.3.1/../../../arm-none-eabi/lib/thumb/v7e-m/fpv4-sp/hard/crt0.o (__libc_init_array)
/usr/lib/gcc/arm-none-eabi/7.3.1/../../../arm-none-eabi/lib/thumb/v7e-m/fpv4-sp/hard/libc_nano.a(lib_a-locale.o)
                              _build/nrf52840_xxaa/nrf_log_str_formatter.c.o (__locale_ctype_ptr)
/usr/lib/gcc/arm-none-eabi/7.3.1/../../../arm-none-eabi/lib/thumb/v7e-m/fpv4-sp/hard/libc_nano.a(lib_a-mbtowc_r.o)
                              /usr/lib/gcc/arm-none-eabi/7.3.1/../../../arm-none-eabi/lib/thumb/v7e-m/fpv4-sp/hard/libc_nano.a(lib_a-locale.o) (__ascii_mbtowc)
/usr/lib/gcc/arm-none-eabi/7.3.1/../../../arm-none-eabi/lib/thumb/v7e-m/fpv4-sp/hard/libc_nano.a(lib_a-memcmp.o)
                              _build/nrf52840_xxaa/app_usbd_hid_kbd.c.o (memcmp)
/usr/lib/gcc/arm-none-eabi/7.3.1/../../../arm-none-eabi/lib/thumb/v7e-m/fpv4-sp/hard/libc_nano.a(lib_a-memcpy.o)
                              _build/nrf52840_xxaa/nrf_log_frontend.c.o (memcpy)
/usr/lib/gcc/arm-none-eabi/7.3.1/../../../arm-none-eabi/lib/thumb/v7e-m/fpv4-sp/hard/libc_nano.a(lib_a-memmove.o)
                              _build/nrf52840_xxaa/nrf_cli.c.o (memmove)
/usr/lib/gcc/arm-none-eabi/7.3.1/../../../arm-none-eabi/lib/thumb/v7e-m/fpv4-sp/hard/libc_nano.a(lib_a-memset.o)
                              /usr/lib/gcc/arm-none-eabi/7.3.1/../../../arm-none-eabi/lib/thumb/v7e-m/fpv4-sp/hard/crt0.o (memset)
/usr/lib/gcc/arm-none-eabi/7.3.1/../../../arm-none-eabi/lib/thumb/v7e-m/fpv4-sp/hard/libc_nano.a(lib_a-qsort.o)
                              _build/nrf52840_xxaa/nrf_cli.c.o (qsort)
/usr/lib/gcc/arm-none-eabi/7.3.1/../../../arm-none-eabi/lib/thumb/v7e-m/fpv4-sp/hard/libc_nano.a(lib_a-strchr.o)
                              _build/nrf52840_xxaa/fnmatch.c.o (strchr)
/usr/lib/gcc/arm-none-eabi/7.3.1/../../../arm-none-eabi/lib/thumb/v7e-m/fpv4-sp/hard/libc_nano.a(lib_a-strcmp.o)
                              _build/nrf52840_xxaa/nrf_log_frontend.c.o (strcmp)
/usr/lib/gcc/arm-none-eabi/7.3.1/../../../arm-none-eabi/lib/thumb/v7e-m/fpv4-sp/hard/libc_nano.a(lib_a-strcpy.o)
                              _build/nrf52840_xxaa/nrf_cli.c.o (strcpy)
/usr/lib/gcc/arm-none-eabi/7.3.1/../../../arm-none-eabi/lib/thumb/v7e-m/fpv4-sp/hard/libc_nano.a(lib_a-strlen.o)
                              _build/nrf52840_xxaa/nrf_log_frontend.c.o (strlen)
/usr/lib/gcc/arm-none-eabi/7.3.1/../../../arm-none-eabi/lib/thumb/v7e-m/fpv4-sp/hard/libc_nano.a(lib_a-strncmp.o)
                              _build/nrf52840_xxaa/nrf_log_frontend.c.o (strncmp)
/usr/lib/gcc/arm-none-eabi/7.3.1/../../../arm-none-eabi/lib/thumb/v7e-m/fpv4-sp/hard/libc_nano.a(lib_a-wctomb_r.o)
                              /usr/lib/gcc/arm-none-eabi/7.3.1/../../../arm-none-eabi/lib/thumb/v7e-m/fpv4-sp/hard/libc_nano.a(lib_a-locale.o) (__ascii_wctomb)
/usr/lib/gcc/arm-none-eabi/7.3.1/../../../arm-none-eabi/lib/thumb/v7e-m/fpv4-sp/hard/libc_nano.a(lib_a-__atexit.o)
                              /usr/lib/gcc/arm-none-eabi/7.3.1/../../../arm-none-eabi/lib/thumb/v7e-m/fpv4-sp/hard/libc_nano.a(lib_a-atexit.o) (__register_exitproc)
/usr/lib/gcc/arm-none-eabi/7.3.1/../../../arm-none-eabi/lib/thumb/v7e-m/fpv4-sp/hard/libc_nano.a(lib_a-__call_atexit.o)
                              /usr/lib/gcc/arm-none-eabi/7.3.1/../../../arm-none-eabi/lib/thumb/v7e-m/fpv4-sp/hard/libc_nano.a(lib_a-__atexit.o) (__call_exitprocs)
/usr/lib/gcc/arm-none-eabi/7.3.1/../../../arm-none-eabi/lib/thumb/v7e-m/fpv4-sp/hard/libc_nano.a(lib_a-ctype_.o)
                              /usr/lib/gcc/arm-none-eabi/7.3.1/../../../arm-none-eabi/lib/thumb/v7e-m/fpv4-sp/hard/libc_nano.a(lib_a-locale.o) (_ctype_)
/usr/lib/gcc/arm-none-eabi/7.3.1/../../../arm-none-eabi/lib/thumb/v7e-m/fpv4-sp/hard/libnosys.a(_exit.o)
[...]
Memory Configuration

Name             Origin             Length             Attributes
FLASH            0x0000000000001000 0x00000000000ff000 xr
RAM              0x0000000020000008 0x000000000003fff8 xrw
*default*        0x0000000000000000 0xffffffffffffffff

Linker script and memory map


.text           0x0000000000001000    0x11b3c
 *(.isr_vector)
 .isr_vector    0x0000000000001000      0x200 _build/nrf52840_xxaa/gcc_startup_nrf52840.S.o
                0x0000000000001000                __isr_vector
 *(.text*)
 .text          0x0000000000001200       0x88 /usr/lib/gcc/arm-none-eabi/7.3.1/thumb/v7e-m/fpv4-sp/hard/crtbegin.o
 .text          0x0000000000001288       0x68 /usr/lib/gcc/arm-none-eabi/7.3.1/../../../arm-none-eabi/lib/thumb/v7e-m/fpv4-sp/hard/crt0.o
                0x0000000000001288                _mainCRTStartup
                0x0000000000001288                _start
 .text          0x00000000000012f0       0x3c _build/nrf52840_xxaa/gcc_startup_nrf52840.S.o
                0x00000000000012f0                Reset_Handler
                0x0000000000001318                NMI_Handler
                0x000000000000131c                MemoryManagement_Handler
                0x000000000000131e                BusFault_Handler
                0x0000000000001320                UsageFault_Handler
                0x0000000000001322                SVC_Handler
                0x0000000000001324                DebugMon_Handler
                0x0000000000001326                PendSV_Handler
                0x0000000000001328                SysTick_Handler
                0x000000000000132a                TIMER2_IRQHandler
                0x000000000000132a                RTC0_IRQHandler
                0x000000000000132a                SWI2_EGU2_IRQHandler
                0x000000000000132a                PWM1_IRQHandler
                0x000000000000132a                PDM_IRQHandler
                0x000000000000132a                TEMP_IRQHandler
                0x000000000000132a                QDEC_IRQHandler
                0x000000000000132a                TIMER3_IRQHandler
                0x000000000000132a                PWM3_IRQHandler
                0x000000000000132a                FPU_IRQHandler
                0x000000000000132a                SPIM0_SPIS0_TWIM0_TWIS0_SPI0_TWI0_IRQHandler
                0x000000000000132a                TIMER4_IRQHandler
                0x000000000000132a                CRYPTOCELL_IRQHandler
                0x000000000000132a                I2S_IRQHandler
                0x000000000000132a                SWI4_EGU4_IRQHandler
                0x000000000000132a                TIMER0_IRQHandler
                0x000000000000132a                UARTE1_IRQHandler
                0x000000000000132a                TIMER1_IRQHandler
                0x000000000000132a                SPIM3_IRQHandler
                0x000000000000132a                PWM2_IRQHandler
                0x000000000000132a                ECB_IRQHandler
                0x000000000000132a                SPIM1_SPIS1_TWIM1_TWIS1_SPI1_TWI1_IRQHandler
                0x000000000000132a                Default_Handler
                0x000000000000132a                SAADC_IRQHandler
                0x000000000000132a                CCM_AAR_IRQHandler
                0x000000000000132a                WDT_IRQHandler
                0x000000000000132a                SWI5_EGU5_IRQHandler
                0x000000000000132a                RNG_IRQHandler
                0x000000000000132a                RTC2_IRQHandler
                0x000000000000132a                PWM0_IRQHandler
                0x000000000000132a                SWI3_EGU3_IRQHandler
                0x000000000000132a                SPIM2_SPIS2_SPI2_IRQHandler
                0x000000000000132a                NFCT_IRQHandler
                0x000000000000132a                MWU_IRQHandler
                0x000000000000132a                QSPI_IRQHandler
                0x000000000000132a                COMP_LPCOMP_IRQHandler
 .text.nrf_log_backend_serial_put
                0x000000000000132c       0xd4 _build/nrf52840_xxaa/nrf_log_backend_serial.c.o
                0x000000000000132c                nrf_log_backend_serial_put
 .text.nrf_log_backend_uart_flush
                0x0000000000001400        0x4 _build/nrf52840_xxaa/nrf_log_backend_uart.c.o
 .text.nrf_log_backend_uart_put
                0x0000000000001404       0x20 _build/nrf52840_xxaa/nrf_log_backend_uart.c.o
 .text.serial_tx
                0x0000000000001424       0x54 _build/nrf52840_xxaa/nrf_log_backend_uart.c.o
 .text.nrf_log_backend_uart_panic_set
                0x0000000000001478       0x68 _build/nrf52840_xxaa/nrf_log_backend_uart.c.o
 .text.severity_lvl_get
                0x00000000000014e0       0x24 _build/nrf52840_xxaa/nrf_log_frontend.c.o
 .text.log_self_halt
                0x0000000000001504        0xc _build/nrf52840_xxaa/nrf_log_frontend.c.o
 .text.log_self_go
                0x0000000000001510        0xc _build/nrf52840_xxaa/nrf_log_frontend.c.o
 .text.backend_name_get
                0x000000000000151c       0x48 _build/nrf52840_xxaa/nrf_log_frontend.c.o
 .text.log_cmd  0x0000000000001564       0x40 _build/nrf52840_xxaa/nrf_log_frontend.c.o
 .text.log_cmd_backends_list
                0x00000000000015a4       0x94 _build/nrf52840_xxaa/nrf_log_frontend.c.o
 .text.log_config_load_cmd
                0x0000000000001638       0x20 _build/nrf52840_xxaa/nrf_log_frontend.c.o
 .text.log_config_store_cmd
                0x0000000000001658       0x20 _build/nrf52840_xxaa/nrf_log_frontend.c.o
 .text.log_skip
                0x0000000000001678       0xe0 _build/nrf52840_xxaa/nrf_log_frontend.c.o
 .text.log_backend_halt
                0x0000000000001758       0x50 _build/nrf52840_xxaa/nrf_log_frontend.c.o
 .text.log_backend_go
                0x00000000000017a8       0x54 _build/nrf52840_xxaa/nrf_log_frontend.c.o
 .text.module_name_get
                0x00000000000017fc       0x54 _build/nrf52840_xxaa/nrf_log_frontend.c.o
 .text.log_status
                0x0000000000001850      0x134 _build/nrf52840_xxaa/nrf_log_frontend.c.o
 .text.log_self_status
                0x0000000000001984        0xc _build/nrf52840_xxaa/nrf_log_frontend.c.o
 .text.log_backend_status
                0x0000000000001990       0x5c _build/nrf52840_xxaa/nrf_log_frontend.c.o
 .text.log_backend_ctrl
                0x00000000000019ec      0x27c _build/nrf52840_xxaa/nrf_log_frontend.c.o
 .text.log_self_ctrl
                0x0000000000001c68      0x230 _build/nrf52840_xxaa/nrf_log_frontend.c.o
 .text.nrf_log_init
                0x0000000000001e98       0xb0 _build/nrf52840_xxaa/nrf_log_frontend.c.o
                0x0000000000001e98                nrf_log_init
 .text.nrf_log_module_name_get
                0x0000000000001f48       0x58 _build/nrf52840_xxaa/nrf_log_frontend.c.o
                0x0000000000001f48                nrf_log_module_name_get
 .text.nrf_log_color_id_get
                0x0000000000001fa0       0x2c _build/nrf52840_xxaa/nrf_log_frontend.c.o
                0x0000000000001fa0                nrf_log_color_id_get
 .text.nrf_log_frontend_std_0
                0x0000000000001fcc      0x108 _build/nrf52840_xxaa/nrf_log_frontend.c.o
                0x0000000000001fcc                nrf_log_frontend_std_0
 .text.nrf_log_frontend_dequeue.part.12
                0x00000000000020d4      0x2a0 _build/nrf52840_xxaa/nrf_log_frontend.c.o
 .text.nrf_log_frontend_std_1
                0x0000000000002374      0x114 _build/nrf52840_xxaa/nrf_log_frontend.c.o
                0x0000000000002374                nrf_log_frontend_std_1
 .text.nrf_log_frontend_std_2
                0x0000000000002488      0x11c _build/nrf52840_xxaa/nrf_log_frontend.c.o
                0x0000000000002488                nrf_log_frontend_std_2
 .text.nrf_log_frontend_std_3
                0x00000000000025a4      0x128 _build/nrf52840_xxaa/nrf_log_frontend.c.o
                0x00000000000025a4                nrf_log_frontend_std_3
 .text.nrf_log_frontend_std_4
                0x00000000000026cc      0x148 _build/nrf52840_xxaa/nrf_log_frontend.c.o
                0x00000000000026cc                nrf_log_frontend_std_4
 .text.nrf_log_frontend_std_5
                0x0000000000002814      0x15c _build/nrf52840_xxaa/nrf_log_frontend.c.o
                0x0000000000002814                nrf_log_frontend_std_5
 .text.nrf_log_frontend_dequeue
                0x0000000000002970       0x18 _build/nrf52840_xxaa/nrf_log_frontend.c.o
                0x0000000000002970                nrf_log_frontend_dequeue
 .text.nrf_log_panic
                0x0000000000002988       0x2c _build/nrf52840_xxaa/nrf_log_frontend.c.o
                0x0000000000002988                nrf_log_panic
 .text.nrf_log_std_entry_process
                0x00000000000029b4      0x14c _build/nrf52840_xxaa/nrf_log_str_formatter.c.o
                0x00000000000029b4                nrf_log_std_entry_process
 .text.nrf_log_hexdump_entry_process
                0x0000000000002b00      0x158 _build/nrf52840_xxaa/nrf_log_str_formatter.c.o
                0x0000000000002b00                nrf_log_hexdump_entry_process
 .text.bsp_board_led_state_get
                0x0000000000002c58       0x54 _build/nrf52840_xxaa/boards.c.o
                0x0000000000002c58                bsp_board_led_state_get
 .text.bsp_board_led_on
                0x0000000000002cac       0x58 _build/nrf52840_xxaa/boards.c.o
                0x0000000000002cac                bsp_board_led_on
 .text.bsp_board_led_off
                0x0000000000002d04       0x58 _build/nrf52840_xxaa/boards.c.o
                0x0000000000002d04                bsp_board_led_off
 .text.bsp_board_leds_off
                0x0000000000002d5c       0x30 _build/nrf52840_xxaa/boards.c.o
                0x0000000000002d5c                bsp_board_leds_off
 .text.bsp_board_leds_on
                0x0000000000002d8c       0x30 _build/nrf52840_xxaa/boards.c.o
                0x0000000000002d8c                bsp_board_leds_on
 .text.bsp_board_led_invert
                0x0000000000002dbc       0x5c _build/nrf52840_xxaa/boards.c.o
                0x0000000000002dbc                bsp_board_led_invert
 .text.bsp_board_pin_to_button_idx
                0x0000000000002e18        0xc _build/nrf52840_xxaa/boards.c.o
                0x0000000000002e18                bsp_board_pin_to_button_idx
 .text.bsp_board_init
                0x0000000000002e24       0xd4 _build/nrf52840_xxaa/boards.c.o
                0x0000000000002e24                bsp_board_init
 .text.detection_delay_timeout_handler
                0x0000000000002ef8      0x120 _build/nrf52840_xxaa/app_button.c.o
 .text.gpiote_event_handler
                0x0000000000003018       0xa8 _build/nrf52840_xxaa/app_button.c.o
 .text.app_button_init
                0x00000000000030c0       0xb0 _build/nrf52840_xxaa/app_button.c.o
                0x00000000000030c0                app_button_init
 .text.app_button_enable
                0x0000000000003170       0x40 _build/nrf52840_xxaa/app_button.c.o
                0x0000000000003170                app_button_enable
 .text.app_error_save_and_stop
                0x00000000000031b0       0x64 _build/nrf52840_xxaa/app_error.c.o
                0x00000000000031b0                app_error_save_and_stop
 .text.app_error_handler
                0x0000000000003214       0x1c _build/nrf52840_xxaa/app_error_handler_gcc.c.o
                0x0000000000003214                app_error_handler
 .text.app_error_fault_handler
                0x0000000000003230       0xec _build/nrf52840_xxaa/app_error_weak.c.o
                0x0000000000003230                app_error_fault_handler
 .text.RTC1_IRQHandler
                0x000000000000331c       0xa0 _build/nrf52840_xxaa/app_timer.c.o
                0x000000000000331c                RTC1_IRQHandler
 .text.SWI1_EGU1_IRQHandler
                0x00000000000033bc      0x394 _build/nrf52840_xxaa/app_timer.c.o
                0x00000000000033bc                SWI1_EGU1_IRQHandler
 .text.app_timer_init
                0x0000000000003750       0xa8 _build/nrf52840_xxaa/app_timer.c.o
                0x0000000000003750                app_timer_init
 .text.app_timer_create
                0x00000000000037f8       0x24 _build/nrf52840_xxaa/app_timer.c.o
                0x00000000000037f8                app_timer_create
 .text.app_timer_start
                0x000000000000381c       0x9c _build/nrf52840_xxaa/app_timer.c.o
                0x000000000000381c                app_timer_start
 .text.app_timer_stop
                0x00000000000038b8       0x68 _build/nrf52840_xxaa/app_timer.c.o
                0x00000000000038b8                app_timer_stop
 .text.app_usbd_hfclk_ready
                0x0000000000003920       0x74 _build/nrf52840_xxaa/app_usbd.c.o
 .text.app_usbd_event_handler
                0x0000000000003994      0x118 _build/nrf52840_xxaa/app_usbd.c.o
 .text.app_usbd_power_event_handler
                0x0000000000003aac       0xb0 _build/nrf52840_xxaa/app_usbd.c.o
 .text.app_usbd_class_descriptor_find
                0x0000000000003b5c       0xb8 _build/nrf52840_xxaa/app_usbd.c.o
                0x0000000000003b5c                app_usbd_class_descriptor_find
 .text.app_usbd_init
                0x0000000000003c14      0x1a0 _build/nrf52840_xxaa/app_usbd.c.o
                0x0000000000003c14                app_usbd_init
 .text.app_usbd_power_events_enable
                0x0000000000003db4       0x34 _build/nrf52840_xxaa/app_usbd.c.o
                0x0000000000003db4                app_usbd_power_events_enable
 .text.app_usbd_enable
                0x0000000000003de8        0x4 _build/nrf52840_xxaa/app_usbd.c.o
                0x0000000000003de8                app_usbd_enable
 .text.app_usbd_disable
                0x0000000000003dec       0x20 _build/nrf52840_xxaa/app_usbd.c.o
                0x0000000000003dec                app_usbd_disable
 .text.app_usbd_start
                0x0000000000003e0c       0x94 _build/nrf52840_xxaa/app_usbd.c.o
                0x0000000000003e0c                app_usbd_start
 .text.app_usbd_stop
                0x0000000000003ea0       0x64 _build/nrf52840_xxaa/app_usbd.c.o
                0x0000000000003ea0                app_usbd_stop
 .text.app_usbd_suspend_req
                0x0000000000003f04       0x64 _build/nrf52840_xxaa/app_usbd.c.o
                0x0000000000003f04                app_usbd_suspend_req
 .text.app_usbd_wakeup_req
                0x0000000000003f68       0x94 _build/nrf52840_xxaa/app_usbd.c.o
                0x0000000000003f68                app_usbd_wakeup_req
 .text.app_usbd_class_append
                0x0000000000003ffc      0x230 _build/nrf52840_xxaa/app_usbd.c.o
                0x0000000000003ffc                app_usbd_class_append
 .text.app_usbd_class_sof_register
                0x000000000000422c       0xdc _build/nrf52840_xxaa/app_usbd.c.o
                0x000000000000422c                app_usbd_class_sof_register
 .text.app_usbd_class_sof_unregister
                0x0000000000004308       0x60 _build/nrf52840_xxaa/app_usbd.c.o
                0x0000000000004308                app_usbd_class_sof_unregister
 .text.app_usbd_class_rwu_register
                0x0000000000004368       0x34 _build/nrf52840_xxaa/app_usbd.c.o
                0x0000000000004368                app_usbd_class_rwu_register
 .text.app_usbd_class_rwu_unregister
                0x000000000000439c       0x34 _build/nrf52840_xxaa/app_usbd.c.o
                0x000000000000439c                app_usbd_class_rwu_unregister
 .text.app_usbd_class_rwu_enabled_check
                0x00000000000043d0       0x10 _build/nrf52840_xxaa/app_usbd.c.o
                0x00000000000043d0                app_usbd_class_rwu_enabled_check
 .text.app_usbd_ep_enable
                0x00000000000043e0       0x20 _build/nrf52840_xxaa/app_usbd.c.o
                0x00000000000043e0                app_usbd_ep_enable
 .text.app_usbd_ep_disable
                0x0000000000004400        0x4 _build/nrf52840_xxaa/app_usbd.c.o
                0x0000000000004400                app_usbd_ep_disable
 .text.app_usbd_class_first_get
                0x0000000000004404        0xc _build/nrf52840_xxaa/app_usbd.c.o
                0x0000000000004404                app_usbd_class_first_get
 .text.app_usbd_iface_find
                0x0000000000004410       0x4c _build/nrf52840_xxaa/app_usbd.c.o
                0x0000000000004410                app_usbd_iface_find
 .text.app_usbd_iface_call
                0x000000000000445c       0x54 _build/nrf52840_xxaa/app_usbd.c.o
                0x000000000000445c                app_usbd_iface_call
 .text.app_usbd_ep_call
                0x00000000000044b0       0x60 _build/nrf52840_xxaa/app_usbd.c.o
                0x00000000000044b0                app_usbd_ep_call
 .text.app_usbd_all_until_served_call
                0x0000000000004510       0x5c _build/nrf52840_xxaa/app_usbd.c.o
                0x0000000000004510                app_usbd_all_until_served_call
 .text.app_usbd_ep_transfer
                0x000000000000456c       0x28 _build/nrf52840_xxaa/app_usbd.c.o
                0x000000000000456c                app_usbd_ep_transfer
 .text.app_usbd_ep_handled_transfer
                0x0000000000004594       0x28 _build/nrf52840_xxaa/app_usbd.c.o
                0x0000000000004594                app_usbd_ep_handled_transfer
 .text.app_usbd_iface_select
                0x00000000000045bc       0x98 _build/nrf52840_xxaa/app_usbd.c.o
                0x00000000000045bc                app_usbd_iface_select
 .text.app_usbd_iface_selection_get
                0x0000000000004654        0xc _build/nrf52840_xxaa/app_usbd.c.o
                0x0000000000004654                app_usbd_iface_selection_get
 .text.app_usbd_all_iface_select_0
                0x0000000000004660       0xe8 _build/nrf52840_xxaa/app_usbd.c.o
                0x0000000000004660                app_usbd_all_iface_select_0
 .text.app_usbd_all_iface_deselect
                0x0000000000004748       0x9c _build/nrf52840_xxaa/app_usbd.c.o
                0x0000000000004748                app_usbd_all_iface_deselect
 .text.app_usbd_event_execute
                0x00000000000047e4      0x930 _build/nrf52840_xxaa/app_usbd.c.o
                0x00000000000047e4                app_usbd_event_execute
 .text.app_usbd_event_queue_process
                0x0000000000005114       0xb8 _build/nrf52840_xxaa/app_usbd.c.o
                0x0000000000005114                app_usbd_event_queue_process
 .text.setup_data_handler_empty
                0x00000000000051cc        0x4 _build/nrf52840_xxaa/app_usbd_core.c.o
 .text.usbd_descriptor_conf_feeder
                0x00000000000051d0      0x164 _build/nrf52840_xxaa/app_usbd_core.c.o
 .text.app_usbd_core_ep0_enable
                0x0000000000005334       0x14 _build/nrf52840_xxaa/app_usbd_core.c.o
                0x0000000000005334                app_usbd_core_ep0_enable
 .text.app_usbd_core_ep0_disable
                0x0000000000005348       0x14 _build/nrf52840_xxaa/app_usbd_core.c.o
                0x0000000000005348                app_usbd_core_ep0_disable
 .text.app_usbd_core_setup_rsp
                0x000000000000535c       0x88 _build/nrf52840_xxaa/app_usbd_core.c.o
                0x000000000000535c                app_usbd_core_setup_rsp
 .text.app_usbd_core_event_handler
                0x00000000000053e4      0x680 _build/nrf52840_xxaa/app_usbd_core.c.o
 .text.app_usbd_core_setup_data_handler_set
                0x0000000000005a64       0x28 _build/nrf52840_xxaa/app_usbd_core.c.o
                0x0000000000005a64                app_usbd_core_setup_data_handler_set
 .text.app_usbd_core_setup_transfer_buff_get
                0x0000000000005a8c       0x10 _build/nrf52840_xxaa/app_usbd_core.c.o
                0x0000000000005a8c                app_usbd_core_setup_transfer_buff_get
 .text.app_usbd_core_feature_state_get
                0x0000000000005a9c       0x14 _build/nrf52840_xxaa/app_usbd_core.c.o
                0x0000000000005a9c                app_usbd_core_feature_state_get
 .text.app_usbd_hid_event_handler
                0x0000000000005ab0      0x614 _build/nrf52840_xxaa/app_usbd_hid.c.o
                0x0000000000005ab0                app_usbd_hid_event_handler
 .text.app_usbd_hid_rep_buff_in_get
                0x00000000000060c4       0x1c _build/nrf52840_xxaa/app_usbd_hid.c.o
                0x00000000000060c4                app_usbd_hid_rep_buff_in_get
 .text.hid_generic_on_set_report_data_cb
                0x00000000000060e0       0x18 _build/nrf52840_xxaa/app_usbd_hid_generic.c.o
 .text.hid_generic_feed_descriptors
                0x00000000000060f8      0x808 _build/nrf52840_xxaa/app_usbd_hid_generic.c.o
 .text.hid_generic_get_class_descriptors_length
                0x0000000000006900       0x28 _build/nrf52840_xxaa/app_usbd_hid_generic.c.o
 .text.hid_generic_get_class_descriptors_data
                0x0000000000006928       0x2c _build/nrf52840_xxaa/app_usbd_hid_generic.c.o
 .text.hid_generic_on_get_report
                0x0000000000006954       0x44 _build/nrf52840_xxaa/app_usbd_hid_generic.c.o
 .text.hid_generic_ep_transfer_out
                0x0000000000006998       0x64 _build/nrf52840_xxaa/app_usbd_hid_generic.c.o
 .text.hid_generic_on_set_report
                0x00000000000069fc       0x78 _build/nrf52840_xxaa/app_usbd_hid_generic.c.o
 .text.hid_generic_idle_handler_set
                0x0000000000006a74       0x4c _build/nrf52840_xxaa/app_usbd_hid_generic.c.o
                0x0000000000006a74                hid_generic_idle_handler_set
 .text.hid_generic_on_idle
                0x0000000000006ac0       0x40 _build/nrf52840_xxaa/app_usbd_hid_generic.c.o
 .text.hid_generic_event_handler
                0x0000000000006b00       0x68 _build/nrf52840_xxaa/app_usbd_hid_generic.c.o
 .text.hid_generic_ep_transfer_in
                0x0000000000006b68      0x10c _build/nrf52840_xxaa/app_usbd_hid_generic.c.o
 .text.hid_generic_clear_buffer
                0x0000000000006c74      0x108 _build/nrf52840_xxaa/app_usbd_hid_generic.c.o
                0x0000000000006c74                hid_generic_clear_buffer
 .text.app_usbd_hid_generic_in_report_set
                0x0000000000006d7c      0x114 _build/nrf52840_xxaa/app_usbd_hid_generic.c.o
                0x0000000000006d7c                app_usbd_hid_generic_in_report_set
 .text.app_usbd_hid_generic_idle_report_set
                0x0000000000006e90       0x90 _build/nrf52840_xxaa/app_usbd_hid_generic.c.o
                0x0000000000006e90                app_usbd_hid_generic_idle_report_set
 .text.app_usbd_hid_generic_out_report_get
                0x0000000000006f20        0xc _build/nrf52840_xxaa/app_usbd_hid_generic.c.o
                0x0000000000006f20                app_usbd_hid_generic_out_report_get
 .text.app_usbd_string_desc_get
                0x0000000000006f2c       0x84 _build/nrf52840_xxaa/app_usbd_string_desc.c.o
                0x0000000000006f2c                app_usbd_string_desc_get
 .text.app_util_critical_region_enter
                0x0000000000006fb0       0x34 _build/nrf52840_xxaa/app_util_platform.c.o
                0x0000000000006fb0                app_util_critical_region_enter
 .text.app_util_critical_region_exit
                0x0000000000006fe4       0x34 _build/nrf52840_xxaa/app_util_platform.c.o
                0x0000000000006fe4                app_util_critical_region_exit
 .text.current_int_priority_get
                0x0000000000007018       0x3c _build/nrf52840_xxaa/app_util_platform.c.o
                0x0000000000007018                current_int_priority_get
 .text.HardFault_Handler
                0x0000000000007054       0x34 _build/nrf52840_xxaa/hardfault_handler_gcc.c.o
                0x0000000000007054                HardFault_Handler
 .text.HardFault_process
                0x0000000000007088       0x24 _build/nrf52840_xxaa/hardfault_implementation.c.o
                0x0000000000007088                HardFault_process
 .text.HardFault_c_handler
                0x00000000000070ac      0x160 _build/nrf52840_xxaa/hardfault_implementation.c.o
                0x00000000000070ac                HardFault_c_handler
 .text.assert_nrf_callback
                0x000000000000720c       0x1c _build/nrf52840_xxaa/nrf_assert.c.o
                0x000000000000720c                assert_nrf_callback
 .text.nrf_atfifo_init
                0x0000000000007228       0x30 _build/nrf52840_xxaa/nrf_atfifo.c.o
                0x0000000000007228                nrf_atfifo_init
 .text.nrf_atfifo_item_alloc
                0x0000000000007258       0x58 _build/nrf52840_xxaa/nrf_atfifo.c.o
                0x0000000000007258                nrf_atfifo_item_alloc
 .text.nrf_atfifo_item_put
                0x00000000000072b0       0x20 _build/nrf52840_xxaa/nrf_atfifo.c.o
                0x00000000000072b0                nrf_atfifo_item_put
 .text.nrf_atfifo_item_get
                0x00000000000072d0       0x5c _build/nrf52840_xxaa/nrf_atfifo.c.o
                0x00000000000072d0                nrf_atfifo_item_get
 .text.nrf_atfifo_item_free
                0x000000000000732c       0x20 _build/nrf52840_xxaa/nrf_atfifo.c.o
                0x000000000000732c                nrf_atfifo_item_free
 .text.nrf_atomic_u32_fetch_store
                0x000000000000734c       0x14 _build/nrf52840_xxaa/nrf_atomic.c.o
                0x000000000000734c                nrf_atomic_u32_fetch_store
 .text.nrf_atomic_u32_or
                0x0000000000007360       0x18 _build/nrf52840_xxaa/nrf_atomic.c.o
                0x0000000000007360                nrf_atomic_u32_or
 .text.nrf_atomic_u32_and
                0x0000000000007378       0x18 _build/nrf52840_xxaa/nrf_atomic.c.o
                0x0000000000007378                nrf_atomic_u32_and
 .text.nrf_atomic_u32_add
                0x0000000000007390       0x18 _build/nrf52840_xxaa/nrf_atomic.c.o
                0x0000000000007390                nrf_atomic_u32_add
 .text.nrf_atomic_u32_sub
                0x00000000000073a8       0x18 _build/nrf52840_xxaa/nrf_atomic.c.o
                0x00000000000073a8                nrf_atomic_u32_sub
 .text.nrf_atomic_u32_sub_hs
                0x00000000000073c0       0x1c _build/nrf52840_xxaa/nrf_atomic.c.o
                0x00000000000073c0                nrf_atomic_u32_sub_hs
 .text.nrf_atomic_flag_set
                0x00000000000073dc       0x18 _build/nrf52840_xxaa/nrf_atomic.c.o
                0x00000000000073dc                nrf_atomic_flag_set
 .text.nrf_atomic_flag_clear_fetch
                0x00000000000073f4       0x18 _build/nrf52840_xxaa/nrf_atomic.c.o
                0x00000000000073f4                nrf_atomic_flag_clear_fetch
 .text.nrf_balloc_status
                0x000000000000740c       0xc8 _build/nrf52840_xxaa/nrf_balloc.c.o
 .text.nrf_balloc_init
                0x00000000000074d4       0x94 _build/nrf52840_xxaa/nrf_balloc.c.o
                0x00000000000074d4                nrf_balloc_init
 .text.nrf_balloc_alloc
                0x0000000000007568       0x58 _build/nrf52840_xxaa/nrf_balloc.c.o
                0x0000000000007568                nrf_balloc_alloc
 .text.nrf_balloc_free
                0x00000000000075c0       0x4c _build/nrf52840_xxaa/nrf_balloc.c.o
                0x00000000000075c0                nrf_balloc_free
 .text.cli_write.constprop.49
                0x000000000000760c       0xa8 _build/nrf52840_xxaa/nrf_cli.c.o
 .text.cursor_position_get
                0x00000000000076b4      0x158 _build/nrf52840_xxaa/nrf_cli.c.o
 .text.nrf_cli_fprintf.constprop.50
                0x000000000000780c      0x134 _build/nrf52840_xxaa/nrf_cli.c.o
 .text.format_offset_string_print.constprop.48
                0x0000000000007940      0x190 _build/nrf52840_xxaa/nrf_cli.c.o
 .text.nrf_cli_help_print.constprop.46
                0x0000000000007ad0      0x1c8 _build/nrf52840_xxaa/nrf_cli.c.o
 .text.nrf_cli_cmd_clear
                0x0000000000007c98       0x98 _build/nrf52840_xxaa/nrf_cli.c.o
 .text.nrf_cli_fprintf
                0x0000000000007d30      0x150 _build/nrf52840_xxaa/nrf_cli.c.o
                0x0000000000007d30                nrf_cli_fprintf
 .text.nrf_cli_cmd_cli
                0x0000000000007e80       0x60 _build/nrf52840_xxaa/nrf_cli.c.o
 .text.nrf_cli_cmd_resize
                0x0000000000007ee0      0x144 _build/nrf52840_xxaa/nrf_cli.c.o
 .text.nrf_cli_cmd_echo_on
                0x0000000000008024       0x30 _build/nrf52840_xxaa/nrf_cli.c.o
 .text.nrf_cli_cmd_echo_off
                0x0000000000008054       0x34 _build/nrf52840_xxaa/nrf_cli.c.o
 .text.nrf_cli_cmd_cli_stats_reset
                0x0000000000008088       0x38 _build/nrf52840_xxaa/nrf_cli.c.o
                0x0000000000008088                nrf_cli_cmd_cli_stats_reset
 .text.nrf_cli_cmd_cli_stats_show
                0x00000000000080c0       0x70 _build/nrf52840_xxaa/nrf_cli.c.o
                0x00000000000080c0                nrf_cli_cmd_cli_stats_show
 .text.nrf_cli_cmd_resize_default
                0x0000000000008130       0x64 _build/nrf52840_xxaa/nrf_cli.c.o
 .text.nrf_cli_cmd_colors_off
                0x0000000000008194       0x34 _build/nrf52840_xxaa/nrf_cli.c.o
 .text.nrf_cli_cmd_colors_on
                0x00000000000081c8       0x30 _build/nrf52840_xxaa/nrf_cli.c.o
 .text.nrf_cli_cmd_echo
                0x00000000000081f8       0x7c _build/nrf52840_xxaa/nrf_cli.c.o
 .text.nrf_cli_cmd_history
                0x0000000000008274       0xc4 _build/nrf52840_xxaa/nrf_cli.c.o
 .text.nrf_cli_cmd_colors
                0x0000000000008338       0x8c _build/nrf52840_xxaa/nrf_cli.c.o
 .text.nrf_cli_cmd_cli_stats
                0x00000000000083c4       0x60 _build/nrf52840_xxaa/nrf_cli.c.o
                0x00000000000083c4                nrf_cli_cmd_cli_stats
 .text.nrf_cli_help_print
                0x0000000000008424      0x378 _build/nrf52840_xxaa/nrf_cli.c.o
                0x0000000000008424                nrf_cli_help_print
 .text.nrf_fprintf_buffer_flush
                0x000000000000879c       0x28 _build/nrf52840_xxaa/nrf_fprintf.c.o
                0x000000000000879c                nrf_fprintf_buffer_flush
 .text.nrf_fprintf
                0x00000000000087c4       0x64 _build/nrf52840_xxaa/nrf_fprintf.c.o
                0x00000000000087c4                nrf_fprintf
 .text.unsigned_print
                0x0000000000008828      0x10c _build/nrf52840_xxaa/nrf_fprintf_format.c.o
 .text.nrf_fprintf_fmt
                0x0000000000008934      0x61c _build/nrf52840_xxaa/nrf_fprintf_format.c.o
                0x0000000000008934                nrf_fprintf_fmt
 .text.nrf_memobj_pool_init
                0x0000000000008f50        0x4 _build/nrf52840_xxaa/nrf_memobj.c.o
                0x0000000000008f50                nrf_memobj_pool_init
 .text.nrf_memobj_alloc
                0x0000000000008f54       0x84 _build/nrf52840_xxaa/nrf_memobj.c.o
                0x0000000000008f54                nrf_memobj_alloc
 .text.nrf_memobj_get
                0x0000000000008fd8        0x8 _build/nrf52840_xxaa/nrf_memobj.c.o
                0x0000000000008fd8                nrf_memobj_get
 .text.nrf_memobj_put
                0x0000000000008fe0       0x44 _build/nrf52840_xxaa/nrf_memobj.c.o
                0x0000000000008fe0                nrf_memobj_put
 .text.nrf_memobj_write
                0x0000000000009024       0xa8 _build/nrf52840_xxaa/nrf_memobj.c.o
                0x0000000000009024                nrf_memobj_write
 .text.nrf_memobj_read
                0x00000000000090cc       0xa8 _build/nrf52840_xxaa/nrf_memobj.c.o
                0x00000000000090cc                nrf_memobj_read
 .text.nrf_queue_status
                0x0000000000009174      0x110 _build/nrf52840_xxaa/nrf_queue.c.o
 .text.nrf_queue_push
                0x0000000000009284      0x118 _build/nrf52840_xxaa/nrf_queue.c.o
                0x0000000000009284                nrf_queue_push
 .text.nrf_queue_generic_pop
                0x000000000000939c       0xf4 _build/nrf52840_xxaa/nrf_queue.c.o
                0x000000000000939c                nrf_queue_generic_pop
 .text.nrf_queue_is_empty
                0x0000000000009490       0x28 _build/nrf52840_xxaa/nrf_queue.c.o
                0x0000000000009490                nrf_queue_is_empty
 .text.nrf_queue_max_utilization_get
                0x00000000000094b8       0x20 _build/nrf52840_xxaa/nrf_queue.c.o
                0x00000000000094b8                nrf_queue_max_utilization_get
 .text.nrf_queue_max_utilization_reset
                0x00000000000094d8       0x24 _build/nrf52840_xxaa/nrf_queue.c.o
                0x00000000000094d8                nrf_queue_max_utilization_reset
 .text.nrf_ringbuf_init
                0x00000000000094fc       0x1c _build/nrf52840_xxaa/nrf_ringbuf.c.o
                0x00000000000094fc                nrf_ringbuf_init
 .text.nrf_strerror_get
                0x0000000000009518       0x6c _build/nrf52840_xxaa/nrf_strerror.c.o
                0x0000000000009518                nrf_strerror_get
 .text.clock_irq_handler
                0x0000000000009584       0x44 _build/nrf52840_xxaa/nrf_drv_clock.c.o
 .text.nrf_drv_clock_init_check
                0x00000000000095c8        0xc _build/nrf52840_xxaa/nrf_drv_clock.c.o
                0x00000000000095c8                nrf_drv_clock_init_check
 .text.nrf_drv_clock_init
                0x00000000000095d4       0x34 _build/nrf52840_xxaa/nrf_drv_clock.c.o
                0x00000000000095d4                nrf_drv_clock_init
 .text.nrf_drv_clock_lfclk_request
                0x0000000000009608       0x80 _build/nrf52840_xxaa/nrf_drv_clock.c.o
                0x0000000000009608                nrf_drv_clock_lfclk_request
 .text.nrf_drv_clock_lfclk_is_running
                0x0000000000009688       0x28 _build/nrf52840_xxaa/nrf_drv_clock.c.o
                0x0000000000009688                nrf_drv_clock_lfclk_is_running
 .text.nrf_drv_clock_hfclk_request
                0x00000000000096b0       0x84 _build/nrf52840_xxaa/nrf_drv_clock.c.o
                0x00000000000096b0                nrf_drv_clock_hfclk_request
 .text.nrf_drv_clock_hfclk_release
                0x0000000000009734       0x4c _build/nrf52840_xxaa/nrf_drv_clock.c.o
                0x0000000000009734                nrf_drv_clock_hfclk_release
 .text.nrf_drv_power_init
                0x0000000000009780       0x20 _build/nrf52840_xxaa/nrf_drv_power.c.o
                0x0000000000009780                nrf_drv_power_init
 .text.nrf_drv_power_usbevt_init
                0x00000000000097a0       0x1c _build/nrf52840_xxaa/nrf_drv_power.c.o
                0x00000000000097a0                nrf_drv_power_usbevt_init
 .text.uarte_evt_handler
                0x00000000000097bc       0x34 _build/nrf52840_xxaa/nrf_drv_uart.c.o
 .text.uart_evt_handler
                0x00000000000097f0       0x34 _build/nrf52840_xxaa/nrf_drv_uart.c.o
 .text.nrf_drv_uart_init
                0x0000000000009824       0xa0 _build/nrf52840_xxaa/nrf_drv_uart.c.o
                0x0000000000009824                nrf_drv_uart_init
 .text.ev_usbreset_handler
                0x00000000000098c4       0x30 _build/nrf52840_xxaa/nrf_drv_usbd.c.o
 .text.ev_started_handler
                0x00000000000098f4        0x4 _build/nrf52840_xxaa/nrf_drv_usbd.c.o
 .text.nrf_drv_usbd_consumer
                0x00000000000098f8       0x6c _build/nrf52840_xxaa/nrf_drv_usbd.c.o
                0x00000000000098f8                nrf_drv_usbd_consumer
 .text.nrf_drv_usbd_feeder_ram
                0x0000000000009964       0x44 _build/nrf52840_xxaa/nrf_drv_usbd.c.o
                0x0000000000009964                nrf_drv_usbd_feeder_ram
 .text.nrf_drv_usbd_feeder_ram_zlp
                0x00000000000099a8       0x4c _build/nrf52840_xxaa/nrf_drv_usbd.c.o
                0x00000000000099a8                nrf_drv_usbd_feeder_ram_zlp
 .text.nrf_drv_usbd_feeder_flash
                0x00000000000099f4       0x64 _build/nrf52840_xxaa/nrf_drv_usbd.c.o
                0x00000000000099f4                nrf_drv_usbd_feeder_flash
 .text.nrf_drv_usbd_feeder_flash_zlp
                0x0000000000009a58       0x68 _build/nrf52840_xxaa/nrf_drv_usbd.c.o
                0x0000000000009a58                nrf_drv_usbd_feeder_flash_zlp
 .text.ev_dma_epin0_handler
                0x0000000000009ac0       0x40 _build/nrf52840_xxaa/nrf_drv_usbd.c.o
 .text.ev_setup_data_handler
                0x0000000000009b00       0x90 _build/nrf52840_xxaa/nrf_drv_usbd.c.o
 .text.ev_usbevent_handler
                0x0000000000009b90       0xb4 _build/nrf52840_xxaa/nrf_drv_usbd.c.o
 .text.ev_dma_epout8_handler
                0x0000000000009c44       0x5c _build/nrf52840_xxaa/nrf_drv_usbd.c.o
 .text.ev_dma_epin8_handler
                0x0000000000009ca0       0x6c _build/nrf52840_xxaa/nrf_drv_usbd.c.o
 .text.ev_dma_epin1_handler
                0x0000000000009d0c       0x40 _build/nrf52840_xxaa/nrf_drv_usbd.c.o
 .text.ev_dma_epin2_handler
                0x0000000000009d4c       0x40 _build/nrf52840_xxaa/nrf_drv_usbd.c.o
 .text.ev_dma_epin3_handler
                0x0000000000009d8c       0x40 _build/nrf52840_xxaa/nrf_drv_usbd.c.o
 .text.ev_dma_epin4_handler
                0x0000000000009dcc       0x40 _build/nrf52840_xxaa/nrf_drv_usbd.c.o
 .text.ev_dma_epin5_handler
                0x0000000000009e0c       0x40 _build/nrf52840_xxaa/nrf_drv_usbd.c.o
 .text.ev_dma_epin6_handler
                0x0000000000009e4c       0x40 _build/nrf52840_xxaa/nrf_drv_usbd.c.o
 .text.ev_dma_epin7_handler
                0x0000000000009e8c       0x40 _build/nrf52840_xxaa/nrf_drv_usbd.c.o
 .text.ev_sof_handler
                0x0000000000009ecc       0x48 _build/nrf52840_xxaa/nrf_drv_usbd.c.o
 .text.usbd_dmareq_process.part.4
                0x0000000000009f14      0x420 _build/nrf52840_xxaa/nrf_drv_usbd.c.o
 .text.ev_dma_epout6_handler
                0x000000000000a334       0x70 _build/nrf52840_xxaa/nrf_drv_usbd.c.o
 .text.ev_epdata_handler
                0x000000000000a3a4       0xec _build/nrf52840_xxaa/nrf_drv_usbd.c.o
 .text.ev_dma_epout0_handler
                0x000000000000a490       0xb4 _build/nrf52840_xxaa/nrf_drv_usbd.c.o
 .text.ev_dma_epout1_handler
                0x000000000000a544       0x70 _build/nrf52840_xxaa/nrf_drv_usbd.c.o
 .text.ev_dma_epout2_handler
                0x000000000000a5b4       0x70 _build/nrf52840_xxaa/nrf_drv_usbd.c.o
 .text.ev_dma_epout3_handler
                0x000000000000a624       0x70 _build/nrf52840_xxaa/nrf_drv_usbd.c.o
 .text.ev_dma_epout4_handler
                0x000000000000a694       0x74 _build/nrf52840_xxaa/nrf_drv_usbd.c.o
 .text.ev_dma_epout7_handler
                0x000000000000a708       0x70 _build/nrf52840_xxaa/nrf_drv_usbd.c.o
 .text.ev_dma_epout5_handler
                0x000000000000a778       0x70 _build/nrf52840_xxaa/nrf_drv_usbd.c.o
 .text.nrf_drv_usbd_init
                0x000000000000a7e8      0x16c _build/nrf52840_xxaa/nrf_drv_usbd.c.o
                0x000000000000a7e8                nrf_drv_usbd_init
 .text.nrf_drv_usbd_uninit
                0x000000000000a954       0x20 _build/nrf52840_xxaa/nrf_drv_usbd.c.o
                0x000000000000a954                nrf_drv_usbd_uninit
 .text.nrf_drv_usbd_enable
                0x000000000000a974      0x178 _build/nrf52840_xxaa/nrf_drv_usbd.c.o
                0x000000000000a974                nrf_drv_usbd_enable
 .text.nrf_drv_usbd_start
                0x000000000000aaec       0x88 _build/nrf52840_xxaa/nrf_drv_usbd.c.o
                0x000000000000aaec                nrf_drv_usbd_start
 .text.nrf_drv_usbd_is_initialized
                0x000000000000ab74       0x10 _build/nrf52840_xxaa/nrf_drv_usbd.c.o
                0x000000000000ab74                nrf_drv_usbd_is_initialized
 .text.nrf_drv_usbd_is_enabled
                0x000000000000ab84       0x14 _build/nrf52840_xxaa/nrf_drv_usbd.c.o
                0x000000000000ab84                nrf_drv_usbd_is_enabled
 .text.nrf_drv_usbd_is_started
                0x000000000000ab98       0x1c _build/nrf52840_xxaa/nrf_drv_usbd.c.o
                0x000000000000ab98                nrf_drv_usbd_is_started
 .text.nrf_drv_usbd_wakeup_req
                0x000000000000abb4       0x6c _build/nrf52840_xxaa/nrf_drv_usbd.c.o
                0x000000000000abb4                nrf_drv_usbd_wakeup_req
 .text.nrf_drv_usbd_suspend_irq_config
                0x000000000000ac20       0x14 _build/nrf52840_xxaa/nrf_drv_usbd.c.o
                0x000000000000ac20                nrf_drv_usbd_suspend_irq_config
 .text.nrf_drv_usbd_active_irq_config
                0x000000000000ac34       0x14 _build/nrf52840_xxaa/nrf_drv_usbd.c.o
                0x000000000000ac34                nrf_drv_usbd_active_irq_config
 .text.nrf_drv_usbd_force_bus_wakeup
                0x000000000000ac48        0xc _build/nrf52840_xxaa/nrf_drv_usbd.c.o
                0x000000000000ac48                nrf_drv_usbd_force_bus_wakeup
 .text.nrf_drv_usbd_ep_max_packet_size_get
                0x000000000000ac54       0x38 _build/nrf52840_xxaa/nrf_drv_usbd.c.o
                0x000000000000ac54                nrf_drv_usbd_ep_max_packet_size_get
 .text.nrf_drv_usbd_ep_enable_check
                0x000000000000ac8c       0x44 _build/nrf52840_xxaa/nrf_drv_usbd.c.o
                0x000000000000ac8c                nrf_drv_usbd_ep_enable_check
 .text.nrf_drv_usbd_ep_transfer
                0x000000000000acd0      0x194 _build/nrf52840_xxaa/nrf_drv_usbd.c.o
                0x000000000000acd0                nrf_drv_usbd_ep_transfer
 .text.nrf_drv_usbd_ep_handled_transfer
                0x000000000000ae64      0x108 _build/nrf52840_xxaa/nrf_drv_usbd.c.o
                0x000000000000ae64                nrf_drv_usbd_ep_handled_transfer
 .text.nrf_drv_usbd_feeder_buffer_get
                0x000000000000af6c        0x8 _build/nrf52840_xxaa/nrf_drv_usbd.c.o
                0x000000000000af6c                nrf_drv_usbd_feeder_buffer_get
 .text.nrf_drv_usbd_ep_stall
                0x000000000000af74       0x44 _build/nrf52840_xxaa/nrf_drv_usbd.c.o
                0x000000000000af74                nrf_drv_usbd_ep_stall
 .text.nrf_drv_usbd_ep_stall_check
                0x000000000000afb8       0x50 _build/nrf52840_xxaa/nrf_drv_usbd.c.o
                0x000000000000afb8                nrf_drv_usbd_ep_stall_check
 .text.nrf_drv_usbd_ep_dtoggle_clear
                0x000000000000b008       0x48 _build/nrf52840_xxaa/nrf_drv_usbd.c.o
                0x000000000000b008                nrf_drv_usbd_ep_dtoggle_clear
 .text.nrf_drv_usbd_setup_get
                0x000000000000b050       0x4c _build/nrf52840_xxaa/nrf_drv_usbd.c.o
                0x000000000000b050                nrf_drv_usbd_setup_get
 .text.nrf_drv_usbd_setup_data_clear
                0x000000000000b09c       0x50 _build/nrf52840_xxaa/nrf_drv_usbd.c.o
                0x000000000000b09c                nrf_drv_usbd_setup_data_clear
 .text.nrf_drv_usbd_setup_clear
                0x000000000000b0ec       0x14 _build/nrf52840_xxaa/nrf_drv_usbd.c.o
                0x000000000000b0ec                nrf_drv_usbd_setup_clear
 .text.nrf_drv_usbd_setup_stall
                0x000000000000b100       0x14 _build/nrf52840_xxaa/nrf_drv_usbd.c.o
                0x000000000000b100                nrf_drv_usbd_setup_stall
 .text.nrf_drv_usbd_last_setup_dir_get
                0x000000000000b114        0xc _build/nrf52840_xxaa/nrf_drv_usbd.c.o
                0x000000000000b114                nrf_drv_usbd_last_setup_dir_get
 .text.nrf_drv_usbd_transfer_out_drop
                0x000000000000b120      0x104 _build/nrf52840_xxaa/nrf_drv_usbd.c.o
                0x000000000000b120                nrf_drv_usbd_transfer_out_drop
 .text.USBD_IRQHandler
                0x000000000000b224      0x474 _build/nrf52840_xxaa/nrf_drv_usbd.c.o
                0x000000000000b224                USBD_IRQHandler
 .text.nrf_drv_usbd_ep_enable
                0x000000000000b698      0x128 _build/nrf52840_xxaa/nrf_drv_usbd.c.o
                0x000000000000b698                nrf_drv_usbd_ep_enable
 .text.nrf_drv_usbd_ep_stall_clear
                0x000000000000b7c0       0x6c _build/nrf52840_xxaa/nrf_drv_usbd.c.o
                0x000000000000b7c0                nrf_drv_usbd_ep_stall_clear
 .text.nrf_drv_usbd_ep_abort
                0x000000000000b82c      0x1cc _build/nrf52840_xxaa/nrf_drv_usbd.c.o
                0x000000000000b82c                nrf_drv_usbd_ep_abort
 .text.nrf_drv_usbd_ep_disable
                0x000000000000b9f8      0x2a0 _build/nrf52840_xxaa/nrf_drv_usbd.c.o
                0x000000000000b9f8                nrf_drv_usbd_ep_disable
 .text.nrf_drv_usbd_stop
                0x000000000000bc98      0x1bc _build/nrf52840_xxaa/nrf_drv_usbd.c.o
                0x000000000000bc98                nrf_drv_usbd_stop
 .text.nrf_drv_usbd_suspend
                0x000000000000be54      0x1c0 _build/nrf52840_xxaa/nrf_drv_usbd.c.o
                0x000000000000be54                nrf_drv_usbd_suspend
 .text.nrf_drv_usbd_disable
                0x000000000000c014      0x248 _build/nrf52840_xxaa/nrf_drv_usbd.c.o
                0x000000000000c014                nrf_drv_usbd_disable
 .text.ev_setup_handler
                0x000000000000c25c      0x260 _build/nrf52840_xxaa/nrf_drv_usbd.c.o
 .text.nrfx_clock_init
                0x000000000000c4bc       0x2c _build/nrf52840_xxaa/nrfx_clock.c.o
                0x000000000000c4bc                nrfx_clock_init
 .text.nrfx_clock_enable
                0x000000000000c4e8       0x48 _build/nrf52840_xxaa/nrfx_clock.c.o
                0x000000000000c4e8                nrfx_clock_enable
 .text.nrfx_clock_lfclk_start
                0x000000000000c530       0x44 _build/nrf52840_xxaa/nrfx_clock.c.o
                0x000000000000c530                nrfx_clock_lfclk_start
 .text.nrfx_clock_hfclk_start
                0x000000000000c574       0x3c _build/nrf52840_xxaa/nrfx_clock.c.o
                0x000000000000c574                nrfx_clock_hfclk_start
 .text.nrfx_clock_hfclk_stop
                0x000000000000c5b0       0x40 _build/nrf52840_xxaa/nrfx_clock.c.o
                0x000000000000c5b0                nrfx_clock_hfclk_stop
 .text.nrfx_clock_irq_handler
                0x000000000000c5f0       0x64 _build/nrf52840_xxaa/nrfx_clock.c.o
                0x000000000000c5f0                nrfx_clock_irq_handler
 .text.nrfx_gpiote_init
                0x000000000000c654       0x98 _build/nrf52840_xxaa/nrfx_gpiote.c.o
                0x000000000000c654                nrfx_gpiote_init
 .text.nrfx_gpiote_is_init
                0x000000000000c6ec       0x14 _build/nrf52840_xxaa/nrfx_gpiote.c.o
                0x000000000000c6ec                nrfx_gpiote_is_init
 .text.nrfx_gpiote_in_init
                0x000000000000c700      0x21c _build/nrf52840_xxaa/nrfx_gpiote.c.o
                0x000000000000c700                nrfx_gpiote_in_init
 .text.nrfx_gpiote_in_event_enable
                0x000000000000c91c      0x13c _build/nrf52840_xxaa/nrfx_gpiote.c.o
                0x000000000000c91c                nrfx_gpiote_in_event_enable
 .text.nrfx_gpiote_in_is_set
                0x000000000000ca58       0x50 _build/nrf52840_xxaa/nrfx_gpiote.c.o
                0x000000000000ca58                nrfx_gpiote_in_is_set
 .text.GPIOTE_IRQHandler
                0x000000000000caa8      0x644 _build/nrf52840_xxaa/nrfx_gpiote.c.o
                0x000000000000caa8                GPIOTE_IRQHandler
 .text.nrfx_power_init
                0x000000000000d0ec       0x5c _build/nrf52840_xxaa/nrfx_power.c.o
                0x000000000000d0ec                nrfx_power_init
 .text.nrfx_power_usbevt_init
                0x000000000000d148       0x14 _build/nrf52840_xxaa/nrfx_power.c.o
                0x000000000000d148                nrfx_power_usbevt_init
 .text.nrfx_power_usbevt_enable
                0x000000000000d15c       0x10 _build/nrf52840_xxaa/nrfx_power.c.o
                0x000000000000d15c                nrfx_power_usbevt_enable
 .text.nrfx_power_usbevt_disable
                0x000000000000d16c       0x10 _build/nrf52840_xxaa/nrfx_power.c.o
                0x000000000000d16c                nrfx_power_usbevt_disable
 .text.nrfx_power_usbevt_uninit
                0x000000000000d17c        0xc _build/nrf52840_xxaa/nrfx_power.c.o
                0x000000000000d17c                nrfx_power_usbevt_uninit
 .text.nrfx_power_irq_handler
                0x000000000000d188      0x124 _build/nrf52840_xxaa/nrfx_power.c.o
                0x000000000000d188                nrfx_power_irq_handler
 .text.POWER_CLOCK_IRQHandler
                0x000000000000d2ac       0x10 _build/nrf52840_xxaa/nrfx_power_clock.c.o
                0x000000000000d2ac                POWER_CLOCK_IRQHandler
 .text.UARTE0_UART0_IRQHandler
                0x000000000000d2bc       0x28 _build/nrf52840_xxaa/nrfx_prs.c.o
                0x000000000000d2bc                UARTE0_UART0_IRQHandler
 .text.nrfx_prs_acquire
                0x000000000000d2e4       0x58 _build/nrf52840_xxaa/nrfx_prs.c.o
                0x000000000000d2e4                nrfx_prs_acquire
 .text.nrfx_prs_release
                0x000000000000d33c       0x28 _build/nrf52840_xxaa/nrfx_prs.c.o
                0x000000000000d33c                nrfx_prs_release
 .text.nrfx_uart_0_irq_handler
                0x000000000000d364      0x1bc _build/nrf52840_xxaa/nrfx_uart.c.o
                0x000000000000d364                nrfx_uart_0_irq_handler
 .text.nrfx_uart_init
                0x000000000000d520      0x2c8 _build/nrf52840_xxaa/nrfx_uart.c.o
                0x000000000000d520                nrfx_uart_init
 .text.nrfx_uart_uninit
                0x000000000000d7e8      0x150 _build/nrf52840_xxaa/nrfx_uart.c.o
                0x000000000000d7e8                nrfx_uart_uninit
 .text.nrfx_uart_tx
                0x000000000000d938      0x124 _build/nrf52840_xxaa/nrfx_uart.c.o
                0x000000000000d938                nrfx_uart_tx
 .text.nrfx_uarte_0_irq_handler
                0x000000000000da5c      0x128 _build/nrf52840_xxaa/nrfx_uarte.c.o
                0x000000000000da5c                nrfx_uarte_0_irq_handler
 .text.nrfx_uarte_init
                0x000000000000db84      0x2e4 _build/nrf52840_xxaa/nrfx_uarte.c.o
                0x000000000000db84                nrfx_uarte_init
 .text.nrfx_uarte_uninit
                0x000000000000de68      0x154 _build/nrf52840_xxaa/nrfx_uarte.c.o
                0x000000000000de68                nrfx_uarte_uninit
 .text.nrfx_uarte_tx
                0x000000000000dfbc      0x118 _build/nrf52840_xxaa/nrfx_uarte.c.o
                0x000000000000dfbc                nrfx_uarte_tx
 .text.alert_timer_handler
                0x000000000000e0d4        0x8 _build/nrf52840_xxaa/bsp.c.o
 .text.bsp_button_event_handler
                0x000000000000e0dc       0x7c _build/nrf52840_xxaa/bsp.c.o
 .text.button_timer_handler
                0x000000000000e158       0x28 _build/nrf52840_xxaa/bsp.c.o
 .text.leds_timer_handler
                0x000000000000e180      0x2ec _build/nrf52840_xxaa/bsp.c.o
 .text.bsp_init
                0x000000000000e46c       0xb0 _build/nrf52840_xxaa/bsp.c.o
                0x000000000000e46c                bsp_init
 .text.bsp_event_to_button_action_assign
                0x000000000000e51c       0x3c _build/nrf52840_xxaa/bsp.c.o
                0x000000000000e51c                bsp_event_to_button_action_assign
 .text.crc16_compute
                0x000000000000e558       0x3c _build/nrf52840_xxaa/crc16.c.o
                0x000000000000e558                crc16_compute
 .text.hid_user_ev_handler
                0x000000000000e594       0xb4 _build/nrf52840_xxaa/main.c.o
 .text.usbd_user_ev_handler
                0x000000000000e648       0xcc _build/nrf52840_xxaa/main.c.o
 .text.idle_handle
                0x000000000000e714       0x2c _build/nrf52840_xxaa/main.c.o
 .text.nrf_esb_event_handler
                0x000000000000e740       0x88 _build/nrf52840_xxaa/main.c.o
                0x000000000000e740                nrf_esb_event_handler
 .text.bsp_event_callback
                0x000000000000e7c8       0x4c _build/nrf52840_xxaa/main.c.o
 .text.esb_init
                0x000000000000e814       0x74 _build/nrf52840_xxaa/main.c.o
                0x000000000000e814                esb_init
 .text.startup.main
                0x000000000000e888      0x37c _build/nrf52840_xxaa/main.c.o
                0x000000000000e888                main
 .text.SystemInit
                0x000000000000ec04      0x1c4 _build/nrf52840_xxaa/system_nrf52840.c.o
                0x000000000000ec04                SystemInit
 .text.update_rf_payload_format_esb_dpl
                0x000000000000edc8       0x2c _build/nrf52840_xxaa/nrf_esb_illegalmod.c.o
 .text.update_rf_payload_format_esb
                0x000000000000edf4       0x2c _build/nrf52840_xxaa/nrf_esb_illegalmod.c.o
 .text.update_rf_payload_format_esb_illegal
                0x000000000000ee20       0x20 _build/nrf52840_xxaa/nrf_esb_illegalmod.c.o
 .text.on_radio_disabled_rx_ack
                0x000000000000ee40       0x50 _build/nrf52840_xxaa/nrf_esb_illegalmod.c.o
 .text.rx_fifo_push_rfbuf
                0x000000000000ee90       0x9c _build/nrf52840_xxaa/nrf_esb_illegalmod.c.o
 .text.on_radio_disabled_rx
                0x000000000000ef2c      0x26c _build/nrf52840_xxaa/nrf_esb_illegalmod.c.o
 .text.RADIO_IRQHandler
                0x000000000000f198       0x54 _build/nrf52840_xxaa/nrf_esb_illegalmod.c.o
                0x000000000000f198                RADIO_IRQHandler
 .text.nrf_esb_init
                0x000000000000f1ec      0x2e8 _build/nrf52840_xxaa/nrf_esb_illegalmod.c.o
                0x000000000000f1ec                nrf_esb_init
 .text.SWI0_EGU0_IRQHandler
                0x000000000000f4d4       0x6c _build/nrf52840_xxaa/nrf_esb_illegalmod.c.o
                0x000000000000f4d4                SWI0_EGU0_IRQHandler
 .text.nrf_esb_read_rx_payload
                0x000000000000f540       0x70 _build/nrf52840_xxaa/nrf_esb_illegalmod.c.o
                0x000000000000f540                nrf_esb_read_rx_payload
 .text.nrf_esb_start_rx
                0x000000000000f5b0       0x90 _build/nrf52840_xxaa/nrf_esb_illegalmod.c.o
                0x000000000000f5b0                nrf_esb_start_rx
 .text.nrf_esb_set_base_address_0
                0x000000000000f640       0x40 _build/nrf52840_xxaa/nrf_esb_illegalmod.c.o
                0x000000000000f640                nrf_esb_set_base_address_0
 .text.nrf_esb_set_base_address_1
                0x000000000000f680       0x40 _build/nrf52840_xxaa/nrf_esb_illegalmod.c.o
                0x000000000000f680                nrf_esb_set_base_address_1
 .text.nrf_esb_set_prefixes
                0x000000000000f6c0       0x64 _build/nrf52840_xxaa/nrf_esb_illegalmod.c.o
                0x000000000000f6c0                nrf_esb_set_prefixes
 .text.nrf_esb_set_rf_channel
                0x000000000000f724       0x28 _build/nrf52840_xxaa/nrf_esb_illegalmod.c.o
                0x000000000000f724                nrf_esb_set_rf_channel
 .text          0x000000000000f74c        0xc /usr/lib/gcc/arm-none-eabi/7.3.1/../../../arm-none-eabi/lib/thumb/v7e-m/fpv4-sp/hard/libc_nano.a(lib_a-atexit.o)
                0x000000000000f74c                atexit
 .text          0x000000000000f758       0x28 /usr/lib/gcc/arm-none-eabi/7.3.1/../../../arm-none-eabi/lib/thumb/v7e-m/fpv4-sp/hard/libc_nano.a(lib_a-exit.o)
                0x000000000000f758                exit
 .text          0x000000000000f780       0x34 /usr/lib/gcc/arm-none-eabi/7.3.1/../../../arm-none-eabi/lib/thumb/v7e-m/fpv4-sp/hard/libc_nano.a(lib_a-fini.o)
                0x000000000000f780                __libc_fini_array
 .text          0x000000000000f7b4       0x48 /usr/lib/gcc/arm-none-eabi/7.3.1/../../../arm-none-eabi/lib/thumb/v7e-m/fpv4-sp/hard/libc_nano.a(lib_a-init.o)
                0x000000000000f7b4                __libc_init_array
 .text          0x000000000000f7fc       0x90 /usr/lib/gcc/arm-none-eabi/7.3.1/../../../arm-none-eabi/lib/thumb/v7e-m/fpv4-sp/hard/libc_nano.a(lib_a-locale.o)
                0x000000000000f7fc                _setlocale_r
                0x000000000000f83c                __locale_mb_cur_max
                0x000000000000f858                __locale_ctype_ptr_l
                0x000000000000f860                __locale_ctype_ptr
                0x000000000000f87c                setlocale
 .text          0x000000000000f88c       0x50 /usr/lib/gcc/arm-none-eabi/7.3.1/../../../arm-none-eabi/lib/thumb/v7e-m/fpv4-sp/hard/libc_nano.a(lib_a-mbtowc_r.o)
                0x000000000000f88c                _mbtowc_r
                0x000000000000f8b0                __ascii_mbtowc
 .text          0x000000000000f8dc      0x134 /usr/lib/gcc/arm-none-eabi/7.3.1/../../../arm-none-eabi/lib/thumb/v7e-m/fpv4-sp/hard/libc_nano.a(lib_a-memcpy.o)
                0x000000000000f8dc                memcpy
 .text          0x000000000000fa10       0x94 /usr/lib/gcc/arm-none-eabi/7.3.1/../../../arm-none-eabi/lib/thumb/v7e-m/fpv4-sp/hard/libc_nano.a(lib_a-memset.o)
                0x000000000000fa10                memset
 *fill*         0x000000000000faa4       0x1c 
 .text          0x000000000000fac0      0x2dc /usr/lib/gcc/arm-none-eabi/7.3.1/../../../arm-none-eabi/lib/thumb/v7e-m/fpv4-sp/hard/libc_nano.a(lib_a-strcmp.o)
                0x000000000000fac8                strcmp
 *fill*         0x000000000000fd9c       0x24 
 .text          0x000000000000fdc0       0xdc /usr/lib/gcc/arm-none-eabi/7.3.1/../../../arm-none-eabi/lib/thumb/v7e-m/fpv4-sp/hard/libc_nano.a(lib_a-strlen.o)
                0x000000000000fdc0                strlen
 .text          0x000000000000fe9c       0x98 /usr/lib/gcc/arm-none-eabi/7.3.1/../../../arm-none-eabi/lib/thumb/v7e-m/fpv4-sp/hard/libc_nano.a(lib_a-strncmp.o)
                0x000000000000fe9c                strncmp
 .text          0x000000000000ff34       0x40 /usr/lib/gcc/arm-none-eabi/7.3.1/../../../arm-none-eabi/lib/thumb/v7e-m/fpv4-sp/hard/libc_nano.a(lib_a-wctomb_r.o)
                0x000000000000ff34                _wctomb_r
                0x000000000000ff58                __ascii_wctomb
 .text          0x000000000000ff74       0xa4 /usr/lib/gcc/arm-none-eabi/7.3.1/../../../arm-none-eabi/lib/thumb/v7e-m/fpv4-sp/hard/libc_nano.a(lib_a-__atexit.o)
                0x000000000000ff74                __register_exitproc
 .text          0x0000000000010018       0xa4 /usr/lib/gcc/arm-none-eabi/7.3.1/../../../arm-none-eabi/lib/thumb/v7e-m/fpv4-sp/hard/libc_nano.a(lib_a-__call_atexit.o)
                0x0000000000010018                __call_exitprocs
 .text          0x00000000000100bc        0x4 /usr/lib/gcc/arm-none-eabi/7.3.1/../../../arm-none-eabi/lib/thumb/v7e-m/fpv4-sp/hard/libnosys.a(_exit.o)
                0x00000000000100bc                _exit
 .text          0x00000000000100c0       0x30 /usr/lib/gcc/arm-none-eabi/7.3.1/thumb/v7e-m/fpv4-sp/hard/libgcc.a(_aeabi_uldivmod.o)
                0x00000000000100c0                __aeabi_uldivmod
 .text          0x00000000000100f0      0x2cc /usr/lib/gcc/arm-none-eabi/7.3.1/thumb/v7e-m/fpv4-sp/hard/libgcc.a(_udivmoddi4.o)
                0x00000000000100f0                __udivmoddi4
 .text          0x00000000000103bc        0x4 /usr/lib/gcc/arm-none-eabi/7.3.1/thumb/v7e-m/fpv4-sp/hard/libgcc.a(_dvmd_tls.o)
                0x00000000000103bc                __aeabi_ldiv0
                0x00000000000103bc                __aeabi_idiv0
 *(.init)
 .init          0x00000000000103c0        0x4 /usr/lib/gcc/arm-none-eabi/7.3.1/thumb/v7e-m/fpv4-sp/hard/crti.o
                0x00000000000103c0                _init
 .init          0x00000000000103c4        0x8 /usr/lib/gcc/arm-none-eabi/7.3.1/thumb/v7e-m/fpv4-sp/hard/crtn.o
 *(.fini)
 .fini          0x00000000000103cc        0x4 /usr/lib/gcc/arm-none-eabi/7.3.1/thumb/v7e-m/fpv4-sp/hard/crti.o
                0x00000000000103cc                _fini
 .fini          0x00000000000103d0        0x8 /usr/lib/gcc/arm-none-eabi/7.3.1/thumb/v7e-m/fpv4-sp/hard/crtn.o
 *crtbegin.o(.ctors)
 *crtbegin?.o(.ctors)
 *(EXCLUDE_FILE(*crtend.o *crtend?.o) .ctors)
 *(SORT(.ctors.*))
 *(.ctors)
 *crtbegin.o(.dtors)
 *crtbegin?.o(.dtors)
 *(EXCLUDE_FILE(*crtend.o *crtend?.o) .dtors)
 *(SORT(.dtors.*))
 *(.dtors)
 *(.rodata*)
 .rodata        0x00000000000103d8       0x20 _build/nrf52840_xxaa/nrf_log_backend_uart.c.o
 .rodata.nrf_log_backend_uart_api
                0x00000000000103f8        0xc _build/nrf52840_xxaa/nrf_log_backend_uart.c.o
                0x00000000000103f8                nrf_log_backend_uart_api
 .rodata.serial_tx.str1.4
                0x0000000000010404       0x46 _build/nrf52840_xxaa/nrf_log_backend_uart.c.o
 *fill*         0x000000000001044a        0x2 
 .rodata.str1.4
                0x000000000001044c       0x11 _build/nrf52840_xxaa/nrf_log_default_backends.c.o
 *fill*         0x000000000001045d        0x3 
 .rodata.log_backend_ctrl.str1.4
                0x0000000000010460       0x95 _build/nrf52840_xxaa/nrf_log_frontend.c.o
 *fill*         0x00000000000104f5        0x3 
 .rodata.log_backend_halt.str1.4
                0x00000000000104f8       0x16 _build/nrf52840_xxaa/nrf_log_frontend.c.o
 *fill*         0x000000000001050e        0x2 
 .rodata.log_cmd.str1.4
                0x0000000000010510       0x21 _build/nrf52840_xxaa/nrf_log_frontend.c.o
 *fill*         0x0000000000010531        0x3 
 .rodata.log_cmd_backends_list.str1.4
                0x0000000000010534       0x55 _build/nrf52840_xxaa/nrf_log_frontend.c.o
 *fill*         0x0000000000010589        0x3 
 .rodata.log_config_load_cmd.str1.4
                0x000000000001058c       0x11 _build/nrf52840_xxaa/nrf_log_frontend.c.o
 *fill*         0x000000000001059d        0x3 
 .rodata.log_skip.str1.4
                0x00000000000105a0       0x42 _build/nrf52840_xxaa/nrf_log_frontend.c.o
 *fill*         0x00000000000105e2        0x2 
 .rodata.log_status.str1.4
                0x00000000000105e4       0xa2 _build/nrf52840_xxaa/nrf_log_frontend.c.o
                                         0xa6 (size before relaxing)
 *fill*         0x0000000000010686        0x2 
 .rodata.m_backend_name_dynamic
                0x0000000000010688        0x8 _build/nrf52840_xxaa/nrf_log_frontend.c.o
 .rodata.m_log_push_ringbuf
                0x0000000000010690        0xc _build/nrf52840_xxaa/nrf_log_frontend.c.o
 .rodata.m_module_name
                0x000000000001069c        0x8 _build/nrf52840_xxaa/nrf_log_frontend.c.o
 .rodata.m_severity_lvl
                0x00000000000106a4        0x8 _build/nrf52840_xxaa/nrf_log_frontend.c.o
 .rodata.m_severity_lvls
                0x00000000000106ac       0x14 _build/nrf52840_xxaa/nrf_log_frontend.c.o
 .rodata.m_severity_lvls_sorted
                0x00000000000106c0       0x14 _build/nrf52840_xxaa/nrf_log_frontend.c.o
 .rodata.m_sub_log_backend
                0x00000000000106d4        0x8 _build/nrf52840_xxaa/nrf_log_frontend.c.o
 .rodata.m_sub_log_backend_raw
                0x00000000000106dc       0x60 _build/nrf52840_xxaa/nrf_log_frontend.c.o
 .rodata.m_sub_log_config
                0x000000000001073c        0x8 _build/nrf52840_xxaa/nrf_log_frontend.c.o
 .rodata.m_sub_log_config_raw
                0x0000000000010744       0x30 _build/nrf52840_xxaa/nrf_log_frontend.c.o
 .rodata.m_sub_log_stat
                0x0000000000010774        0x8 _build/nrf52840_xxaa/nrf_log_frontend.c.o
 .rodata.m_sub_log_stat_raw
                0x000000000001077c       0x90 _build/nrf52840_xxaa/nrf_log_frontend.c.o
 .rodata.nrf_cli_log_raw
                0x000000000001080c       0x10 _build/nrf52840_xxaa/nrf_log_frontend.c.o
                0x000000000001080c                nrf_cli_log_raw
 .rodata.nrf_log_frontend_dequeue.part.12.str1.4
                0x000000000001081c       0x11 _build/nrf52840_xxaa/nrf_log_frontend.c.o
 *fill*         0x000000000001082d        0x3 
 .rodata.str1.4
                0x0000000000010830      0x27b _build/nrf52840_xxaa/nrf_log_frontend.c.o
                                        0x283 (size before relaxing)
 *fill*         0x0000000000010aab        0x1 
 .rodata.m_colors
                0x0000000000010aac       0x24 _build/nrf52840_xxaa/nrf_log_str_formatter.c.o
 .rodata.nrf_log_hexdump_entry_process.str1.4
                0x0000000000010ad0       0x13 _build/nrf52840_xxaa/nrf_log_str_formatter.c.o
                                         0x16 (size before relaxing)
 *fill*         0x0000000000010ae3        0x1 
 .rodata.nrf_log_std_entry_process.str1.4
                0x0000000000010ae4       0x32 _build/nrf52840_xxaa/nrf_log_str_formatter.c.o
                                         0x3b (size before relaxing)
 *fill*         0x0000000000010b16        0x2 
 .rodata.severity_names
                0x0000000000010b18       0x14 _build/nrf52840_xxaa/nrf_log_str_formatter.c.o
 .rodata.str1.4
                0x0000000000010b2c       0x38 _build/nrf52840_xxaa/nrf_log_str_formatter.c.o
                                         0x56 (size before relaxing)
 .rodata.bsp_board_led_state_get.str1.4
                0x0000000000010b64       0x5e _build/nrf52840_xxaa/boards.c.o
 *fill*         0x0000000000010bc2        0x2 
 .rodata.m_board_led_list
                0x0000000000010bc4        0x4 _build/nrf52840_xxaa/boards.c.o
 .rodata.app_button_enable.str1.4
                0x0000000000010bc8       0x3b _build/nrf52840_xxaa/app_button.c.o
 *fill*         0x0000000000010c03        0x1 
 .rodata.m_detection_delay_timer_id
                0x0000000000010c04        0x4 _build/nrf52840_xxaa/app_button.c.o
 .rodata.app_error_fault_handler.str1.4
                0x0000000000010c08       0x70 _build/nrf52840_xxaa/app_error_weak.c.o
 *fill*         0x0000000000010c78        0x8 
 .rodata.delay_bytecode.8546
                0x0000000000010c80        0x6 _build/nrf52840_xxaa/app_timer.c.o
 *fill*         0x0000000000010c86        0x2 
 .rodata.CSWTCH.77
                0x0000000000010c88        0x7 _build/nrf52840_xxaa/app_usbd.c.o
 *fill*         0x0000000000010c8f        0x1 
 .rodata.app_usbd_hfclk_ready.str1.4
                0x0000000000010c90       0x37 _build/nrf52840_xxaa/app_usbd.c.o
 *fill*         0x0000000000010cc7        0x1 
 .rodata.config.10679
                0x0000000000010cc8        0x4 _build/nrf52840_xxaa/app_usbd.c.o
 .rodata.ev.10572
                0x0000000000010ccc        0x4 _build/nrf52840_xxaa/app_usbd.c.o
 .rodata.ev.10575
                0x0000000000010cd0        0x4 _build/nrf52840_xxaa/app_usbd.c.o
 .rodata.ev.10577
                0x0000000000010cd4        0x4 _build/nrf52840_xxaa/app_usbd.c.o
 .rodata.event_setaddress.10560
                0x0000000000010cd8        0x4 _build/nrf52840_xxaa/app_usbd.c.o
 .rodata.evt_data.10585
                0x0000000000010cdc        0x1 _build/nrf52840_xxaa/app_usbd.c.o
 *fill*         0x0000000000010cdd        0x3 
 .rodata.evt_data.10703
                0x0000000000010ce0        0x1 _build/nrf52840_xxaa/app_usbd.c.o
 *fill*         0x0000000000010ce1        0x3 
 .rodata.evt_data.10723
                0x0000000000010ce4        0x1 _build/nrf52840_xxaa/app_usbd.c.o
 *fill*         0x0000000000010ce5        0x3 
 .rodata.evt_data.10726
                0x0000000000010ce8        0x1 _build/nrf52840_xxaa/app_usbd.c.o
 *fill*         0x0000000000010ce9        0x3 
 .rodata.evt_data.10736
                0x0000000000010cec        0x1 _build/nrf52840_xxaa/app_usbd.c.o
 *fill*         0x0000000000010ced        0x3 
 .rodata.evt_data.10745
                0x0000000000010cf0        0x1 _build/nrf52840_xxaa/app_usbd.c.o
 *fill*         0x0000000000010cf1        0x3 
 .rodata.str1.4
                0x0000000000010cf4       0x21 _build/nrf52840_xxaa/app_usbd.c.o
 *fill*         0x0000000000010d15        0x3 
 .rodata.app_usbd_core_inst
                0x0000000000010d18       0x10 _build/nrf52840_xxaa/app_usbd_core.c.o
                0x0000000000010d18                app_usbd_core_inst
 .rodata.evt_data.9754
                0x0000000000010d28        0x1 _build/nrf52840_xxaa/app_usbd_core.c.o
 *fill*         0x0000000000010d29        0x3 
 .rodata.m_configuration_dsc
                0x0000000000010d2c        0x9 _build/nrf52840_xxaa/app_usbd_core.c.o
 *fill*         0x0000000000010d35        0x3 
 .rodata.m_core_methods
                0x0000000000010d38       0x14 _build/nrf52840_xxaa/app_usbd_core.c.o
 .rodata.m_device_dsc
                0x0000000000010d4c       0x12 _build/nrf52840_xxaa/app_usbd_core.c.o
 *fill*         0x0000000000010d5e        0x2 
 .rodata.m_setup_data_handler_empty_desc
                0x0000000000010d60        0x8 _build/nrf52840_xxaa/app_usbd_core.c.o
 .rodata.str1.4
                0x0000000000010d68        0xe _build/nrf52840_xxaa/app_usbd_core.c.o
 *fill*         0x0000000000010d76        0x2 
 .rodata.usbd_descriptor_conf_feeder.str1.4
                0x0000000000010d78       0x74 _build/nrf52840_xxaa/app_usbd_core.c.o
 .rodata.usbd_descriptor_feeder_desc
                0x0000000000010dec        0x8 _build/nrf52840_xxaa/app_usbd_core.c.o
 .rodata.app_usbd_hid_event_handler.str1.4
                0x0000000000010df4       0x45 _build/nrf52840_xxaa/app_usbd_hid.c.o
 *fill*         0x0000000000010e39        0x3 
 .rodata.app_usbd_generic_class_methods
                0x0000000000010e3c       0x14 _build/nrf52840_xxaa/app_usbd_hid_generic.c.o
                0x0000000000010e3c                app_usbd_generic_class_methods
 .rodata.app_usbd_hid_generic_methods
                0x0000000000010e50       0x20 _build/nrf52840_xxaa/app_usbd_hid_generic.c.o
                0x0000000000010e50                app_usbd_hid_generic_methods
 .rodata.hid_generic_feed_descriptors.str1.4
                0x0000000000010e70       0x9a _build/nrf52840_xxaa/app_usbd_hid_generic.c.o
 *fill*         0x0000000000010f0a        0x2 
 .rodata.hid_generic_on_set_report.str1.4
                0x0000000000010f0c       0x45 _build/nrf52840_xxaa/app_usbd_hid_generic.c.o
 *fill*         0x0000000000010f51        0x3 
 .rodata.__compound_literal.1
                0x0000000000010f54        0x6 _build/nrf52840_xxaa/app_usbd_string_desc.c.o
 *fill*         0x0000000000010f5a        0x2 
 .rodata.__compound_literal.2
                0x0000000000010f5c       0x15 _build/nrf52840_xxaa/app_usbd_string_desc.c.o
 *fill*         0x0000000000010f71        0x3 
 .rodata.__compound_literal.3
                0x0000000000010f74       0x1b _build/nrf52840_xxaa/app_usbd_string_desc.c.o
 *fill*         0x0000000000010f8f        0x1 
 .rodata.__compound_literal.4
                0x0000000000010f90        0xd _build/nrf52840_xxaa/app_usbd_string_desc.c.o
 *fill*         0x0000000000010f9d        0x3 
 .rodata.__compound_literal.5
                0x0000000000010fa0       0x16 _build/nrf52840_xxaa/app_usbd_string_desc.c.o
 *fill*         0x0000000000010fb6        0x2 
 .rodata.__compound_literal.6
                0x0000000000010fb8        0x7 _build/nrf52840_xxaa/app_usbd_string_desc.c.o
 *fill*         0x0000000000010fbf        0x1 
 .rodata.app_usbd_string_desc_get.str1.4
                0x0000000000010fc0       0x43 _build/nrf52840_xxaa/app_usbd_string_desc.c.o
 *fill*         0x0000000000011003        0x1 
 .rodata.m_string_dsc
                0x0000000000011004       0x18 _build/nrf52840_xxaa/app_usbd_string_desc.c.o
 .rodata.m_string_translation
                0x000000000001101c        0x6 _build/nrf52840_xxaa/app_usbd_string_desc.c.o
 *fill*         0x0000000000011022        0x2 
 .rodata.app_util_critical_region_enter.str1.4
                0x0000000000011024       0x40 _build/nrf52840_xxaa/app_util_platform.c.o
 .rodata.HardFault_c_handler.str1.4
                0x0000000000011064      0x136 _build/nrf52840_xxaa/hardfault_implementation.c.o
 *fill*         0x000000000001119a        0x2 
 .rodata.cfsr_msgs.8748
                0x000000000001119c       0x68 _build/nrf52840_xxaa/hardfault_implementation.c.o
 .rodata.str1.4
                0x0000000000011204      0x4de _build/nrf52840_xxaa/hardfault_implementation.c.o
 *fill*         0x00000000000116e2        0x2 
 .rodata.nrf_balloc_commands
                0x00000000000116e4        0x8 _build/nrf52840_xxaa/nrf_balloc.c.o
 .rodata.nrf_balloc_commands_raw
                0x00000000000116ec       0x20 _build/nrf52840_xxaa/nrf_balloc.c.o
 .rodata.nrf_balloc_init.str1.4
                0x000000000001170c       0x3b _build/nrf52840_xxaa/nrf_balloc.c.o
 *fill*         0x0000000000011747        0x1 
 .rodata.nrf_balloc_status.str1.4
                0x0000000000011748       0xa2 _build/nrf52840_xxaa/nrf_balloc.c.o
 *fill*         0x00000000000117ea        0x2 
 .rodata.nrf_cli_balloc_raw
                0x00000000000117ec       0x10 _build/nrf52840_xxaa/nrf_balloc.c.o
                0x00000000000117ec                nrf_cli_balloc_raw
 .rodata.str1.4
                0x00000000000117fc       0x4a _build/nrf52840_xxaa/nrf_balloc.c.o
                                         0x52 (size before relaxing)
 .rodata.char_insert.str1.4
                0x0000000000011846        0x3 _build/nrf52840_xxaa/nrf_cli.c.o
 *fill*         0x0000000000011846        0x2 
 .rodata.cli_transport_evt_handler.str1.4
                0x0000000000011848       0x35 _build/nrf52840_xxaa/nrf_cli.c.o
 *fill*         0x000000000001187d        0x3 
 .rodata.cmd.9347
                0x0000000000011880        0x3 _build/nrf52840_xxaa/nrf_cli.c.o
 *fill*         0x0000000000011883        0x1 
 .rodata.cmd.9416
                0x0000000000011884        0x4 _build/nrf52840_xxaa/nrf_cli.c.o
 .rodata.cmd.9828
                0x0000000000011888        0x4 _build/nrf52840_xxaa/nrf_cli.c.o
 .rodata.cmd.9829
                0x000000000001188c        0x5 _build/nrf52840_xxaa/nrf_cli.c.o
 *fill*         0x0000000000011891        0x3 
 .rodata.cmd.9898
                0x0000000000011894        0x6 _build/nrf52840_xxaa/nrf_cli.c.o
 *fill*         0x000000000001189a        0x2 
 .rodata.cmd_get_terminal_size.9390
                0x000000000001189c        0x5 _build/nrf52840_xxaa/nrf_cli.c.o
 *fill*         0x00000000000118a1        0x3 
 .rodata.cmd_sep.9755
                0x00000000000118a4        0x4 _build/nrf52840_xxaa/nrf_cli.c.o
 .rodata.cursor_end_position_move.str1.4
                0x00000000000118a8       0x16 _build/nrf52840_xxaa/nrf_cli.c.o
 *fill*         0x00000000000118be        0x2 
 .rodata.cursor_home_position_move.str1.4
                0x00000000000118c0        0x6 _build/nrf52840_xxaa/nrf_cli.c.o
 *fill*         0x00000000000118c6        0xa 
 .rodata.delay_bytecode.9027
                0x00000000000118d0        0x6 _build/nrf52840_xxaa/nrf_cli.c.o
 *fill*         0x00000000000118d6        0x2 
 .rodata.help.9754
                0x00000000000118d8        0xb _build/nrf52840_xxaa/nrf_cli.c.o
 *fill*         0x00000000000118e3        0x1 
 .rodata.m_sub_cli
                0x00000000000118e4        0x8 _build/nrf52840_xxaa/nrf_cli.c.o
 .rodata.m_sub_cli_raw
                0x00000000000118ec       0x40 _build/nrf52840_xxaa/nrf_cli.c.o
 .rodata.m_sub_cli_stats
                0x000000000001192c        0x8 _build/nrf52840_xxaa/nrf_cli.c.o
 .rodata.m_sub_cli_stats_raw
                0x0000000000011934       0x30 _build/nrf52840_xxaa/nrf_cli.c.o
 .rodata.m_sub_colors
                0x0000000000011964        0x8 _build/nrf52840_xxaa/nrf_cli.c.o
 .rodata.m_sub_colors_raw
                0x000000000001196c       0x30 _build/nrf52840_xxaa/nrf_cli.c.o
 .rodata.m_sub_echo
                0x000000000001199c        0x8 _build/nrf52840_xxaa/nrf_cli.c.o
 .rodata.m_sub_echo_raw
                0x00000000000119a4       0x30 _build/nrf52840_xxaa/nrf_cli.c.o
 .rodata.m_sub_resize
                0x00000000000119d4        0x8 _build/nrf52840_xxaa/nrf_cli.c.o
 .rodata.m_sub_resize_raw
                0x00000000000119dc       0x20 _build/nrf52840_xxaa/nrf_cli.c.o
 .rodata.nrf_cli_clear_raw
                0x00000000000119fc       0x10 _build/nrf52840_xxaa/nrf_cli.c.o
                0x00000000000119fc                nrf_cli_clear_raw
 .rodata.nrf_cli_cli_raw
                0x0000000000011a0c       0x10 _build/nrf52840_xxaa/nrf_cli.c.o
                0x0000000000011a0c                nrf_cli_cli_raw
 .rodata.nrf_cli_cmd_cli_stats_show.str1.4
                0x0000000000011a1c       0x39 _build/nrf52840_xxaa/nrf_cli.c.o
 *fill*         0x0000000000011a55        0x3 
 .rodata.nrf_cli_cmd_echo.str1.4
                0x0000000000011a58       0x16 _build/nrf52840_xxaa/nrf_cli.c.o
                                         0x1a (size before relaxing)
 *fill*         0x0000000000011a6e        0x2 
 .rodata.nrf_cli_cmd_history.str1.4
                0x0000000000011a70        0xb _build/nrf52840_xxaa/nrf_cli.c.o
 *fill*         0x0000000000011a7b        0x1 
 .rodata.nrf_cli_cmd_resize.str1.4
                0x0000000000011a7c       0x58 _build/nrf52840_xxaa/nrf_cli.c.o
                                         0x79 (size before relaxing)
 .rodata.nrf_cli_fprintf.constprop.50.str1.4
                0x0000000000011ad4        0x3 _build/nrf52840_xxaa/nrf_cli.c.o
 .rodata.nrf_cli_help_print.constprop.46.str1.4
                0x0000000000011ad4       0x37 _build/nrf52840_xxaa/nrf_cli.c.o
                                         0x3f (size before relaxing)
 *fill*         0x0000000000011b0b        0x1 
 .rodata.nrf_cli_help_print.str1.4
                0x0000000000011b0c        0x9 _build/nrf52840_xxaa/nrf_cli.c.o
 *fill*         0x0000000000011b15        0x3 
 .rodata.nrf_cli_history_raw
                0x0000000000011b18       0x10 _build/nrf52840_xxaa/nrf_cli.c.o
                0x0000000000011b18                nrf_cli_history_raw
 .rodata.nrf_cli_process.str1.4
                0x0000000000011b28       0xa1 _build/nrf52840_xxaa/nrf_cli.c.o
 *fill*         0x0000000000011bc9        0x3 
 .rodata.nrf_cli_resize_raw
                0x0000000000011bcc       0x10 _build/nrf52840_xxaa/nrf_cli.c.o
                0x0000000000011bcc                nrf_cli_resize_raw
 .rodata.opt_sep.9753
                0x0000000000011bdc        0x3 _build/nrf52840_xxaa/nrf_cli.c.o
 *fill*         0x0000000000011bdf        0x1 
 .rodata.str1.4
                0x0000000000011be0      0x2ab _build/nrf52840_xxaa/nrf_cli.c.o
 *fill*         0x0000000000011e8b        0x1 
 .rodata.str1.4
                0x0000000000011e8c        0x9 _build/nrf52840_xxaa/nrf_cli_uart.c.o
 *fill*         0x0000000000011e95        0x3 
 .rodata.nrf_fprintf_buffer_flush.str1.4
                0x0000000000011e98       0x31 _build/nrf52840_xxaa/nrf_fprintf.c.o
 *fill*         0x0000000000011ec9        0x3 
 .rodata._aV2C.7636
                0x0000000000011ecc       0x10 _build/nrf52840_xxaa/nrf_fprintf_format.c.o
 .rodata.nrf_fprintf_fmt.str1.4
                0x0000000000011edc       0x38 _build/nrf52840_xxaa/nrf_fprintf_format.c.o
 .rodata.nrf_memobj_write.str1.4
                0x0000000000011f14       0x3b _build/nrf52840_xxaa/nrf_memobj.c.o
 *fill*         0x0000000000011f4f        0x1 
 .rodata.str1.4
                0x0000000000011f50        0x9 _build/nrf52840_xxaa/nrf_pwr_mgmt.c.o
 *fill*         0x0000000000011f59        0x3 
 .rodata.nrf_cli_queue_raw
                0x0000000000011f5c       0x10 _build/nrf52840_xxaa/nrf_queue.c.o
                0x0000000000011f5c                nrf_cli_queue_raw
 .rodata.nrf_queue_commands
                0x0000000000011f6c        0x8 _build/nrf52840_xxaa/nrf_queue.c.o
 .rodata.nrf_queue_commands_raw
                0x0000000000011f74       0x20 _build/nrf52840_xxaa/nrf_queue.c.o
 .rodata.nrf_queue_is_full.str1.4
                0x0000000000011f94       0x39 _build/nrf52840_xxaa/nrf_queue.c.o
 *fill*         0x0000000000011fcd        0x3 
 .rodata.nrf_queue_status.str1.4
                0x0000000000011fd0       0x94 _build/nrf52840_xxaa/nrf_queue.c.o
                                         0xa8 (size before relaxing)
 .rodata.str1.4
                0x0000000000012064       0x21 _build/nrf52840_xxaa/nrf_queue.c.o
                                         0x51 (size before relaxing)
 *fill*         0x0000000000012085        0x3 
 .rodata.m_unknown_str
                0x0000000000012088       0x13 _build/nrf52840_xxaa/nrf_strerror.c.o
 *fill*         0x000000000001209b        0x1 
 .rodata.nrf_strerror_array
                0x000000000001209c      0x118 _build/nrf52840_xxaa/nrf_strerror.c.o
 .rodata.str1.4
                0x00000000000121b4      0x3bd _build/nrf52840_xxaa/nrf_strerror.c.o
 *fill*         0x0000000000012571        0x3 
 .rodata.nrf_drv_clock_uninit.str1.4
                0x0000000000012574       0x3a _build/nrf52840_xxaa/nrf_drv_clock.c.o
 *fill*         0x00000000000125ae        0x2 
 .rodata.str1.4
                0x00000000000125b0        0x6 _build/nrf52840_xxaa/nrf_drv_clock.c.o
 *fill*         0x00000000000125b6        0x2 
 .rodata.m_drv_power_config_default
                0x00000000000125b8        0x1 _build/nrf52840_xxaa/nrf_drv_power.c.o
 *fill*         0x00000000000125b9        0x3 
 .rodata.nrf_drv_uart_init.str1.4
                0x00000000000125bc       0x39 _build/nrf52840_xxaa/nrf_drv_uart.c.o
 *fill*         0x00000000000125f5        0xb 
 .rodata.delay_bytecode.8231
                0x0000000000012600        0x6 _build/nrf52840_xxaa/nrf_drv_usbd.c.o
 *fill*         0x0000000000012606        0x2 
 .rodata.epin_bitpos.9166
                0x0000000000012608        0x9 _build/nrf52840_xxaa/nrf_drv_usbd.c.o
 *fill*         0x0000000000012611        0x3 
 .rodata.epin_endev.9161
                0x0000000000012614       0x12 _build/nrf52840_xxaa/nrf_drv_usbd.c.o
 *fill*         0x0000000000012626        0x2 
 .rodata.epout_bitpos.9167
                0x0000000000012628        0x9 _build/nrf52840_xxaa/nrf_drv_usbd.c.o
 *fill*         0x0000000000012631        0x3 
 .rodata.epout_endev.9162
                0x0000000000012634       0x12 _build/nrf52840_xxaa/nrf_drv_usbd.c.o
 *fill*         0x0000000000012646        0x2 
 .rodata.m_isr  0x0000000000012648       0x64 _build/nrf52840_xxaa/nrf_drv_usbd.c.o
 .rodata.nrf_drv_usbd_consumer.str1.4
                0x00000000000126ac       0x3d _build/nrf52840_xxaa/nrf_drv_usbd.c.o
 *fill*         0x00000000000126e9        0x3 
 .rodata.str1.4
                0x00000000000126ec        0x5 _build/nrf52840_xxaa/nrf_drv_usbd.c.o
 *fill*         0x00000000000126f1        0x3 
 .rodata.usbd_dmareq_process.part.4.str1.4
                0x00000000000126f4       0x2e _build/nrf52840_xxaa/nrf_drv_usbd.c.o
 *fill*         0x0000000000012722        0x2 
 .rodata.nrfx_clock_init.str1.4
                0x0000000000012724       0x38 _build/nrf52840_xxaa/nrfx_clock.c.o
 .rodata.str1.4
                0x000000000001275c        0x6 _build/nrf52840_xxaa/nrfx_clock.c.o
 .rodata.nrfx_gpiote_out_init.str1.4
                0x0000000000012762       0x2e _build/nrf52840_xxaa/nrfx_gpiote.c.o
 *fill*         0x0000000000012762        0x2 
 .rodata.nrfx_gpiote_uninit.str1.4
                0x0000000000012764       0x39 _build/nrf52840_xxaa/nrfx_gpiote.c.o
 *fill*         0x000000000001279d        0x3 
 .rodata.str1.4
                0x00000000000127a0        0x7 _build/nrf52840_xxaa/nrfx_gpiote.c.o
 *fill*         0x00000000000127a7        0x1 
 .rodata.nrfx_power_init.str1.4
                0x00000000000127a8       0x38 _build/nrf52840_xxaa/nrfx_power.c.o
 .rodata.UARTE0_UART0_IRQHandler.str1.4
                0x00000000000127e0       0x3a _build/nrf52840_xxaa/nrfx_prs.c.o
 *fill*         0x000000000001281a        0x2 
 .rodata.str1.4
                0x000000000001281c        0x4 _build/nrf52840_xxaa/nrfx_prs.c.o
 .rodata.nrfx_uart_init.str1.4
                0x0000000000012820       0x67 _build/nrf52840_xxaa/nrfx_uart.c.o
                                         0x97 (size before relaxing)
 *fill*         0x0000000000012887        0x1 
 .rodata.str1.4
                0x0000000000012888        0x5 _build/nrf52840_xxaa/nrfx_uart.c.o
 *fill*         0x000000000001288d        0x3 
 .rodata.nrfx_uarte_init.str1.4
                0x0000000000012890       0x38 _build/nrf52840_xxaa/nrfx_uarte.c.o
                                         0x97 (size before relaxing)
 .rodata.str1.4
                0x00000000000128c8        0x6 _build/nrf52840_xxaa/nrfx_uarte.c.o
 *fill*         0x00000000000128ce        0x2 
 .rodata.app_buttons
                0x00000000000128d0        0x8 _build/nrf52840_xxaa/bsp.c.o
 .rodata.m_bsp_alert_tmr
                0x00000000000128d8        0x4 _build/nrf52840_xxaa/bsp.c.o
 .rodata.m_bsp_button_tmr
                0x00000000000128dc        0x4 _build/nrf52840_xxaa/bsp.c.o
 .rodata.m_bsp_leds_tmr
                0x00000000000128e0        0x4 _build/nrf52840_xxaa/bsp.c.o
 .rodata        0x00000000000128e4       0x2c _build/nrf52840_xxaa/main.c.o
 .rodata.hid_user_ev_handler.str1.4
                0x0000000000012910       0x21 _build/nrf52840_xxaa/main.c.o
 *fill*         0x0000000000012931        0x3 
 .rodata.m_app_hid_generic
                0x0000000000012934       0x34 _build/nrf52840_xxaa/main.c.o
                0x0000000000012934                m_app_hid_generic
 .rodata.m_app_hid_generic_out
                0x0000000000012968        0x8 _build/nrf52840_xxaa/main.c.o
                0x0000000000012968                m_app_hid_generic_out
 .rodata.main.str1.4
                0x0000000000012970       0x10 _build/nrf52840_xxaa/main.c.o
 .rodata.raw_desc
                0x0000000000012980        0xc _build/nrf52840_xxaa/main.c.o
 .rodata.raw_desc_data
                0x000000000001298c       0x22 _build/nrf52840_xxaa/main.c.o
 *fill*         0x00000000000129ae        0x2 
 .rodata.str1.4
                0x00000000000129b0       0x36 _build/nrf52840_xxaa/main.c.o
 *fill*         0x00000000000129e6        0x2 
 .rodata.usbd_config.12119
                0x00000000000129e8        0xc _build/nrf52840_xxaa/main.c.o
 .rodata.usbd_user_ev_handler.str1.4
                0x00000000000129f4       0x32 _build/nrf52840_xxaa/main.c.o
 *fill*         0x0000000000012a26        0x2 
 .rodata        0x0000000000012a28        0x4 /usr/lib/gcc/arm-none-eabi/7.3.1/../../../arm-none-eabi/lib/thumb/v7e-m/fpv4-sp/hard/libc_nano.a(lib_a-impure.o)
                0x0000000000012a28                _global_impure_ptr
 .rodata.str1.4
                0x0000000000012a2c        0x8 /usr/lib/gcc/arm-none-eabi/7.3.1/../../../arm-none-eabi/lib/thumb/v7e-m/fpv4-sp/hard/libc_nano.a(lib_a-locale.o)
                                         0x12 (size before relaxing)
 .rodata        0x0000000000012a34      0x101 /usr/lib/gcc/arm-none-eabi/7.3.1/../../../arm-none-eabi/lib/thumb/v7e-m/fpv4-sp/hard/libc_nano.a(lib_a-ctype_.o)
                0x0000000000012a34                _ctype_
 *(.eh_frame*)
 *fill*         0x0000000000012b35        0x3 
 .eh_frame      0x0000000000012b38        0x0 /usr/lib/gcc/arm-none-eabi/7.3.1/thumb/v7e-m/fpv4-sp/hard/crtbegin.o
 .eh_frame      0x0000000000012b38        0x4 /usr/lib/gcc/arm-none-eabi/7.3.1/thumb/v7e-m/fpv4-sp/hard/crtend.o

.glue_7         0x0000000000012b3c        0x0
 .glue_7        0x0000000000012b3c        0x0 linker stubs

.glue_7t        0x0000000000012b3c        0x0
 .glue_7t       0x0000000000012b3c        0x0 linker stubs

.vfp11_veneer   0x0000000000012b3c        0x0
 .vfp11_veneer  0x0000000000012b3c        0x0 linker stubs

.v4_bx          0x0000000000012b3c        0x0
 .v4_bx         0x0000000000012b3c        0x0 linker stubs

.iplt           0x0000000000012b3c        0x0
 .iplt          0x0000000000012b3c        0x0 /usr/lib/gcc/arm-none-eabi/7.3.1/thumb/v7e-m/fpv4-sp/hard/crtbegin.o

.mem_section_dummy_rom

.nrf_queue      0x0000000000012b3c       0x1c
                0x0000000000012b3c                PROVIDE (__start_nrf_queue, .)
 *(.nrf_queue)
 .nrf_queue     0x0000000000012b3c       0x1c _build/nrf52840_xxaa/main.c.o
                0x0000000000012b3c                m_app_hid_generic_queue
                0x0000000000012b58                PROVIDE (__stop_nrf_queue, .)

.log_const_data
                0x0000000000012b58       0x80
                0x0000000000012b58                PROVIDE (__start_log_const_data, .)
 *(SORT(.log_const_data*))
 .log_const_data_CLOCK
                0x0000000000012b58        0x8 _build/nrf52840_xxaa/nrfx_clock.c.o
                0x0000000000012b58                m_nrf_log_CLOCK_logs_data_const
 .log_const_data_GPIOTE
                0x0000000000012b60        0x8 _build/nrf52840_xxaa/nrfx_gpiote.c.o
                0x0000000000012b60                m_nrf_log_GPIOTE_logs_data_const
 .log_const_data_PRS
                0x0000000000012b68        0x8 _build/nrf52840_xxaa/nrfx_prs.c.o
                0x0000000000012b68                m_nrf_log_PRS_logs_data_const
 .log_const_data_UART
                0x0000000000012b70        0x8 _build/nrf52840_xxaa/nrfx_uart.c.o
                0x0000000000012b70                m_nrf_log_UART_logs_data_const
 .log_const_data_UARTE
                0x0000000000012b78        0x8 _build/nrf52840_xxaa/nrfx_uarte.c.o
                0x0000000000012b78                m_nrf_log_UARTE_logs_data_const
 .log_const_data_USBD
                0x0000000000012b80        0x8 _build/nrf52840_xxaa/nrf_drv_usbd.c.o
                0x0000000000012b80                m_nrf_log_USBD_logs_data_const
 .log_const_data_app
                0x0000000000012b88        0x8 _build/nrf52840_xxaa/nrf_log_frontend.c.o
                0x0000000000012b88                m_nrf_log_app_logs_data_const
 .log_const_data_app_usbd
                0x0000000000012b90        0x8 _build/nrf52840_xxaa/app_usbd.c.o
                0x0000000000012b90                m_nrf_log_app_usbd_logs_data_const
 .log_const_data_app_usbd_core
                0x0000000000012b98        0x8 _build/nrf52840_xxaa/app_usbd_core.c.o
                0x0000000000012b98                m_nrf_log_app_usbd_core_logs_data_const
 .log_const_data_atfifo_m_event_queue
                0x0000000000012ba0        0x8 _build/nrf52840_xxaa/app_usbd.c.o
                0x0000000000012ba0                m_nrf_log_atfifo_m_event_queue_logs_data_const
 .log_const_data_balloc_log_mempool
                0x0000000000012ba8        0x8 _build/nrf52840_xxaa/nrf_log_frontend.c.o
                0x0000000000012ba8                m_nrf_log_balloc_log_mempool_logs_data_const
 .log_const_data_cli_uart
                0x0000000000012bb0        0x8 _build/nrf52840_xxaa/nrf_cli_uart.c.o
                0x0000000000012bb0                m_nrf_log_cli_uart_logs_data_const
 .log_const_data_clock
                0x0000000000012bb8        0x8 _build/nrf52840_xxaa/nrf_drv_clock.c.o
                0x0000000000012bb8                m_nrf_log_clock_logs_data_const
 .log_const_data_hardfault
                0x0000000000012bc0        0x8 _build/nrf52840_xxaa/hardfault_implementation.c.o
                0x0000000000012bc0                m_nrf_log_hardfault_logs_data_const
 .log_const_data_pwr_mgmt
                0x0000000000012bc8        0x8 _build/nrf52840_xxaa/nrf_pwr_mgmt.c.o
                0x0000000000012bc8                m_nrf_log_pwr_mgmt_logs_data_const
 .log_const_data_queue_m_app_hid_generic_queue
                0x0000000000012bd0        0x8 _build/nrf52840_xxaa/main.c.o
                0x0000000000012bd0                m_nrf_log_queue_m_app_hid_generic_queue_logs_data_const
                0x0000000000012bd8                PROVIDE (__stop_log_const_data, .)

.log_backends   0x0000000000012bd8       0x10
                0x0000000000012bd8                PROVIDE (__start_log_backends, .)
 *(SORT(.log_backends*))
 .log_backends  0x0000000000012bd8       0x10 _build/nrf52840_xxaa/nrf_log_default_backends.c.o
                0x0000000000012be8                PROVIDE (__stop_log_backends, .)

.cli_command    0x0000000000012be8       0x38
                0x0000000000012be8                PROVIDE (__start_cli_command, .)
 *(.cli_command)
 .cli_command   0x0000000000012be8        0x8 _build/nrf52840_xxaa/nrf_log_frontend.c.o
                0x0000000000012be8                nrf_cli_log_const
 .cli_command   0x0000000000012bf0        0x8 _build/nrf52840_xxaa/nrf_balloc.c.o
                0x0000000000012bf0                nrf_cli_balloc_const
 .cli_command   0x0000000000012bf8       0x20 _build/nrf52840_xxaa/nrf_cli.c.o
                0x0000000000012bf8                nrf_cli_resize_const
                0x0000000000012c00                nrf_cli_history_const
                0x0000000000012c08                nrf_cli_cli_const
                0x0000000000012c10                nrf_cli_clear_const
 .cli_command   0x0000000000012c18        0x8 _build/nrf52840_xxaa/nrf_queue.c.o
                0x0000000000012c18                nrf_cli_queue_const
                0x0000000000012c20                PROVIDE (__stop_cli_command, .)

.pwr_mgmt_data  0x0000000000012c20        0x0
                0x0000000000012c20                PROVIDE (__start_pwr_mgmt_data, .)
 *(SORT(.pwr_mgmt_data*))
                0x0000000000012c20                PROVIDE (__stop_pwr_mgmt_data, .)

.nrf_balloc     0x0000000000012c20       0x1c
                0x0000000000012c20                PROVIDE (__start_nrf_balloc, .)
 *(.nrf_balloc)
 .nrf_balloc    0x0000000000012c20       0x1c _build/nrf52840_xxaa/nrf_log_frontend.c.o
                0x0000000000012c20                log_mempool
                0x0000000000012c3c                PROVIDE (__stop_nrf_balloc, .)

.ARM.extab
 *(.ARM.extab* .gnu.linkonce.armextab.*)
                0x0000000000012c3c                __exidx_start = .

.ARM.exidx      0x0000000000012c3c        0x8
 *(.ARM.exidx* .gnu.linkonce.armexidx.*)
 .ARM.exidx     0x0000000000012c3c        0x8 /usr/lib/gcc/arm-none-eabi/7.3.1/../../../arm-none-eabi/lib/thumb/v7e-m/fpv4-sp/hard/crt0.o
 .ARM.exidx     0x0000000000012c44        0x0 /usr/lib/gcc/arm-none-eabi/7.3.1/thumb/v7e-m/fpv4-sp/hard/libgcc.a(_udivmoddi4.o)
                                          0x8 (size before relaxing)
                0x0000000000012c44                __exidx_end = .
                0x0000000000012c44                __etext = .

.rel.dyn        0x0000000000012c44        0x0
 .rel.iplt      0x0000000000012c44        0x0 /usr/lib/gcc/arm-none-eabi/7.3.1/thumb/v7e-m/fpv4-sp/hard/crtbegin.o

.data           0x0000000020000008      0x234 load address 0x0000000000012c44
                0x0000000020000008                __data_start__ = .
 *(vtable)
 *(.data*)
 .data.m_uart   0x0000000020000008       0x14 _build/nrf52840_xxaa/nrf_log_backend_uart.c.o
                0x0000000020000008                m_uart
 .data.log_backend_cb_uart_log_backend
                0x000000002000001c        0x8 _build/nrf52840_xxaa/nrf_log_default_backends.c.o
 .data.clock_handler_item.10618