Archive member included to satisfy reference by file (symbol)

/usr/lib/gcc/arm-none-eabi/7.3.1/../../../arm-none-eabi/lib/thumb/v7e-m/fpv4-sp/hard/libc_nano.a(lib_a-atexit.o)
                              /usr/lib/gcc/arm-none-eabi/7.3.1/../../../arm-none-eabi/lib/thumb/v7e-m/fpv4-sp/hard/crt0.o (atexit)
/usr/lib/gcc/arm-none-eabi/7.3.1/../../../arm-none-eabi/lib/thumb/v7e-m/fpv4-sp/hard/libc_nano.a(lib_a-exit.o)
                              /usr/lib/gcc/arm-none-eabi/7.3.1/../../../arm-none-eabi/lib/thumb/v7e-m/fpv4-sp/hard/crt0.o (exit)
/usr/lib/gcc/arm-none-eabi/7.3.1/../../../arm-none-eabi/lib/thumb/v7e-m/fpv4-sp/hard/libc_nano.a(lib_a-fini.o)
                              /usr/lib/gcc/arm-none-eabi/7.3.1/../../../arm-none-eabi/lib/thumb/v7e-m/fpv4-sp/hard/crt0.o (__libc_fini_array)
/usr/lib/gcc/arm-none-eabi/7.3.1/../../../arm-none-eabi/lib/thumb/v7e-m/fpv4-sp/hard/libc_nano.a(lib_a-impure.o)
                              /usr/lib/gcc/arm-none-eabi/7.3.1/../../../arm-none-eabi/lib/thumb/v7e-m/fpv4-sp/hard/libc_nano.a(lib_a-exit.o) (_global_impure_ptr)
/usr/lib/gcc/arm-none-eabi/7.3.1/../../../arm-none-eabi/lib/thumb/v7e-m/fpv4-sp/hard/libc_nano.a(lib_a-init.o)
                              /usr/lib/gcc/arm-none-eabi/7.3.1/../../../arm-none-eabi/lib/thumb/v7e-m/fpv4-sp/hard/crt0.o (__libc_init_array)
/usr/lib/gcc/arm-none-eabi/7.3.1/../../../arm-none-eabi/lib/thumb/v7e-m/fpv4-sp/hard/libc_nano.a(lib_a-locale.o)
                              _build/nrf52840_xxaa/nrf_log_str_formatter.c.o (__locale_ctype_ptr)
/usr/lib/gcc/arm-none-eabi/7.3.1/../../../arm-none-eabi/lib/thumb/v7e-m/fpv4-sp/hard/libc_nano.a(lib_a-mbtowc_r.o)
                              /usr/lib/gcc/arm-none-eabi/7.3.1/../../../arm-none-eabi/lib/thumb/v7e-m/fpv4-sp/hard/libc_nano.a(lib_a-locale.o) (__ascii_mbtowc)
/usr/lib/gcc/arm-none-eabi/7.3.1/../../../arm-none-eabi/lib/thumb/v7e-m/fpv4-sp/hard/libc_nano.a(lib_a-memcmp.o)
                              _build/nrf52840_xxaa/app_usbd_hid_kbd.c.o (memcmp)
/usr/lib/gcc/arm-none-eabi/7.3.1/../../../arm-none-eabi/lib/thumb/v7e-m/fpv4-sp/hard/libc_nano.a(lib_a-memcpy.o)
                              _build/nrf52840_xxaa/nrf_log_frontend.c.o (memcpy)
/usr/lib/gcc/arm-none-eabi/7.3.1/../../../arm-none-eabi/lib/thumb/v7e-m/fpv4-sp/hard/libc_nano.a(lib_a-memmove.o)
                              _build/nrf52840_xxaa/nrf_cli.c.o (memmove)
/usr/lib/gcc/arm-none-eabi/7.3.1/../../../arm-none-eabi/lib/thumb/v7e-m/fpv4-sp/hard/libc_nano.a(lib_a-memset.o)
                              /usr/lib/gcc/arm-none-eabi/7.3.1/../../../arm-none-eabi/lib/thumb/v7e-m/fpv4-sp/hard/crt0.o (memset)
/usr/lib/gcc/arm-none-eabi/7.3.1/../../../arm-none-eabi/lib/thumb/v7e-m/fpv4-sp/hard/libc_nano.a(lib_a-qsort.o)
                              _build/nrf52840_xxaa/nrf_cli.c.o (qsort)
/usr/lib/gcc/arm-none-eabi/7.3.1/../../../arm-none-eabi/lib/thumb/v7e-m/fpv4-sp/hard/libc_nano.a(lib_a-sscanf.o)
                              _build/nrf52840_xxaa/bsp_cli.c.o (sscanf)
/usr/lib/gcc/arm-none-eabi/7.3.1/../../../arm-none-eabi/lib/thumb/v7e-m/fpv4-sp/hard/libc_nano.a(lib_a-stdio.o)
                              /usr/lib/gcc/arm-none-eabi/7.3.1/../../../arm-none-eabi/lib/thumb/v7e-m/fpv4-sp/hard/libc_nano.a(lib_a-sscanf.o) (__seofread)
/usr/lib/gcc/arm-none-eabi/7.3.1/../../../arm-none-eabi/lib/thumb/v7e-m/fpv4-sp/hard/libc_nano.a(lib_a-strchr.o)
                              _build/nrf52840_xxaa/fnmatch.c.o (strchr)
/usr/lib/gcc/arm-none-eabi/7.3.1/../../../arm-none-eabi/lib/thumb/v7e-m/fpv4-sp/hard/libc_nano.a(lib_a-strcmp.o)
                              _build/nrf52840_xxaa/nrf_log_frontend.c.o (strcmp)
/usr/lib/gcc/arm-none-eabi/7.3.1/../../../arm-none-eabi/lib/thumb/v7e-m/fpv4-sp/hard/libc_nano.a(lib_a-strcpy.o)
                              _build/nrf52840_xxaa/nrf_cli.c.o (strcpy)
/usr/lib/gcc/arm-none-eabi/7.3.1/../../../arm-none-eabi/lib/thumb/v7e-m/fpv4-sp/hard/libc_nano.a(lib_a-strlen.o)
                              _build/nrf52840_xxaa/nrf_log_frontend.c.o (strlen)
/usr/lib/gcc/arm-none-eabi/7.3.1/../../../arm-none-eabi/lib/thumb/v7e-m/fpv4-sp/hard/libc_nano.a(lib_a-strncmp.o)
                              _build/nrf52840_xxaa/nrf_log_frontend.c.o (strncmp)
/usr/lib/gcc/arm-none-eabi/7.3.1/../../../arm-none-eabi/lib/thumb/v7e-m/fpv4-sp/hard/libc_nano.a(lib_a-wctomb_r.o)
                              /usr/lib/gcc/arm-none-eabi/7.3.1/../../../arm-none-eabi/lib/thumb/v7e-m/fpv4-sp/hard/libc_nano.a(lib_a-locale.o) (__ascii_wctomb)
/usr/lib/gcc/arm-none-eabi/7.3.1/../../../arm-none-eabi/lib/thumb/v7e-m/fpv4-sp/hard/libc_nano.a(lib_a-writer.o)
                              /usr/lib/gcc/arm-none-eabi/7.3.1/../../../arm-none-eabi/lib/thumb/v7e-m/fpv4-sp/hard/libc_nano.a(lib_a-stdio.o) (_write_r)
/usr/lib/gcc/arm-none-eabi/7.3.1/../../../arm-none-eabi/lib/thumb/v7e-m/fpv4-sp/hard/libc_nano.a(lib_a-__atexit.o)
[...]
Memory Configuration

Name             Origin             Length             Attributes
FLASH            0x0000000000000000 0x0000000000100000 xr
RAM              0x0000000020000000 0x0000000000040000 xrw
*default*        0x0000000000000000 0xffffffffffffffff

Linker script and memory map


.text           0x0000000000000000    0x15dd8
 *(.isr_vector)
 .isr_vector    0x0000000000000000      0x200 _build/nrf52840_xxaa/gcc_startup_nrf52840.S.o
                0x0000000000000000                __isr_vector
 *(.text*)
 .text          0x0000000000000200       0x88 /usr/lib/gcc/arm-none-eabi/7.3.1/thumb/v7e-m/fpv4-sp/hard/crtbegin.o
 .text          0x0000000000000288       0x68 /usr/lib/gcc/arm-none-eabi/7.3.1/../../../arm-none-eabi/lib/thumb/v7e-m/fpv4-sp/hard/crt0.o
                0x0000000000000288                _mainCRTStartup
                0x0000000000000288                _start
 .text          0x00000000000002f0       0x3c _build/nrf52840_xxaa/gcc_startup_nrf52840.S.o
                0x00000000000002f0                Reset_Handler
                0x0000000000000318                NMI_Handler
                0x000000000000031c                MemoryManagement_Handler
                0x000000000000031e                BusFault_Handler
                0x0000000000000320                UsageFault_Handler
                0x0000000000000322                SVC_Handler
                0x0000000000000324                DebugMon_Handler
                0x0000000000000326                PendSV_Handler
                0x0000000000000328                SysTick_Handler
                0x000000000000032a                TIMER2_IRQHandler
                0x000000000000032a                RTC0_IRQHandler
                0x000000000000032a                SWI2_EGU2_IRQHandler
                0x000000000000032a                PWM1_IRQHandler
                0x000000000000032a                RADIO_IRQHandler
                0x000000000000032a                PDM_IRQHandler
                0x000000000000032a                TEMP_IRQHandler
                0x000000000000032a                QDEC_IRQHandler
                0x000000000000032a                TIMER3_IRQHandler
                0x000000000000032a                PWM3_IRQHandler
                0x000000000000032a                FPU_IRQHandler
                0x000000000000032a                SPIM0_SPIS0_TWIM0_TWIS0_SPI0_TWI0_IRQHandler
                0x000000000000032a                TIMER4_IRQHandler
                0x000000000000032a                CRYPTOCELL_IRQHandler
                0x000000000000032a                I2S_IRQHandler
                0x000000000000032a                SWI4_EGU4_IRQHandler
                0x000000000000032a                TIMER0_IRQHandler
                0x000000000000032a                UARTE1_IRQHandler
                0x000000000000032a                TIMER1_IRQHandler
                0x000000000000032a                SPIM3_IRQHandler
                0x000000000000032a                PWM2_IRQHandler
                0x000000000000032a                ECB_IRQHandler
                0x000000000000032a                SPIM1_SPIS1_TWIM1_TWIS1_SPI1_TWI1_IRQHandler
                0x000000000000032a                Default_Handler
                0x000000000000032a                SAADC_IRQHandler
                0x000000000000032a                CCM_AAR_IRQHandler
                0x000000000000032a                WDT_IRQHandler
                0x000000000000032a                SWI5_EGU5_IRQHandler
                0x000000000000032a                RNG_IRQHandler
                0x000000000000032a                RTC2_IRQHandler
                0x000000000000032a                PWM0_IRQHandler
                0x000000000000032a                SWI3_EGU3_IRQHandler
                0x000000000000032a                SWI1_EGU1_IRQHandler
                0x000000000000032a                SPIM2_SPIS2_SPI2_IRQHandler
                0x000000000000032a                NFCT_IRQHandler
                0x000000000000032a                MWU_IRQHandler
                0x000000000000032a                QSPI_IRQHandler
                0x000000000000032a                COMP_LPCOMP_IRQHandler
 .text.nrf_log_backend_serial_put
                0x000000000000032c       0xd4 _build/nrf52840_xxaa/nrf_log_backend_serial.c.o
                0x000000000000032c                nrf_log_backend_serial_put
 .text.nrf_log_backend_uart_flush
                0x0000000000000400        0x4 _build/nrf52840_xxaa/nrf_log_backend_uart.c.o
 .text.nrf_log_backend_uart_put
                0x0000000000000404       0x20 _build/nrf52840_xxaa/nrf_log_backend_uart.c.o
 .text.serial_tx
                0x0000000000000424       0x54 _build/nrf52840_xxaa/nrf_log_backend_uart.c.o
 .text.nrf_log_backend_uart_panic_set
                0x0000000000000478       0x68 _build/nrf52840_xxaa/nrf_log_backend_uart.c.o
 .text.severity_lvl_get
                0x00000000000004e0       0x24 _build/nrf52840_xxaa/nrf_log_frontend.c.o
 .text.log_self_halt
                0x0000000000000504        0xc _build/nrf52840_xxaa/nrf_log_frontend.c.o
 .text.log_self_go
                0x0000000000000510        0xc _build/nrf52840_xxaa/nrf_log_frontend.c.o
 .text.backend_name_get
                0x000000000000051c       0x48 _build/nrf52840_xxaa/nrf_log_frontend.c.o
 .text.log_cmd  0x0000000000000564       0x40 _build/nrf52840_xxaa/nrf_log_frontend.c.o
 .text.log_cmd_backends_list
                0x00000000000005a4       0x94 _build/nrf52840_xxaa/nrf_log_frontend.c.o
 .text.log_config_load_cmd
                0x0000000000000638       0x20 _build/nrf52840_xxaa/nrf_log_frontend.c.o
 .text.log_config_store_cmd
                0x0000000000000658       0x20 _build/nrf52840_xxaa/nrf_log_frontend.c.o
 .text.log_skip
                0x0000000000000678       0xe0 _build/nrf52840_xxaa/nrf_log_frontend.c.o
 .text.log_backend_halt
                0x0000000000000758       0x50 _build/nrf52840_xxaa/nrf_log_frontend.c.o
 .text.log_backend_go
                0x00000000000007a8       0x54 _build/nrf52840_xxaa/nrf_log_frontend.c.o
 .text.module_name_get
                0x00000000000007fc       0x54 _build/nrf52840_xxaa/nrf_log_frontend.c.o
 .text.log_status
                0x0000000000000850      0x134 _build/nrf52840_xxaa/nrf_log_frontend.c.o
 .text.log_self_status
                0x0000000000000984        0xc _build/nrf52840_xxaa/nrf_log_frontend.c.o
 .text.log_backend_status
                0x0000000000000990       0x5c _build/nrf52840_xxaa/nrf_log_frontend.c.o
 .text.log_backend_ctrl
                0x00000000000009ec      0x27c _build/nrf52840_xxaa/nrf_log_frontend.c.o
 .text.log_self_ctrl
                0x0000000000000c68      0x230 _build/nrf52840_xxaa/nrf_log_frontend.c.o
 .text.nrf_log_init
                0x0000000000000e98       0xb0 _build/nrf52840_xxaa/nrf_log_frontend.c.o
                0x0000000000000e98                nrf_log_init
 .text.nrf_log_module_name_get
                0x0000000000000f48       0x58 _build/nrf52840_xxaa/nrf_log_frontend.c.o
                0x0000000000000f48                nrf_log_module_name_get
 .text.nrf_log_color_id_get
                0x0000000000000fa0       0x2c _build/nrf52840_xxaa/nrf_log_frontend.c.o
                0x0000000000000fa0                nrf_log_color_id_get
 .text.nrf_log_frontend_std_0
                0x0000000000000fcc      0x108 _build/nrf52840_xxaa/nrf_log_frontend.c.o
                0x0000000000000fcc                nrf_log_frontend_std_0
 .text.nrf_log_frontend_dequeue.part.12
                0x00000000000010d4      0x2a0 _build/nrf52840_xxaa/nrf_log_frontend.c.o
 .text.nrf_log_frontend_std_1
                0x0000000000001374      0x114 _build/nrf52840_xxaa/nrf_log_frontend.c.o
                0x0000000000001374                nrf_log_frontend_std_1
 .text.nrf_log_frontend_std_2
                0x0000000000001488      0x11c _build/nrf52840_xxaa/nrf_log_frontend.c.o
                0x0000000000001488                nrf_log_frontend_std_2
 .text.nrf_log_frontend_std_3
                0x00000000000015a4      0x128 _build/nrf52840_xxaa/nrf_log_frontend.c.o
                0x00000000000015a4                nrf_log_frontend_std_3
 .text.nrf_log_frontend_std_4
                0x00000000000016cc      0x148 _build/nrf52840_xxaa/nrf_log_frontend.c.o
                0x00000000000016cc                nrf_log_frontend_std_4
 .text.nrf_log_frontend_std_5
                0x0000000000001814      0x15c _build/nrf52840_xxaa/nrf_log_frontend.c.o
                0x0000000000001814                nrf_log_frontend_std_5
 .text.nrf_log_frontend_dequeue
                0x0000000000001970       0x18 _build/nrf52840_xxaa/nrf_log_frontend.c.o
                0x0000000000001970                nrf_log_frontend_dequeue
 .text.nrf_log_backend_add
                0x0000000000001988       0xec _build/nrf52840_xxaa/nrf_log_frontend.c.o
                0x0000000000001988                nrf_log_backend_add
 .text.nrf_log_panic
                0x0000000000001a74       0x2c _build/nrf52840_xxaa/nrf_log_frontend.c.o
                0x0000000000001a74                nrf_log_panic
 .text.nrf_log_std_entry_process
                0x0000000000001aa0      0x14c _build/nrf52840_xxaa/nrf_log_str_formatter.c.o
                0x0000000000001aa0                nrf_log_std_entry_process
 .text.nrf_log_hexdump_entry_process
                0x0000000000001bec      0x158 _build/nrf52840_xxaa/nrf_log_str_formatter.c.o
                0x0000000000001bec                nrf_log_hexdump_entry_process
 .text.bsp_board_led_state_get
                0x0000000000001d44       0x54 _build/nrf52840_xxaa/boards.c.o
                0x0000000000001d44                bsp_board_led_state_get
 .text.bsp_board_led_on
                0x0000000000001d98       0x58 _build/nrf52840_xxaa/boards.c.o
                0x0000000000001d98                bsp_board_led_on
 .text.bsp_board_led_off
                0x0000000000001df0       0x58 _build/nrf52840_xxaa/boards.c.o
                0x0000000000001df0                bsp_board_led_off
 .text.bsp_board_leds_off
                0x0000000000001e48       0x2c _build/nrf52840_xxaa/boards.c.o
                0x0000000000001e48                bsp_board_leds_off
 .text.bsp_board_leds_on
                0x0000000000001e74       0x2c _build/nrf52840_xxaa/boards.c.o
                0x0000000000001e74                bsp_board_leds_on
 .text.bsp_board_led_invert
                0x0000000000001ea0       0x5c _build/nrf52840_xxaa/boards.c.o
                0x0000000000001ea0                bsp_board_led_invert
 .text.bsp_board_button_state_get
                0x0000000000001efc       0x54 _build/nrf52840_xxaa/boards.c.o
                0x0000000000001efc                bsp_board_button_state_get
 .text.bsp_board_pin_to_button_idx
                0x0000000000001f50       0x24 _build/nrf52840_xxaa/boards.c.o
                0x0000000000001f50                bsp_board_pin_to_button_idx
 .text.bsp_board_init
                0x0000000000001f74       0x5c _build/nrf52840_xxaa/boards.c.o
                0x0000000000001f74                bsp_board_init
 .text.detection_delay_timeout_handler
                0x0000000000001fd0      0x120 _build/nrf52840_xxaa/app_button.c.o
 .text.gpiote_event_handler
                0x00000000000020f0       0xa8 _build/nrf52840_xxaa/app_button.c.o
 .text.app_button_init
                0x0000000000002198       0xb0 _build/nrf52840_xxaa/app_button.c.o
                0x0000000000002198                app_button_init
 .text.app_button_enable
                0x0000000000002248       0x40 _build/nrf52840_xxaa/app_button.c.o
                0x0000000000002248                app_button_enable
 .text.app_error_save_and_stop
                0x0000000000002288       0x64 _build/nrf52840_xxaa/app_error.c.o
                0x0000000000002288                app_error_save_and_stop
 .text.app_error_handler
                0x00000000000022ec       0x1c _build/nrf52840_xxaa/app_error_handler_gcc.c.o
                0x00000000000022ec                app_error_handler
 .text.app_error_fault_handler
                0x0000000000002308       0xec _build/nrf52840_xxaa/app_error_weak.c.o
                0x0000000000002308                app_error_fault_handler
 .text.RTC1_IRQHandler
                0x00000000000023f4       0xa0 _build/nrf52840_xxaa/app_timer.c.o
                0x00000000000023f4                RTC1_IRQHandler
 .text.SWI0_EGU0_IRQHandler
                0x0000000000002494      0x394 _build/nrf52840_xxaa/app_timer.c.o
                0x0000000000002494                SWI0_EGU0_IRQHandler
 .text.app_timer_init
                0x0000000000002828       0xa8 _build/nrf52840_xxaa/app_timer.c.o
                0x0000000000002828                app_timer_init
 .text.app_timer_create
                0x00000000000028d0       0x24 _build/nrf52840_xxaa/app_timer.c.o
                0x00000000000028d0                app_timer_create
 .text.app_timer_start
                0x00000000000028f4       0x9c _build/nrf52840_xxaa/app_timer.c.o
                0x00000000000028f4                app_timer_start
 .text.app_timer_stop
                0x0000000000002990       0x68 _build/nrf52840_xxaa/app_timer.c.o
                0x0000000000002990                app_timer_stop
 .text.app_usbd_hfclk_ready
                0x00000000000029f8       0x74 _build/nrf52840_xxaa/app_usbd.c.o
 .text.app_usbd_event_handler
                0x0000000000002a6c      0x118 _build/nrf52840_xxaa/app_usbd.c.o
 .text.app_usbd_power_event_handler
                0x0000000000002b84       0xb0 _build/nrf52840_xxaa/app_usbd.c.o
 .text.app_usbd_class_descriptor_find
                0x0000000000002c34       0xb8 _build/nrf52840_xxaa/app_usbd.c.o
                0x0000000000002c34                app_usbd_class_descriptor_find
 .text.app_usbd_init
                0x0000000000002cec      0x1a0 _build/nrf52840_xxaa/app_usbd.c.o
                0x0000000000002cec                app_usbd_init
 .text.app_usbd_power_events_enable
                0x0000000000002e8c       0x34 _build/nrf52840_xxaa/app_usbd.c.o
                0x0000000000002e8c                app_usbd_power_events_enable
 .text.app_usbd_enable
                0x0000000000002ec0        0x4 _build/nrf52840_xxaa/app_usbd.c.o
                0x0000000000002ec0                app_usbd_enable
 .text.app_usbd_disable
                0x0000000000002ec4       0x20 _build/nrf52840_xxaa/app_usbd.c.o
                0x0000000000002ec4                app_usbd_disable
 .text.app_usbd_start
                0x0000000000002ee4       0x94 _build/nrf52840_xxaa/app_usbd.c.o
                0x0000000000002ee4                app_usbd_start
 .text.app_usbd_stop
                0x0000000000002f78       0x64 _build/nrf52840_xxaa/app_usbd.c.o
                0x0000000000002f78                app_usbd_stop
 .text.app_usbd_suspend_req
                0x0000000000002fdc       0x64 _build/nrf52840_xxaa/app_usbd.c.o
                0x0000000000002fdc                app_usbd_suspend_req
 .text.app_usbd_wakeup_req
                0x0000000000003040       0x94 _build/nrf52840_xxaa/app_usbd.c.o
                0x0000000000003040                app_usbd_wakeup_req
 .text.app_usbd_class_append
                0x00000000000030d4      0x230 _build/nrf52840_xxaa/app_usbd.c.o
                0x00000000000030d4                app_usbd_class_append
 .text.app_usbd_class_sof_register
                0x0000000000003304       0xdc _build/nrf52840_xxaa/app_usbd.c.o
                0x0000000000003304                app_usbd_class_sof_register
 .text.app_usbd_class_sof_unregister
                0x00000000000033e0       0x60 _build/nrf52840_xxaa/app_usbd.c.o
                0x00000000000033e0                app_usbd_class_sof_unregister
 .text.app_usbd_class_rwu_register
                0x0000000000003440       0x34 _build/nrf52840_xxaa/app_usbd.c.o
                0x0000000000003440                app_usbd_class_rwu_register
 .text.app_usbd_class_rwu_unregister
                0x0000000000003474       0x34 _build/nrf52840_xxaa/app_usbd.c.o
                0x0000000000003474                app_usbd_class_rwu_unregister
 .text.app_usbd_class_rwu_enabled_check
                0x00000000000034a8       0x10 _build/nrf52840_xxaa/app_usbd.c.o
                0x00000000000034a8                app_usbd_class_rwu_enabled_check
 .text.app_usbd_ep_enable
                0x00000000000034b8       0x20 _build/nrf52840_xxaa/app_usbd.c.o
                0x00000000000034b8                app_usbd_ep_enable
 .text.app_usbd_ep_disable
                0x00000000000034d8        0x4 _build/nrf52840_xxaa/app_usbd.c.o
                0x00000000000034d8                app_usbd_ep_disable
 .text.app_usbd_class_first_get
                0x00000000000034dc        0xc _build/nrf52840_xxaa/app_usbd.c.o
                0x00000000000034dc                app_usbd_class_first_get
 .text.app_usbd_iface_find
                0x00000000000034e8       0x4c _build/nrf52840_xxaa/app_usbd.c.o
                0x00000000000034e8                app_usbd_iface_find
 .text.app_usbd_iface_call
                0x0000000000003534       0x54 _build/nrf52840_xxaa/app_usbd.c.o
                0x0000000000003534                app_usbd_iface_call
 .text.app_usbd_ep_call
                0x0000000000003588       0x60 _build/nrf52840_xxaa/app_usbd.c.o
                0x0000000000003588                app_usbd_ep_call
 .text.app_usbd_all_until_served_call
                0x00000000000035e8       0x5c _build/nrf52840_xxaa/app_usbd.c.o
                0x00000000000035e8                app_usbd_all_until_served_call
 .text.app_usbd_ep_transfer
                0x0000000000003644       0x28 _build/nrf52840_xxaa/app_usbd.c.o
                0x0000000000003644                app_usbd_ep_transfer
 .text.app_usbd_ep_handled_transfer
                0x000000000000366c       0x28 _build/nrf52840_xxaa/app_usbd.c.o
                0x000000000000366c                app_usbd_ep_handled_transfer
 .text.app_usbd_iface_select
                0x0000000000003694       0x98 _build/nrf52840_xxaa/app_usbd.c.o
                0x0000000000003694                app_usbd_iface_select
 .text.app_usbd_iface_selection_get
                0x000000000000372c        0xc _build/nrf52840_xxaa/app_usbd.c.o
                0x000000000000372c                app_usbd_iface_selection_get
 .text.app_usbd_all_iface_select_0
                0x0000000000003738       0xe8 _build/nrf52840_xxaa/app_usbd.c.o
                0x0000000000003738                app_usbd_all_iface_select_0
 .text.app_usbd_all_iface_deselect
                0x0000000000003820       0x9c _build/nrf52840_xxaa/app_usbd.c.o
                0x0000000000003820                app_usbd_all_iface_deselect
 .text.app_usbd_event_execute
                0x00000000000038bc      0x930 _build/nrf52840_xxaa/app_usbd.c.o
                0x00000000000038bc                app_usbd_event_execute
 .text.app_usbd_event_queue_process
                0x00000000000041ec       0xb8 _build/nrf52840_xxaa/app_usbd.c.o
                0x00000000000041ec                app_usbd_event_queue_process
 .text.setup_data_handler_empty
                0x00000000000042a4        0x4 _build/nrf52840_xxaa/app_usbd_core.c.o
 .text.usbd_descriptor_conf_feeder
                0x00000000000042a8      0x164 _build/nrf52840_xxaa/app_usbd_core.c.o
 .text.app_usbd_core_ep0_enable
                0x000000000000440c       0x14 _build/nrf52840_xxaa/app_usbd_core.c.o
                0x000000000000440c                app_usbd_core_ep0_enable
 .text.app_usbd_core_ep0_disable
                0x0000000000004420       0x14 _build/nrf52840_xxaa/app_usbd_core.c.o
                0x0000000000004420                app_usbd_core_ep0_disable
 .text.app_usbd_core_setup_rsp
                0x0000000000004434       0x88 _build/nrf52840_xxaa/app_usbd_core.c.o
                0x0000000000004434                app_usbd_core_setup_rsp
 .text.app_usbd_core_event_handler
                0x00000000000044bc      0x688 _build/nrf52840_xxaa/app_usbd_core.c.o
 .text.app_usbd_core_setup_data_handler_set
                0x0000000000004b44       0x28 _build/nrf52840_xxaa/app_usbd_core.c.o
                0x0000000000004b44                app_usbd_core_setup_data_handler_set
 .text.app_usbd_core_setup_transfer_buff_get
                0x0000000000004b6c       0x10 _build/nrf52840_xxaa/app_usbd_core.c.o
                0x0000000000004b6c                app_usbd_core_setup_transfer_buff_get
 .text.app_usbd_core_feature_state_get
                0x0000000000004b7c       0x14 _build/nrf52840_xxaa/app_usbd_core.c.o
                0x0000000000004b7c                app_usbd_core_feature_state_get
 .text.app_usbd_hid_event_handler
                0x0000000000004b90      0x614 _build/nrf52840_xxaa/app_usbd_hid.c.o
                0x0000000000004b90                app_usbd_hid_event_handler
 .text.app_usbd_hid_rep_buff_in_get
                0x00000000000051a4       0x1c _build/nrf52840_xxaa/app_usbd_hid.c.o
                0x00000000000051a4                app_usbd_hid_rep_buff_in_get
 .text.hid_generic_on_set_report_data_cb
                0x00000000000051c0       0x18 _build/nrf52840_xxaa/app_usbd_hid_generic.c.o
 .text.hid_generic_feed_descriptors
                0x00000000000051d8      0x808 _build/nrf52840_xxaa/app_usbd_hid_generic.c.o
 .text.hid_generic_get_class_descriptors_length
                0x00000000000059e0       0x28 _build/nrf52840_xxaa/app_usbd_hid_generic.c.o
 .text.hid_generic_get_class_descriptors_data
                0x0000000000005a08       0x2c _build/nrf52840_xxaa/app_usbd_hid_generic.c.o
 .text.hid_generic_on_get_report
                0x0000000000005a34       0x44 _build/nrf52840_xxaa/app_usbd_hid_generic.c.o
 .text.hid_generic_ep_transfer_out
                0x0000000000005a78       0x64 _build/nrf52840_xxaa/app_usbd_hid_generic.c.o
 .text.hid_generic_on_set_report
                0x0000000000005adc       0x78 _build/nrf52840_xxaa/app_usbd_hid_generic.c.o
 .text.hid_generic_idle_handler_set
                0x0000000000005b54       0x4c _build/nrf52840_xxaa/app_usbd_hid_generic.c.o
                0x0000000000005b54                hid_generic_idle_handler_set
 .text.hid_generic_on_idle
                0x0000000000005ba0       0x40 _build/nrf52840_xxaa/app_usbd_hid_generic.c.o
 .text.hid_generic_event_handler
                0x0000000000005be0       0x68 _build/nrf52840_xxaa/app_usbd_hid_generic.c.o
 .text.hid_generic_ep_transfer_in
                0x0000000000005c48      0x10c _build/nrf52840_xxaa/app_usbd_hid_generic.c.o
 .text.hid_generic_clear_buffer
                0x0000000000005d54      0x108 _build/nrf52840_xxaa/app_usbd_hid_generic.c.o
                0x0000000000005d54                hid_generic_clear_buffer
 .text.app_usbd_hid_generic_in_report_set
                0x0000000000005e5c      0x114 _build/nrf52840_xxaa/app_usbd_hid_generic.c.o
                0x0000000000005e5c                app_usbd_hid_generic_in_report_set
 .text.app_usbd_hid_generic_idle_report_set
                0x0000000000005f70       0x90 _build/nrf52840_xxaa/app_usbd_hid_generic.c.o
                0x0000000000005f70                app_usbd_hid_generic_idle_report_set
 .text.app_usbd_string_desc_get
                0x0000000000006000       0x84 _build/nrf52840_xxaa/app_usbd_string_desc.c.o
                0x0000000000006000                app_usbd_string_desc_get
 .text.app_util_critical_region_enter
                0x0000000000006084       0x34 _build/nrf52840_xxaa/app_util_platform.c.o
                0x0000000000006084                app_util_critical_region_enter
 .text.app_util_critical_region_exit
                0x00000000000060b8       0x34 _build/nrf52840_xxaa/app_util_platform.c.o
                0x00000000000060b8                app_util_critical_region_exit
 .text.current_int_priority_get
                0x00000000000060ec       0x3c _build/nrf52840_xxaa/app_util_platform.c.o
                0x00000000000060ec                current_int_priority_get
 .text.HardFault_Handler
                0x0000000000006128       0x34 _build/nrf52840_xxaa/hardfault_handler_gcc.c.o
                0x0000000000006128                HardFault_Handler
 .text.HardFault_process
                0x000000000000615c       0x24 _build/nrf52840_xxaa/hardfault_implementation.c.o
                0x000000000000615c                HardFault_process
 .text.HardFault_c_handler
                0x0000000000006180      0x160 _build/nrf52840_xxaa/hardfault_implementation.c.o
                0x0000000000006180                HardFault_c_handler
 .text.assert_nrf_callback
                0x00000000000062e0       0x1c _build/nrf52840_xxaa/nrf_assert.c.o
                0x00000000000062e0                assert_nrf_callback
 .text.nrf_atfifo_init
                0x00000000000062fc       0x30 _build/nrf52840_xxaa/nrf_atfifo.c.o
                0x00000000000062fc                nrf_atfifo_init
 .text.nrf_atfifo_item_alloc
                0x000000000000632c       0x58 _build/nrf52840_xxaa/nrf_atfifo.c.o
                0x000000000000632c                nrf_atfifo_item_alloc
 .text.nrf_atfifo_item_put
                0x0000000000006384       0x20 _build/nrf52840_xxaa/nrf_atfifo.c.o
                0x0000000000006384                nrf_atfifo_item_put
 .text.nrf_atfifo_item_get
                0x00000000000063a4       0x5c _build/nrf52840_xxaa/nrf_atfifo.c.o
                0x00000000000063a4                nrf_atfifo_item_get
 .text.nrf_atfifo_item_free
                0x0000000000006400       0x20 _build/nrf52840_xxaa/nrf_atfifo.c.o
                0x0000000000006400                nrf_atfifo_item_free
 .text.nrf_atomic_u32_fetch_store
                0x0000000000006420       0x14 _build/nrf52840_xxaa/nrf_atomic.c.o
                0x0000000000006420                nrf_atomic_u32_fetch_store
 .text.nrf_atomic_u32_or
                0x0000000000006434       0x18 _build/nrf52840_xxaa/nrf_atomic.c.o
                0x0000000000006434                nrf_atomic_u32_or
 .text.nrf_atomic_u32_and
                0x000000000000644c       0x18 _build/nrf52840_xxaa/nrf_atomic.c.o
                0x000000000000644c                nrf_atomic_u32_and
 .text.nrf_atomic_u32_add
                0x0000000000006464       0x18 _build/nrf52840_xxaa/nrf_atomic.c.o
                0x0000000000006464                nrf_atomic_u32_add
 .text.nrf_atomic_u32_sub
                0x000000000000647c       0x18 _build/nrf52840_xxaa/nrf_atomic.c.o
                0x000000000000647c                nrf_atomic_u32_sub
 .text.nrf_atomic_u32_sub_hs
                0x0000000000006494       0x1c _build/nrf52840_xxaa/nrf_atomic.c.o
                0x0000000000006494                nrf_atomic_u32_sub_hs
 .text.nrf_atomic_flag_set_fetch
                0x00000000000064b0       0x18 _build/nrf52840_xxaa/nrf_atomic.c.o
                0x00000000000064b0                nrf_atomic_flag_set_fetch
 .text.nrf_atomic_flag_set
                0x00000000000064c8       0x18 _build/nrf52840_xxaa/nrf_atomic.c.o
                0x00000000000064c8                nrf_atomic_flag_set
 .text.nrf_atomic_flag_clear_fetch
                0x00000000000064e0       0x18 _build/nrf52840_xxaa/nrf_atomic.c.o
                0x00000000000064e0                nrf_atomic_flag_clear_fetch
 .text.nrf_atomic_flag_clear
                0x00000000000064f8       0x18 _build/nrf52840_xxaa/nrf_atomic.c.o
                0x00000000000064f8                nrf_atomic_flag_clear
 .text.nrf_balloc_status
                0x0000000000006510       0xc8 _build/nrf52840_xxaa/nrf_balloc.c.o
 .text.nrf_balloc_init
                0x00000000000065d8       0x94 _build/nrf52840_xxaa/nrf_balloc.c.o
                0x00000000000065d8                nrf_balloc_init
 .text.nrf_balloc_alloc
                0x000000000000666c       0x58 _build/nrf52840_xxaa/nrf_balloc.c.o
                0x000000000000666c                nrf_balloc_alloc
 .text.nrf_balloc_free
                0x00000000000066c4       0x4c _build/nrf52840_xxaa/nrf_balloc.c.o
                0x00000000000066c4                nrf_balloc_free
 .text.nrf_log_backend_cli_panic_set
                0x0000000000006710       0x20 _build/nrf52840_xxaa/nrf_cli.c.o
 .text.cli_transport_evt_handler
                0x0000000000006730       0x2c _build/nrf52840_xxaa/nrf_cli.c.o
 .text.string_cmp
                0x000000000000675c       0x40 _build/nrf52840_xxaa/nrf_cli.c.o
 .text.cmd_get  0x000000000000679c       0x78 _build/nrf52840_xxaa/nrf_cli.c.o
 .text.multiline_console_data_check.isra.30
                0x0000000000006814       0x54 _build/nrf52840_xxaa/nrf_cli.c.o
 .text.make_argv.constprop.44
                0x0000000000006868      0x224 _build/nrf52840_xxaa/nrf_cli.c.o
 .text.cli_write.constprop.49
                0x0000000000006a8c       0xa8 _build/nrf52840_xxaa/nrf_cli.c.o
 .text.cursor_position_get
                0x0000000000006b34      0x158 _build/nrf52840_xxaa/nrf_cli.c.o
 .text.nrf_cli_fprintf.constprop.50
                0x0000000000006c8c      0x134 _build/nrf52840_xxaa/nrf_cli.c.o
 .text.cursor_end_position_move
                0x0000000000006dc0       0xc0 _build/nrf52840_xxaa/nrf_cli.c.o
 .text.cursor_home_position_move
                0x0000000000006e80       0xc0 _build/nrf52840_xxaa/nrf_cli.c.o
 .text.format_offset_string_print.constprop.48
                0x0000000000006f40      0x190 _build/nrf52840_xxaa/nrf_cli.c.o
 .text.cursor_position_synchronize
                0x00000000000070d0      0x138 _build/nrf52840_xxaa/nrf_cli.c.o
 .text.nrf_cli_help_print.constprop.46
                0x0000000000007208      0x1c8 _build/nrf52840_xxaa/nrf_cli.c.o
 .text.nrf_cli_cmd_clear
                0x00000000000073d0       0x98 _build/nrf52840_xxaa/nrf_cli.c.o
 .text.history_handle
                0x0000000000007468      0x1cc _build/nrf52840_xxaa/nrf_cli.c.o
 .text.completion_insert
                0x0000000000007634       0xf4 _build/nrf52840_xxaa/nrf_cli.c.o
 .text.char_delete
                0x0000000000007728      0x14c _build/nrf52840_xxaa/nrf_cli.c.o
 .text.char_insert
                0x0000000000007874      0x2cc _build/nrf52840_xxaa/nrf_cli.c.o
 .text.nrf_cli_init
                0x0000000000007b40      0x184 _build/nrf52840_xxaa/nrf_cli.c.o
                0x0000000000007b40                nrf_cli_init
 .text.nrf_cli_print_stream
                0x0000000000007cc4        0x4 _build/nrf52840_xxaa/nrf_cli.c.o
                0x0000000000007cc4                nrf_cli_print_stream
 .text.nrf_cli_fprintf
                0x0000000000007cc8      0x150 _build/nrf52840_xxaa/nrf_cli.c.o
                0x0000000000007cc8                nrf_cli_fprintf
 .text.cli_log_entry_process
                0x0000000000007e18      0x1d4 _build/nrf52840_xxaa/nrf_cli.c.o
 .text.nrf_log_backend_cli_flush
                0x0000000000007fec       0x20 _build/nrf52840_xxaa/nrf_cli.c.o
 .text.nrf_log_backend_cli_put
                0x000000000000800c       0x50 _build/nrf52840_xxaa/nrf_cli.c.o
 .text.nrf_cli_process
                0x000000000000805c      0xec0 _build/nrf52840_xxaa/nrf_cli.c.o
                0x000000000000805c                nrf_cli_process
 .text.nrf_cli_cmd_cli
                0x0000000000008f1c       0x60 _build/nrf52840_xxaa/nrf_cli.c.o
 .text.nrf_cli_cmd_resize
                0x0000000000008f7c      0x144 _build/nrf52840_xxaa/nrf_cli.c.o
 .text.nrf_cli_start
                0x00000000000090c0       0xe4 _build/nrf52840_xxaa/nrf_cli.c.o
                0x00000000000090c0                nrf_cli_start
 .text.nrf_cli_cmd_echo_on
                0x00000000000091a4       0x30 _build/nrf52840_xxaa/nrf_cli.c.o
 .text.nrf_cli_cmd_echo_off
                0x00000000000091d4       0x34 _build/nrf52840_xxaa/nrf_cli.c.o
 .text.nrf_cli_cmd_cli_stats_reset
                0x0000000000009208       0x38 _build/nrf52840_xxaa/nrf_cli.c.o
                0x0000000000009208                nrf_cli_cmd_cli_stats_reset
 .text.nrf_cli_cmd_cli_stats_show
                0x0000000000009240       0x70 _build/nrf52840_xxaa/nrf_cli.c.o
                0x0000000000009240                nrf_cli_cmd_cli_stats_show
 .text.nrf_cli_cmd_resize_default
                0x00000000000092b0       0x64 _build/nrf52840_xxaa/nrf_cli.c.o
 .text.nrf_cli_cmd_colors_off
                0x0000000000009314       0x34 _build/nrf52840_xxaa/nrf_cli.c.o
 .text.nrf_cli_cmd_colors_on
                0x0000000000009348       0x30 _build/nrf52840_xxaa/nrf_cli.c.o
 .text.nrf_cli_cmd_echo
                0x0000000000009378       0x7c _build/nrf52840_xxaa/nrf_cli.c.o
 .text.nrf_cli_cmd_history
                0x00000000000093f4       0xc4 _build/nrf52840_xxaa/nrf_cli.c.o
 .text.nrf_cli_cmd_colors
                0x00000000000094b8       0x8c _build/nrf52840_xxaa/nrf_cli.c.o
 .text.nrf_cli_cmd_cli_stats
                0x0000000000009544       0x60 _build/nrf52840_xxaa/nrf_cli.c.o
                0x0000000000009544                nrf_cli_cmd_cli_stats
 .text.nrf_cli_help_print
                0x00000000000095a4      0x378 _build/nrf52840_xxaa/nrf_cli.c.o
                0x00000000000095a4                nrf_cli_help_print
 .text.cli_uart_read
                0x000000000000991c       0x34 _build/nrf52840_xxaa/nrf_cli_uart.c.o
 .text.timer_handler
                0x0000000000009950       0x1c _build/nrf52840_xxaa/nrf_cli_uart.c.o
 .text.cli_uart_init
                0x000000000000996c       0x4c _build/nrf52840_xxaa/nrf_cli_uart.c.o
 .text.cli_uart_uninit
                0x00000000000099b8       0x38 _build/nrf52840_xxaa/nrf_cli_uart.c.o
 .text.cli_uart_write
                0x00000000000099f0       0xa8 _build/nrf52840_xxaa/nrf_cli_uart.c.o
 .text.cli_uart_enable
                0x0000000000009a98       0xf0 _build/nrf52840_xxaa/nrf_cli_uart.c.o
 .text.uart_event_handler
                0x0000000000009b88      0x1ac _build/nrf52840_xxaa/nrf_cli_uart.c.o
 .text.nrf_fprintf_buffer_flush
                0x0000000000009d34       0x28 _build/nrf52840_xxaa/nrf_fprintf.c.o
                0x0000000000009d34                nrf_fprintf_buffer_flush
 .text.nrf_fprintf
                0x0000000000009d5c       0x64 _build/nrf52840_xxaa/nrf_fprintf.c.o
                0x0000000000009d5c                nrf_fprintf
 .text.unsigned_print
                0x0000000000009dc0      0x10c _build/nrf52840_xxaa/nrf_fprintf_format.c.o
 .text.nrf_fprintf_fmt
                0x0000000000009ecc      0x61c _build/nrf52840_xxaa/nrf_fprintf_format.c.o
                0x0000000000009ecc                nrf_fprintf_fmt
 .text.nrf_memobj_pool_init
                0x000000000000a4e8        0x4 _build/nrf52840_xxaa/nrf_memobj.c.o
                0x000000000000a4e8                nrf_memobj_pool_init
 .text.nrf_memobj_alloc
                0x000000000000a4ec       0x84 _build/nrf52840_xxaa/nrf_memobj.c.o
                0x000000000000a4ec                nrf_memobj_alloc
 .text.nrf_memobj_free
                0x000000000000a570       0x34 _build/nrf52840_xxaa/nrf_memobj.c.o
                0x000000000000a570                nrf_memobj_free
 .text.nrf_memobj_get
                0x000000000000a5a4        0x8 _build/nrf52840_xxaa/nrf_memobj.c.o
                0x000000000000a5a4                nrf_memobj_get
 .text.nrf_memobj_put
                0x000000000000a5ac       0x44 _build/nrf52840_xxaa/nrf_memobj.c.o
                0x000000000000a5ac                nrf_memobj_put
 .text.nrf_memobj_write
                0x000000000000a5f0       0xa8 _build/nrf52840_xxaa/nrf_memobj.c.o
                0x000000000000a5f0                nrf_memobj_write
 .text.nrf_memobj_read
                0x000000000000a698       0xa8 _build/nrf52840_xxaa/nrf_memobj.c.o
                0x000000000000a698                nrf_memobj_read
 .text.nrf_pwr_mgmt_feed
                0x000000000000a740        0x4 _build/nrf52840_xxaa/nrf_pwr_mgmt.c.o
                0x000000000000a740                nrf_pwr_mgmt_feed
 .text.nrf_queue_status
                0x000000000000a744      0x110 _build/nrf52840_xxaa/nrf_queue.c.o
 .text.nrf_queue_push
                0x000000000000a854      0x118 _build/nrf52840_xxaa/nrf_queue.c.o
                0x000000000000a854                nrf_queue_push
 .text.nrf_queue_generic_pop
                0x000000000000a96c       0xf4 _build/nrf52840_xxaa/nrf_queue.c.o
                0x000000000000a96c                nrf_queue_generic_pop
 .text.nrf_queue_is_empty
                0x000000000000aa60       0x28 _build/nrf52840_xxaa/nrf_queue.c.o
                0x000000000000aa60                nrf_queue_is_empty
 .text.nrf_queue_max_utilization_get
                0x000000000000aa88       0x20 _build/nrf52840_xxaa/nrf_queue.c.o
                0x000000000000aa88                nrf_queue_max_utilization_get
 .text.nrf_queue_max_utilization_reset
                0x000000000000aaa8       0x24 _build/nrf52840_xxaa/nrf_queue.c.o
                0x000000000000aaa8                nrf_queue_max_utilization_reset
 .text.nrf_ringbuf_init
                0x000000000000aacc       0x1c _build/nrf52840_xxaa/nrf_ringbuf.c.o
                0x000000000000aacc                nrf_ringbuf_init
 .text.nrf_ringbuf_alloc
                0x000000000000aae8       0xa4 _build/nrf52840_xxaa/nrf_ringbuf.c.o
                0x000000000000aae8                nrf_ringbuf_alloc
 .text.nrf_ringbuf_put
                0x000000000000ab8c       0x34 _build/nrf52840_xxaa/nrf_ringbuf.c.o
                0x000000000000ab8c                nrf_ringbuf_put
 .text.nrf_ringbuf_cpy_put
                0x000000000000abc0       0xa0 _build/nrf52840_xxaa/nrf_ringbuf.c.o
                0x000000000000abc0                nrf_ringbuf_cpy_put
 .text.nrf_ringbuf_get
                0x000000000000ac60       0xa8 _build/nrf52840_xxaa/nrf_ringbuf.c.o
                0x000000000000ac60                nrf_ringbuf_get
 .text.nrf_ringbuf_cpy_get
                0x000000000000ad08       0xa0 _build/nrf52840_xxaa/nrf_ringbuf.c.o
                0x000000000000ad08                nrf_ringbuf_cpy_get
 .text.nrf_ringbuf_free
                0x000000000000ada8       0x28 _build/nrf52840_xxaa/nrf_ringbuf.c.o
                0x000000000000ada8                nrf_ringbuf_free
 .text.nrf_strerror_get
                0x000000000000add0       0x6c _build/nrf52840_xxaa/nrf_strerror.c.o
                0x000000000000add0                nrf_strerror_get
 .text.clock_irq_handler
                0x000000000000ae3c       0x44 _build/nrf52840_xxaa/nrf_drv_clock.c.o
 .text.nrf_drv_clock_init_check
                0x000000000000ae80        0xc _build/nrf52840_xxaa/nrf_drv_clock.c.o
                0x000000000000ae80                nrf_drv_clock_init_check
 .text.nrf_drv_clock_init
                0x000000000000ae8c       0x34 _build/nrf52840_xxaa/nrf_drv_clock.c.o
                0x000000000000ae8c                nrf_drv_clock_init
 .text.nrf_drv_clock_lfclk_request
                0x000000000000aec0       0x80 _build/nrf52840_xxaa/nrf_drv_clock.c.o
                0x000000000000aec0                nrf_drv_clock_lfclk_request
 .text.nrf_drv_clock_lfclk_is_running
                0x000000000000af40       0x28 _build/nrf52840_xxaa/nrf_drv_clock.c.o
                0x000000000000af40                nrf_drv_clock_lfclk_is_running
 .text.nrf_drv_clock_hfclk_request
                0x000000000000af68       0x84 _build/nrf52840_xxaa/nrf_drv_clock.c.o
                0x000000000000af68                nrf_drv_clock_hfclk_request
 .text.nrf_drv_clock_hfclk_release
                0x000000000000afec       0x4c _build/nrf52840_xxaa/nrf_drv_clock.c.o
                0x000000000000afec                nrf_drv_clock_hfclk_release
 .text.nrf_drv_power_init
                0x000000000000b038       0x20 _build/nrf52840_xxaa/nrf_drv_power.c.o
                0x000000000000b038                nrf_drv_power_init
 .text.nrf_drv_power_usbevt_init
                0x000000000000b058       0x1c _build/nrf52840_xxaa/nrf_drv_power.c.o
                0x000000000000b058                nrf_drv_power_usbevt_init
 .text.uarte_evt_handler
                0x000000000000b074       0x34 _build/nrf52840_xxaa/nrf_drv_uart.c.o
 .text.uart_evt_handler
                0x000000000000b0a8       0x34 _build/nrf52840_xxaa/nrf_drv_uart.c.o
 .text.nrf_drv_uart_init
                0x000000000000b0dc       0xa0 _build/nrf52840_xxaa/nrf_drv_uart.c.o
                0x000000000000b0dc                nrf_drv_uart_init
 .text.ev_usbreset_handler
                0x000000000000b17c       0x30 _build/nrf52840_xxaa/nrf_drv_usbd.c.o
 .text.ev_started_handler
                0x000000000000b1ac        0x4 _build/nrf52840_xxaa/nrf_drv_usbd.c.o
 .text.nrf_drv_usbd_consumer
                0x000000000000b1b0       0x6c _build/nrf52840_xxaa/nrf_drv_usbd.c.o
                0x000000000000b1b0                nrf_drv_usbd_consumer
 .text.nrf_drv_usbd_feeder_ram
                0x000000000000b21c       0x44 _build/nrf52840_xxaa/nrf_drv_usbd.c.o
                0x000000000000b21c                nrf_drv_usbd_feeder_ram
 .text.nrf_drv_usbd_feeder_ram_zlp
                0x000000000000b260       0x4c _build/nrf52840_xxaa/nrf_drv_usbd.c.o
                0x000000000000b260                nrf_drv_usbd_feeder_ram_zlp
 .text.nrf_drv_usbd_feeder_flash
                0x000000000000b2ac       0x64 _build/nrf52840_xxaa/nrf_drv_usbd.c.o
                0x000000000000b2ac                nrf_drv_usbd_feeder_flash
 .text.nrf_drv_usbd_feeder_flash_zlp
                0x000000000000b310       0x68 _build/nrf52840_xxaa/nrf_drv_usbd.c.o
                0x000000000000b310                nrf_drv_usbd_feeder_flash_zlp
 .text.ev_dma_epin0_handler
                0x000000000000b378       0x40 _build/nrf52840_xxaa/nrf_drv_usbd.c.o
 .text.ev_setup_data_handler
                0x000000000000b3b8       0x90 _build/nrf52840_xxaa/nrf_drv_usbd.c.o
 .text.ev_usbevent_handler
                0x000000000000b448       0xb4 _build/nrf52840_xxaa/nrf_drv_usbd.c.o
 .text.ev_dma_epout8_handler
                0x000000000000b4fc       0x5c _build/nrf52840_xxaa/nrf_drv_usbd.c.o
 .text.ev_dma_epin8_handler
                0x000000000000b558       0x6c _build/nrf52840_xxaa/nrf_drv_usbd.c.o
 .text.ev_dma_epin1_handler
                0x000000000000b5c4       0x40 _build/nrf52840_xxaa/nrf_drv_usbd.c.o
 .text.ev_dma_epin2_handler
                0x000000000000b604       0x40 _build/nrf52840_xxaa/nrf_drv_usbd.c.o
 .text.ev_dma_epin3_handler
                0x000000000000b644       0x40 _build/nrf52840_xxaa/nrf_drv_usbd.c.o
 .text.ev_dma_epin4_handler
                0x000000000000b684       0x40 _build/nrf52840_xxaa/nrf_drv_usbd.c.o
 .text.ev_dma_epin5_handler
                0x000000000000b6c4       0x40 _build/nrf52840_xxaa/nrf_drv_usbd.c.o
 .text.ev_dma_epin6_handler
                0x000000000000b704       0x40 _build/nrf52840_xxaa/nrf_drv_usbd.c.o
 .text.ev_dma_epin7_handler
                0x000000000000b744       0x40 _build/nrf52840_xxaa/nrf_drv_usbd.c.o
 .text.ev_sof_handler
                0x000000000000b784       0x48 _build/nrf52840_xxaa/nrf_drv_usbd.c.o
 .text.usbd_dmareq_process.part.4
                0x000000000000b7cc      0x420 _build/nrf52840_xxaa/nrf_drv_usbd.c.o
 .text.ev_dma_epout6_handler
                0x000000000000bbec       0x70 _build/nrf52840_xxaa/nrf_drv_usbd.c.o
 .text.ev_epdata_handler
                0x000000000000bc5c       0xec _build/nrf52840_xxaa/nrf_drv_usbd.c.o
 .text.ev_dma_epout0_handler
                0x000000000000bd48       0xb4 _build/nrf52840_xxaa/nrf_drv_usbd.c.o
 .text.ev_dma_epout1_handler
                0x000000000000bdfc       0x70 _build/nrf52840_xxaa/nrf_drv_usbd.c.o
 .text.ev_dma_epout2_handler
                0x000000000000be6c       0x70 _build/nrf52840_xxaa/nrf_drv_usbd.c.o
 .text.ev_dma_epout3_handler
                0x000000000000bedc       0x70 _build/nrf52840_xxaa/nrf_drv_usbd.c.o
 .text.ev_dma_epout4_handler
                0x000000000000bf4c       0x74 _build/nrf52840_xxaa/nrf_drv_usbd.c.o
 .text.ev_dma_epout7_handler
                0x000000000000bfc0       0x70 _build/nrf52840_xxaa/nrf_drv_usbd.c.o
 .text.ev_dma_epout5_handler
                0x000000000000c030       0x70 _build/nrf52840_xxaa/nrf_drv_usbd.c.o
 .text.nrf_drv_usbd_init
                0x000000000000c0a0      0x16c _build/nrf52840_xxaa/nrf_drv_usbd.c.o
                0x000000000000c0a0                nrf_drv_usbd_init
 .text.nrf_drv_usbd_uninit
                0x000000000000c20c       0x20 _build/nrf52840_xxaa/nrf_drv_usbd.c.o
                0x000000000000c20c                nrf_drv_usbd_uninit
 .text.nrf_drv_usbd_enable
                0x000000000000c22c      0x178 _build/nrf52840_xxaa/nrf_drv_usbd.c.o
                0x000000000000c22c                nrf_drv_usbd_enable
 .text.nrf_drv_usbd_start
                0x000000000000c3a4       0x88 _build/nrf52840_xxaa/nrf_drv_usbd.c.o
                0x000000000000c3a4                nrf_drv_usbd_start
 .text.nrf_drv_usbd_is_initialized
                0x000000000000c42c       0x10 _build/nrf52840_xxaa/nrf_drv_usbd.c.o
                0x000000000000c42c                nrf_drv_usbd_is_initialized
 .text.nrf_drv_usbd_is_enabled
                0x000000000000c43c       0x14 _build/nrf52840_xxaa/nrf_drv_usbd.c.o
                0x000000000000c43c                nrf_drv_usbd_is_enabled
 .text.nrf_drv_usbd_is_started
                0x000000000000c450       0x1c _build/nrf52840_xxaa/nrf_drv_usbd.c.o
                0x000000000000c450                nrf_drv_usbd_is_started
 .text.nrf_drv_usbd_wakeup_req
                0x000000000000c46c       0x6c _build/nrf52840_xxaa/nrf_drv_usbd.c.o
                0x000000000000c46c                nrf_drv_usbd_wakeup_req
 .text.nrf_drv_usbd_suspend_irq_config
                0x000000000000c4d8       0x14 _build/nrf52840_xxaa/nrf_drv_usbd.c.o
                0x000000000000c4d8                nrf_drv_usbd_suspend_irq_config
 .text.nrf_drv_usbd_active_irq_config
                0x000000000000c4ec       0x14 _build/nrf52840_xxaa/nrf_drv_usbd.c.o
                0x000000000000c4ec                nrf_drv_usbd_active_irq_config
 .text.nrf_drv_usbd_force_bus_wakeup
                0x000000000000c500        0xc _build/nrf52840_xxaa/nrf_drv_usbd.c.o
                0x000000000000c500                nrf_drv_usbd_force_bus_wakeup
 .text.nrf_drv_usbd_ep_max_packet_size_get
                0x000000000000c50c       0x38 _build/nrf52840_xxaa/nrf_drv_usbd.c.o
                0x000000000000c50c                nrf_drv_usbd_ep_max_packet_size_get
 .text.nrf_drv_usbd_ep_enable_check
                0x000000000000c544       0x44 _build/nrf52840_xxaa/nrf_drv_usbd.c.o
                0x000000000000c544                nrf_drv_usbd_ep_enable_check
 .text.nrf_drv_usbd_ep_transfer
                0x000000000000c588      0x194 _build/nrf52840_xxaa/nrf_drv_usbd.c.o
                0x000000000000c588                nrf_drv_usbd_ep_transfer
 .text.nrf_drv_usbd_ep_handled_transfer
                0x000000000000c71c      0x108 _build/nrf52840_xxaa/nrf_drv_usbd.c.o
                0x000000000000c71c                nrf_drv_usbd_ep_handled_transfer
 .text.nrf_drv_usbd_feeder_buffer_get
                0x000000000000c824        0x8 _build/nrf52840_xxaa/nrf_drv_usbd.c.o
                0x000000000000c824                nrf_drv_usbd_feeder_buffer_get
 .text.nrf_drv_usbd_ep_stall
                0x000000000000c82c       0x44 _build/nrf52840_xxaa/nrf_drv_usbd.c.o
                0x000000000000c82c                nrf_drv_usbd_ep_stall
 .text.nrf_drv_usbd_ep_stall_check
                0x000000000000c870       0x50 _build/nrf52840_xxaa/nrf_drv_usbd.c.o
                0x000000000000c870                nrf_drv_usbd_ep_stall_check
 .text.nrf_drv_usbd_ep_dtoggle_clear
                0x000000000000c8c0       0x48 _build/nrf52840_xxaa/nrf_drv_usbd.c.o
                0x000000000000c8c0                nrf_drv_usbd_ep_dtoggle_clear
 .text.nrf_drv_usbd_setup_get
                0x000000000000c908       0x4c _build/nrf52840_xxaa/nrf_drv_usbd.c.o
                0x000000000000c908                nrf_drv_usbd_setup_get
 .text.nrf_drv_usbd_setup_data_clear
                0x000000000000c954       0x50 _build/nrf52840_xxaa/nrf_drv_usbd.c.o
                0x000000000000c954                nrf_drv_usbd_setup_data_clear
 .text.nrf_drv_usbd_setup_clear
                0x000000000000c9a4       0x14 _build/nrf52840_xxaa/nrf_drv_usbd.c.o
                0x000000000000c9a4                nrf_drv_usbd_setup_clear
 .text.nrf_drv_usbd_setup_stall
                0x000000000000c9b8       0x14 _build/nrf52840_xxaa/nrf_drv_usbd.c.o
                0x000000000000c9b8                nrf_drv_usbd_setup_stall
 .text.nrf_drv_usbd_last_setup_dir_get
                0x000000000000c9cc        0xc _build/nrf52840_xxaa/nrf_drv_usbd.c.o
                0x000000000000c9cc                nrf_drv_usbd_last_setup_dir_get
 .text.nrf_drv_usbd_transfer_out_drop
                0x000000000000c9d8      0x104 _build/nrf52840_xxaa/nrf_drv_usbd.c.o
                0x000000000000c9d8                nrf_drv_usbd_transfer_out_drop
 .text.USBD_IRQHandler
                0x000000000000cadc      0x474 _build/nrf52840_xxaa/nrf_drv_usbd.c.o
                0x000000000000cadc                USBD_IRQHandler
 .text.nrf_drv_usbd_ep_enable
                0x000000000000cf50      0x128 _build/nrf52840_xxaa/nrf_drv_usbd.c.o
                0x000000000000cf50                nrf_drv_usbd_ep_enable
 .text.nrf_drv_usbd_ep_stall_clear
                0x000000000000d078       0x6c _build/nrf52840_xxaa/nrf_drv_usbd.c.o
                0x000000000000d078                nrf_drv_usbd_ep_stall_clear
 .text.nrf_drv_usbd_ep_abort
                0x000000000000d0e4      0x1cc _build/nrf52840_xxaa/nrf_drv_usbd.c.o
                0x000000000000d0e4                nrf_drv_usbd_ep_abort
 .text.nrf_drv_usbd_ep_disable
                0x000000000000d2b0      0x2a0 _build/nrf52840_xxaa/nrf_drv_usbd.c.o
                0x000000000000d2b0                nrf_drv_usbd_ep_disable
 .text.nrf_drv_usbd_stop
                0x000000000000d550      0x1bc _build/nrf52840_xxaa/nrf_drv_usbd.c.o
                0x000000000000d550                nrf_drv_usbd_stop
 .text.nrf_drv_usbd_suspend
                0x000000000000d70c      0x1c0 _build/nrf52840_xxaa/nrf_drv_usbd.c.o
                0x000000000000d70c                nrf_drv_usbd_suspend
 .text.nrf_drv_usbd_disable
                0x000000000000d8cc      0x248 _build/nrf52840_xxaa/nrf_drv_usbd.c.o
                0x000000000000d8cc                nrf_drv_usbd_disable
 .text.ev_setup_handler
                0x000000000000db14      0x260 _build/nrf52840_xxaa/nrf_drv_usbd.c.o
 .text.nrfx_clock_init
                0x000000000000dd74       0x2c _build/nrf52840_xxaa/nrfx_clock.c.o
                0x000000000000dd74                nrfx_clock_init
 .text.nrfx_clock_enable
                0x000000000000dda0       0x48 _build/nrf52840_xxaa/nrfx_clock.c.o
                0x000000000000dda0                nrfx_clock_enable
 .text.nrfx_clock_lfclk_start
                0x000000000000dde8       0x44 _build/nrf52840_xxaa/nrfx_clock.c.o
                0x000000000000dde8                nrfx_clock_lfclk_start
 .text.nrfx_clock_hfclk_start
                0x000000000000de2c       0x3c _build/nrf52840_xxaa/nrfx_clock.c.o
                0x000000000000de2c                nrfx_clock_hfclk_start
 .text.nrfx_clock_hfclk_stop
                0x000000000000de68       0x40 _build/nrf52840_xxaa/nrfx_clock.c.o
                0x000000000000de68                nrfx_clock_hfclk_stop
 .text.nrfx_clock_irq_handler
                0x000000000000dea8       0x64 _build/nrf52840_xxaa/nrfx_clock.c.o
                0x000000000000dea8                nrfx_clock_irq_handler
 .text.nrfx_gpiote_init
                0x000000000000df0c       0x98 _build/nrf52840_xxaa/nrfx_gpiote.c.o
                0x000000000000df0c                nrfx_gpiote_init
 .text.nrfx_gpiote_is_init
                0x000000000000dfa4       0x14 _build/nrf52840_xxaa/nrfx_gpiote.c.o
                0x000000000000dfa4                nrfx_gpiote_is_init
 .text.nrfx_gpiote_in_init
                0x000000000000dfb8      0x21c _build/nrf52840_xxaa/nrfx_gpiote.c.o
                0x000000000000dfb8                nrfx_gpiote_in_init
 .text.nrfx_gpiote_in_event_enable
                0x000000000000e1d4      0x13c _build/nrf52840_xxaa/nrfx_gpiote.c.o
                0x000000000000e1d4                nrfx_gpiote_in_event_enable
 .text.nrfx_gpiote_in_is_set
                0x000000000000e310       0x50 _build/nrf52840_xxaa/nrfx_gpiote.c.o
                0x000000000000e310                nrfx_gpiote_in_is_set
 .text.GPIOTE_IRQHandler
                0x000000000000e360      0x644 _build/nrf52840_xxaa/nrfx_gpiote.c.o
                0x000000000000e360                GPIOTE_IRQHandler
 .text.nrfx_power_init
                0x000000000000e9a4       0x5c _build/nrf52840_xxaa/nrfx_power.c.o
                0x000000000000e9a4                nrfx_power_init
 .text.nrfx_power_usbevt_init
                0x000000000000ea00       0x14 _build/nrf52840_xxaa/nrfx_power.c.o
                0x000000000000ea00                nrfx_power_usbevt_init
 .text.nrfx_power_usbevt_enable
                0x000000000000ea14       0x10 _build/nrf52840_xxaa/nrfx_power.c.o
                0x000000000000ea14                nrfx_power_usbevt_enable
 .text.nrfx_power_usbevt_disable
                0x000000000000ea24       0x10 _build/nrf52840_xxaa/nrfx_power.c.o
                0x000000000000ea24                nrfx_power_usbevt_disable
 .text.nrfx_power_usbevt_uninit
                0x000000000000ea34        0xc _build/nrf52840_xxaa/nrfx_power.c.o
                0x000000000000ea34                nrfx_power_usbevt_uninit
 .text.nrfx_power_irq_handler
                0x000000000000ea40      0x124 _build/nrf52840_xxaa/nrfx_power.c.o
                0x000000000000ea40                nrfx_power_irq_handler
 .text.POWER_CLOCK_IRQHandler
                0x000000000000eb64       0x10 _build/nrf52840_xxaa/nrfx_power_clock.c.o
                0x000000000000eb64                POWER_CLOCK_IRQHandler
 .text.UARTE0_UART0_IRQHandler
                0x000000000000eb74       0x28 _build/nrf52840_xxaa/nrfx_prs.c.o
                0x000000000000eb74                UARTE0_UART0_IRQHandler
 .text.nrfx_prs_acquire
                0x000000000000eb9c       0x58 _build/nrf52840_xxaa/nrfx_prs.c.o
                0x000000000000eb9c                nrfx_prs_acquire
 .text.nrfx_prs_release
                0x000000000000ebf4       0x28 _build/nrf52840_xxaa/nrfx_prs.c.o
                0x000000000000ebf4                nrfx_prs_release
 .text.nrfx_uart_0_irq_handler
                0x000000000000ec1c      0x1bc _build/nrf52840_xxaa/nrfx_uart.c.o
                0x000000000000ec1c                nrfx_uart_0_irq_handler
 .text.nrfx_uart_init
                0x000000000000edd8      0x2c8 _build/nrf52840_xxaa/nrfx_uart.c.o
                0x000000000000edd8                nrfx_uart_init
 .text.nrfx_uart_uninit
                0x000000000000f0a0      0x150 _build/nrf52840_xxaa/nrfx_uart.c.o
                0x000000000000f0a0                nrfx_uart_uninit
 .text.nrfx_uart_tx
                0x000000000000f1f0      0x124 _build/nrf52840_xxaa/nrfx_uart.c.o
                0x000000000000f1f0                nrfx_uart_tx
 .text.nrfx_uart_tx_in_progress
                0x000000000000f314       0x18 _build/nrf52840_xxaa/nrfx_uart.c.o
                0x000000000000f314                nrfx_uart_tx_in_progress
 .text.nrfx_uart_rx
                0x000000000000f32c      0x19c _build/nrf52840_xxaa/nrfx_uart.c.o
                0x000000000000f32c                nrfx_uart_rx
 .text.nrfx_uart_rx_abort
                0x000000000000f4c8       0x14 _build/nrf52840_xxaa/nrfx_uart.c.o
                0x000000000000f4c8                nrfx_uart_rx_abort
 .text.nrfx_uarte_0_irq_handler
                0x000000000000f4dc      0x128 _build/nrf52840_xxaa/nrfx_uarte.c.o
                0x000000000000f4dc                nrfx_uarte_0_irq_handler
 .text.nrfx_uarte_init
                0x000000000000f604      0x2e4 _build/nrf52840_xxaa/nrfx_uarte.c.o
                0x000000000000f604                nrfx_uarte_init
 .text.nrfx_uarte_uninit
                0x000000000000f8e8      0x154 _build/nrf52840_xxaa/nrfx_uarte.c.o
                0x000000000000f8e8                nrfx_uarte_uninit
 .text.nrfx_uarte_tx
                0x000000000000fa3c      0x118 _build/nrf52840_xxaa/nrfx_uarte.c.o
                0x000000000000fa3c                nrfx_uarte_tx
 .text.nrfx_uarte_tx_in_progress
                0x000000000000fb54       0x1c _build/nrf52840_xxaa/nrfx_uarte.c.o
                0x000000000000fb54                nrfx_uarte_tx_in_progress
 .text.nrfx_uarte_rx
                0x000000000000fb70      0x1ac _build/nrf52840_xxaa/nrfx_uarte.c.o
                0x000000000000fb70                nrfx_uarte_rx
 .text.nrfx_uarte_rx_abort
                0x000000000000fd1c        0x8 _build/nrf52840_xxaa/nrfx_uarte.c.o
                0x000000000000fd1c                nrfx_uarte_rx_abort
 .text.alert_timer_handler
                0x000000000000fd24        0x8 _build/nrf52840_xxaa/bsp.c.o
 .text.bsp_button_event_handler
                0x000000000000fd2c       0xa0 _build/nrf52840_xxaa/bsp.c.o
 .text.button_timer_handler
                0x000000000000fdcc       0x30 _build/nrf52840_xxaa/bsp.c.o
 .text.leds_timer_handler
                0x000000000000fdfc      0x2ec _build/nrf52840_xxaa/bsp.c.o
 .text.bsp_button_is_pressed
                0x00000000000100e8        0xc _build/nrf52840_xxaa/bsp.c.o
                0x00000000000100e8                bsp_button_is_pressed
 .text.bsp_init
                0x00000000000100f4       0xbc _build/nrf52840_xxaa/bsp.c.o
                0x00000000000100f4                bsp_init
 .text.bsp_event_to_button_action_assign
                0x00000000000101b0       0x50 _build/nrf52840_xxaa/bsp.c.o
                0x00000000000101b0                bsp_event_to_button_action_assign
 .text.cmd_evt  0x0000000000010200       0x3c _build/nrf52840_xxaa/bsp_cli.c.o
 .text.cmd_btn  0x000000000001023c       0x3c _build/nrf52840_xxaa/bsp_cli.c.o
 .text.bsp_cli_init
                0x0000000000010278        0xc _build/nrf52840_xxaa/bsp_cli.c.o
                0x0000000000010278                bsp_cli_init
 .text.bsp_event_callback
                0x0000000000010284       0xc0 _build/nrf52840_xxaa/main.c.o
 .text.usbd_user_ev_handler
                0x0000000000010344       0xe4 _build/nrf52840_xxaa/main.c.o
 .text.hid_user_ev_handler
                0x0000000000010428      0x114 _build/nrf52840_xxaa/main.c.o
 .text.idle_handle
                0x000000000001053c       0x2c _build/nrf52840_xxaa/main.c.o
 .text.mouse_move_timer_handler
                0x0000000000010568       0x5c _build/nrf52840_xxaa/main.c.o
 .text.startup.main
                0x00000000000105c4      0x268 _build/nrf52840_xxaa/main.c.o
                0x00000000000105c4                main
 .text.SystemInit
                0x000000000001082c      0x1c4 _build/nrf52840_xxaa/system_nrf52840.c.o
                0x000000000001082c                SystemInit
 .text          0x00000000000109f0        0xc /usr/lib/gcc/arm-none-eabi/7.3.1/../../../arm-none-eabi/lib/thumb/v7e-m/fpv4-sp/hard/libc_nano.a(lib_a-atexit.o)
                0x00000000000109f0                atexit
 .text          0x00000000000109fc       0x28 /usr/lib/gcc/arm-none-eabi/7.3.1/../../../arm-none-eabi/lib/thumb/v7e-m/fpv4-sp/hard/libc_nano.a(lib_a-exit.o)
                0x00000000000109fc                exit
 .text          0x0000000000010a24       0x34 /usr/lib/gcc/arm-none-eabi/7.3.1/../../../arm-none-eabi/lib/thumb/v7e-m/fpv4-sp/hard/libc_nano.a(lib_a-fini.o)
                0x0000000000010a24                __libc_fini_array
 .text          0x0000000000010a58       0x48 /usr/lib/gcc/arm-none-eabi/7.3.1/../../../arm-none-eabi/lib/thumb/v7e-m/fpv4-sp/hard/libc_nano.a(lib_a-init.o)
                0x0000000000010a58                __libc_init_array
 .text          0x0000000000010aa0       0x90 /usr/lib/gcc/arm-none-eabi/7.3.1/../../../arm-none-eabi/lib/thumb/v7e-m/fpv4-sp/hard/libc_nano.a(lib_a-locale.o)
                0x0000000000010aa0                _setlocale_r
                0x0000000000010ae0                __locale_mb_cur_max
                0x0000000000010afc                __locale_ctype_ptr_l
                0x0000000000010b04                __locale_ctype_ptr
                0x0000000000010b20                setlocale
 .text          0x0000000000010b30       0x50 /usr/lib/gcc/arm-none-eabi/7.3.1/../../../arm-none-eabi/lib/thumb/v7e-m/fpv4-sp/hard/libc_nano.a(lib_a-mbtowc_r.o)
                0x0000000000010b30                _mbtowc_r
                0x0000000000010b54                __ascii_mbtowc
 .text          0x0000000000010b80      0x134 /usr/lib/gcc/arm-none-eabi/7.3.1/../../../arm-none-eabi/lib/thumb/v7e-m/fpv4-sp/hard/libc_nano.a(lib_a-memcpy.o)
                0x0000000000010b80                memcpy
 .text          0x0000000000010cb4       0xc8 /usr/lib/gcc/arm-none-eabi/7.3.1/../../../arm-none-eabi/lib/thumb/v7e-m/fpv4-sp/hard/libc_nano.a(lib_a-memmove.o)
                0x0000000000010cb4                memmove
 .text          0x0000000000010d7c       0x94 /usr/lib/gcc/arm-none-eabi/7.3.1/../../../arm-none-eabi/lib/thumb/v7e-m/fpv4-sp/hard/libc_nano.a(lib_a-memset.o)
                0x0000000000010d7c                memset
 .text          0x0000000000010e10      0x57c /usr/lib/gcc/arm-none-eabi/7.3.1/../../../arm-none-eabi/lib/thumb/v7e-m/fpv4-sp/hard/libc_nano.a(lib_a-qsort.o)
                0x0000000000010e10                qsort
 .text          0x000000000001138c       0xac /usr/lib/gcc/arm-none-eabi/7.3.1/../../../arm-none-eabi/lib/thumb/v7e-m/fpv4-sp/hard/libc_nano.a(lib_a-sscanf.o)
                0x000000000001138c                sscanf
                0x000000000001138c                siscanf
                0x00000000000113e4                _siscanf_r
                0x00000000000113e4                _sscanf_r
 .text          0x0000000000011438       0x8c /usr/lib/gcc/arm-none-eabi/7.3.1/../../../arm-none-eabi/lib/thumb/v7e-m/fpv4-sp/hard/libc_nano.a(lib_a-stdio.o)
                0x0000000000011438                __sread
                0x000000000001145c                __seofread
                0x0000000000011460                __swrite
                0x000000000001149c                __sseek
                0x00000000000114bc                __sclose
 *fill*         0x00000000000114c4       0x1c 
 .text          0x00000000000114e0      0x2dc /usr/lib/gcc/arm-none-eabi/7.3.1/../../../arm-none-eabi/lib/thumb/v7e-m/fpv4-sp/hard/libc_nano.a(lib_a-strcmp.o)
                0x00000000000114e8                strcmp
 .text          0x00000000000117bc       0xbc /usr/lib/gcc/arm-none-eabi/7.3.1/../../../arm-none-eabi/lib/thumb/v7e-m/fpv4-sp/hard/libc_nano.a(lib_a-strcpy.o)
                0x00000000000117bc                strcpy
 *fill*         0x0000000000011878        0x8 
 .text          0x0000000000011880       0xdc /usr/lib/gcc/arm-none-eabi/7.3.1/../../../arm-none-eabi/lib/thumb/v7e-m/fpv4-sp/hard/libc_nano.a(lib_a-strlen.o)
                0x0000000000011880                strlen
 .text          0x000000000001195c       0x98 /usr/lib/gcc/arm-none-eabi/7.3.1/../../../arm-none-eabi/lib/thumb/v7e-m/fpv4-sp/hard/libc_nano.a(lib_a-strncmp.o)
                0x000000000001195c                strncmp
 .text          0x00000000000119f4       0x40 /usr/lib/gcc/arm-none-eabi/7.3.1/../../../arm-none-eabi/lib/thumb/v7e-m/fpv4-sp/hard/libc_nano.a(lib_a-wctomb_r.o)
                0x00000000000119f4                _wctomb_r
                0x0000000000011a18                __ascii_wctomb
 .text          0x0000000000011a34       0x2c /usr/lib/gcc/arm-none-eabi/7.3.1/../../../arm-none-eabi/lib/thumb/v7e-m/fpv4-sp/hard/libc_nano.a(lib_a-writer.o)
                0x0000000000011a34                _write_r
 .text          0x0000000000011a60       0xa4 /usr/lib/gcc/arm-none-eabi/7.3.1/../../../arm-none-eabi/lib/thumb/v7e-m/fpv4-sp/hard/libc_nano.a(lib_a-__atexit.o)
                0x0000000000011a60                __register_exitproc
 .text          0x0000000000011b04       0xa4 /usr/lib/gcc/arm-none-eabi/7.3.1/../../../arm-none-eabi/lib/thumb/v7e-m/fpv4-sp/hard/libc_nano.a(lib_a-__call_atexit.o)
                0x0000000000011b04                __call_exitprocs
 .text          0x0000000000011ba8       0x24 /usr/lib/gcc/arm-none-eabi/7.3.1/../../../arm-none-eabi/lib/thumb/v7e-m/fpv4-sp/hard/libc_nano.a(lib_a-closer.o)
                0x0000000000011ba8                _close_r
 .text          0x0000000000011bcc       0x2c /usr/lib/gcc/arm-none-eabi/7.3.1/../../../arm-none-eabi/lib/thumb/v7e-m/fpv4-sp/hard/libc_nano.a(lib_a-lseekr.o)
                0x0000000000011bcc                _lseek_r
 .text          0x0000000000011bf8      0x420 /usr/lib/gcc/arm-none-eabi/7.3.1/../../../arm-none-eabi/lib/thumb/v7e-m/fpv4-sp/hard/libc_nano.a(lib_a-nano-svfscanf.o)
                0x0000000000011bf8                _sungetc_r
                0x0000000000011c74                __ssrefill_r
                0x0000000000011cb0                __ssvfscanf_r
                0x0000000000011cb0                __ssvfiscanf_r
 .text          0x0000000000012018      0x2e8 /usr/lib/gcc/arm-none-eabi/7.3.1/../../../arm-none-eabi/lib/thumb/v7e-m/fpv4-sp/hard/libc_nano.a(lib_a-nano-vfscanf_i.o)
                0x0000000000012018                _scanf_chars
                0x00000000000120dc                _scanf_i
 .text          0x0000000000012300       0x2c /usr/lib/gcc/arm-none-eabi/7.3.1/../../../arm-none-eabi/lib/thumb/v7e-m/fpv4-sp/hard/libc_nano.a(lib_a-readr.o)
                0x0000000000012300                _read_r
 .text          0x000000000001232c       0x70 /usr/lib/gcc/arm-none-eabi/7.3.1/../../../arm-none-eabi/lib/thumb/v7e-m/fpv4-sp/hard/libc_nano.a(lib_a-sccl.o)
                0x000000000001232c                __sccl
 .text          0x000000000001239c      0x194 /usr/lib/gcc/arm-none-eabi/7.3.1/../../../arm-none-eabi/lib/thumb/v7e-m/fpv4-sp/hard/libc_nano.a(lib_a-strtol.o)
                0x00000000000124c0                _strtol_r
                0x00000000000124e4                strtol_l
                0x0000000000012504                strtol
 .text          0x0000000000012530      0x1bc /usr/lib/gcc/arm-none-eabi/7.3.1/../../../arm-none-eabi/lib/thumb/v7e-m/fpv4-sp/hard/libc_nano.a(lib_a-strtoul.o)
                0x000000000001267c                _strtoul_r
                0x00000000000126a0                strtoul_l
                0x00000000000126c0                strtoul
 .text          0x00000000000126ec      0x174 /usr/lib/gcc/arm-none-eabi/7.3.1/../../../arm-none-eabi/lib/thumb/v7e-m/fpv4-sp/hard/libc_nano.a(lib_a-ungetc.o)
                0x00000000000126ec                __submore
                0x0000000000012764                _ungetc_r
                0x0000000000012850                ungetc
 .text          0x0000000000012860      0x1bc /usr/lib/gcc/arm-none-eabi/7.3.1/../../../arm-none-eabi/lib/thumb/v7e-m/fpv4-sp/hard/libc_nano.a(lib_a-fflush.o)
                0x0000000000012860                __sflush_r
                0x0000000000012998                _fflush_r
                0x00000000000129f8                fflush
 .text          0x0000000000012a1c      0x210 /usr/lib/gcc/arm-none-eabi/7.3.1/../../../arm-none-eabi/lib/thumb/v7e-m/fpv4-sp/hard/libc_nano.a(lib_a-findfp.o)
                0x0000000000012a20                _cleanup_r
                0x0000000000012a30                __sfmoreglue
                0x0000000000012a60                __sfp
                0x0000000000012bd8                _cleanup
                0x0000000000012bec                __sinit
                0x0000000000012bf4                __sfp_lock_acquire
                0x0000000000012bf8                __sfp_lock_release
                0x0000000000012bfc                __sinit_lock_acquire
                0x0000000000012c00                __sinit_lock_release
                0x0000000000012c04                __fp_lock_all
                0x0000000000012c18                __fp_unlock_all
 .text          0x0000000000012c2c       0xa0 /usr/lib/gcc/arm-none-eabi/7.3.1/../../../arm-none-eabi/lib/thumb/v7e-m/fpv4-sp/hard/libc_nano.a(lib_a-fwalk.o)
                0x0000000000012c2c                _fwalk
                0x0000000000012c78                _fwalk_reent
 *fill*         0x0000000000012ccc        0x4 
 .text          0x0000000000012cd0       0xa0 /usr/lib/gcc/arm-none-eabi/7.3.1/../../../arm-none-eabi/lib/thumb/v7e-m/fpv4-sp/hard/libc_nano.a(lib_a-memchr.o)
                0x0000000000012cd0                memchr
 .text          0x0000000000012d70       0xa8 /usr/lib/gcc/arm-none-eabi/7.3.1/../../../arm-none-eabi/lib/thumb/v7e-m/fpv4-sp/hard/libc_nano.a(lib_a-nano-freer.o)
                0x0000000000012d70                _free_r
 .text          0x0000000000012e18       0xc8 /usr/lib/gcc/arm-none-eabi/7.3.1/../../../arm-none-eabi/lib/thumb/v7e-m/fpv4-sp/hard/libc_nano.a(lib_a-nano-mallocr.o)
                0x0000000000012e18                _malloc_r
 .text          0x0000000000012ee0       0x4c /usr/lib/gcc/arm-none-eabi/7.3.1/../../../arm-none-eabi/lib/thumb/v7e-m/fpv4-sp/hard/libc_nano.a(lib_a-nano-reallocr.o)
                0x0000000000012ee0                _realloc_r
 .text          0x0000000000012f2c       0x24 /usr/lib/gcc/arm-none-eabi/7.3.1/../../../arm-none-eabi/lib/thumb/v7e-m/fpv4-sp/hard/libc_nano.a(lib_a-sbrkr.o)
                0x0000000000012f2c                _sbrk_r
 .text          0x0000000000012f50        0x8 /usr/lib/gcc/arm-none-eabi/7.3.1/../../../arm-none-eabi/lib/thumb/v7e-m/fpv4-sp/hard/libc_nano.a(lib_a-mlock.o)
                0x0000000000012f50                __malloc_lock
                0x0000000000012f54                __malloc_unlock
 .text          0x0000000000012f58       0x10 /usr/lib/gcc/arm-none-eabi/7.3.1/../../../arm-none-eabi/lib/thumb/v7e-m/fpv4-sp/hard/libc_nano.a(lib_a-nano-msizer.o)
                0x0000000000012f58                _malloc_usable_size_r
 .text          0x0000000000012f68       0x10 /usr/lib/gcc/arm-none-eabi/7.3.1/../../../arm-none-eabi/lib/thumb/v7e-m/fpv4-sp/hard/libnosys.a(close.o)
                0x0000000000012f68                _close
 .text          0x0000000000012f78       0x10 /usr/lib/gcc/arm-none-eabi/7.3.1/../../../arm-none-eabi/lib/thumb/v7e-m/fpv4-sp/hard/libnosys.a(lseek.o)
                0x0000000000012f78                _lseek
 .text          0x0000000000012f88       0x10 /usr/lib/gcc/arm-none-eabi/7.3.1/../../../arm-none-eabi/lib/thumb/v7e-m/fpv4-sp/hard/libnosys.a(read.o)
                0x0000000000012f88                _read
 .text          0x0000000000012f98       0x1c /usr/lib/gcc/arm-none-eabi/7.3.1/../../../arm-none-eabi/lib/thumb/v7e-m/fpv4-sp/hard/libnosys.a(sbrk.o)
                0x0000000000012f98                _sbrk
 .text          0x0000000000012fb4       0x10 /usr/lib/gcc/arm-none-eabi/7.3.1/../../../arm-none-eabi/lib/thumb/v7e-m/fpv4-sp/hard/libnosys.a(write.o)
                0x0000000000012fb4                _write
 .text          0x0000000000012fc4        0x4 /usr/lib/gcc/arm-none-eabi/7.3.1/../../../arm-none-eabi/lib/thumb/v7e-m/fpv4-sp/hard/libnosys.a(_exit.o)
                0x0000000000012fc4                _exit
 .text          0x0000000000012fc8       0x30 /usr/lib/gcc/arm-none-eabi/7.3.1/thumb/v7e-m/fpv4-sp/hard/libgcc.a(_aeabi_uldivmod.o)
                0x0000000000012fc8                __aeabi_uldivmod
 .text          0x0000000000012ff8      0x2cc /usr/lib/gcc/arm-none-eabi/7.3.1/thumb/v7e-m/fpv4-sp/hard/libgcc.a(_udivmoddi4.o)
                0x0000000000012ff8                __udivmoddi4
 .text          0x00000000000132c4        0x4 /usr/lib/gcc/arm-none-eabi/7.3.1/thumb/v7e-m/fpv4-sp/hard/libgcc.a(_dvmd_tls.o)
                0x00000000000132c4                __aeabi_ldiv0
                0x00000000000132c4                __aeabi_idiv0
 *(.init)
 .init          0x00000000000132c8        0x4 /usr/lib/gcc/arm-none-eabi/7.3.1/thumb/v7e-m/fpv4-sp/hard/crti.o
                0x00000000000132c8                _init
 .init          0x00000000000132cc        0x8 /usr/lib/gcc/arm-none-eabi/7.3.1/thumb/v7e-m/fpv4-sp/hard/crtn.o
 *(.fini)
 .fini          0x00000000000132d4        0x4 /usr/lib/gcc/arm-none-eabi/7.3.1/thumb/v7e-m/fpv4-sp/hard/crti.o
                0x00000000000132d4                _fini
 .fini          0x00000000000132d8        0x8 /usr/lib/gcc/arm-none-eabi/7.3.1/thumb/v7e-m/fpv4-sp/hard/crtn.o
 *crtbegin.o(.ctors)
 *crtbegin?.o(.ctors)
 *(EXCLUDE_FILE(*crtend.o *crtend?.o) .ctors)
 *(SORT(.ctors.*))
 *(.ctors)
 *crtbegin.o(.dtors)
 *crtbegin?.o(.dtors)
 *(EXCLUDE_FILE(*crtend.o *crtend?.o) .dtors)
 *(SORT(.dtors.*))
 *(.dtors)
 *(.rodata*)
 .rodata        0x00000000000132e0       0x20 _build/nrf52840_xxaa/nrf_log_backend_uart.c.o
 .rodata.nrf_log_backend_uart_api
                0x0000000000013300        0xc _build/nrf52840_xxaa/nrf_log_backend_uart.c.o
                0x0000000000013300                nrf_log_backend_uart_api
 .rodata.serial_tx.str1.4
                0x000000000001330c       0x46 _build/nrf52840_xxaa/nrf_log_backend_uart.c.o
 *fill*         0x0000000000013352        0x2 
 .rodata.str1.4
                0x0000000000013354       0x11 _build/nrf52840_xxaa/nrf_log_default_backends.c.o
 *fill*         0x0000000000013365        0x3 
 .rodata.log_backend_ctrl.str1.4
                0x0000000000013368       0x95 _build/nrf52840_xxaa/nrf_log_frontend.c.o
 *fill*         0x00000000000133fd        0x3 
 .rodata.log_backend_halt.str1.4
                0x0000000000013400       0x16 _build/nrf52840_xxaa/nrf_log_frontend.c.o
 *fill*         0x0000000000013416        0x2 
 .rodata.log_cmd.str1.4
                0x0000000000013418       0x21 _build/nrf52840_xxaa/nrf_log_frontend.c.o
 *fill*         0x0000000000013439        0x3 
 .rodata.log_cmd_backends_list.str1.4
                0x000000000001343c       0x55 _build/nrf52840_xxaa/nrf_log_frontend.c.o
 *fill*         0x0000000000013491        0x3 
 .rodata.log_config_load_cmd.str1.4
                0x0000000000013494       0x11 _build/nrf52840_xxaa/nrf_log_frontend.c.o
 *fill*         0x00000000000134a5        0x3 
 .rodata.log_skip.str1.4
                0x00000000000134a8       0x42 _build/nrf52840_xxaa/nrf_log_frontend.c.o
 *fill*         0x00000000000134ea        0x2 
 .rodata.log_status.str1.4
                0x00000000000134ec       0xa2 _build/nrf52840_xxaa/nrf_log_frontend.c.o
                                         0xa6 (size before relaxing)
 *fill*         0x000000000001358e        0x2 
 .rodata.m_backend_name_dynamic
                0x0000000000013590        0x8 _build/nrf52840_xxaa/nrf_log_frontend.c.o
 .rodata.m_log_push_ringbuf
                0x0000000000013598        0xc _build/nrf52840_xxaa/nrf_log_frontend.c.o
 .rodata.m_module_name
                0x00000000000135a4        0x8 _build/nrf52840_xxaa/nrf_log_frontend.c.o
 .rodata.m_severity_lvl
                0x00000000000135ac        0x8 _build/nrf52840_xxaa/nrf_log_frontend.c.o
 .rodata.m_severity_lvls
                0x00000000000135b4       0x14 _build/nrf52840_xxaa/nrf_log_frontend.c.o
 .rodata.m_severity_lvls_sorted
                0x00000000000135c8       0x14 _build/nrf52840_xxaa/nrf_log_frontend.c.o
 .rodata.m_sub_log_backend
                0x00000000000135dc        0x8 _build/nrf52840_xxaa/nrf_log_frontend.c.o
 .rodata.m_sub_log_backend_raw
                0x00000000000135e4       0x60 _build/nrf52840_xxaa/nrf_log_frontend.c.o
 .rodata.m_sub_log_config
                0x0000000000013644        0x8 _build/nrf52840_xxaa/nrf_log_frontend.c.o
 .rodata.m_sub_log_config_raw
                0x000000000001364c       0x30 _build/nrf52840_xxaa/nrf_log_frontend.c.o
 .rodata.m_sub_log_stat
                0x000000000001367c        0x8 _build/nrf52840_xxaa/nrf_log_frontend.c.o
 .rodata.m_sub_log_stat_raw
                0x0000000000013684       0x90 _build/nrf52840_xxaa/nrf_log_frontend.c.o
 .rodata.nrf_cli_log_raw
                0x0000000000013714       0x10 _build/nrf52840_xxaa/nrf_log_frontend.c.o
                0x0000000000013714                nrf_cli_log_raw
 .rodata.nrf_log_frontend_dequeue.part.12.str1.4
                0x0000000000013724       0x11 _build/nrf52840_xxaa/nrf_log_frontend.c.o
 *fill*         0x0000000000013735        0x3 
 .rodata.str1.4
                0x0000000000013738      0x27b _build/nrf52840_xxaa/nrf_log_frontend.c.o
                                        0x283 (size before relaxing)
 *fill*         0x00000000000139b3        0x1 
 .rodata.m_colors
                0x00000000000139b4       0x24 _build/nrf52840_xxaa/nrf_log_str_formatter.c.o
 .rodata.nrf_log_hexdump_entry_process.str1.4
                0x00000000000139d8       0x13 _build/nrf52840_xxaa/nrf_log_str_formatter.c.o
                                         0x16 (size before relaxing)
 *fill*         0x00000000000139eb        0x1 
 .rodata.nrf_log_std_entry_process.str1.4
                0x00000000000139ec       0x32 _build/nrf52840_xxaa/nrf_log_str_formatter.c.o
                                         0x3b (size before relaxing)
 *fill*         0x0000000000013a1e        0x2 
 .rodata.severity_names
                0x0000000000013a20       0x14 _build/nrf52840_xxaa/nrf_log_str_formatter.c.o
 .rodata.str1.4
                0x0000000000013a34       0x38 _build/nrf52840_xxaa/nrf_log_str_formatter.c.o
                                         0x56 (size before relaxing)
 .rodata.bsp_board_led_state_get.str1.4
                0x0000000000013a6c       0x5e _build/nrf52840_xxaa/boards.c.o
 *fill*         0x0000000000013aca        0x2 
 .rodata.m_board_btn_list
                0x0000000000013acc        0x4 _build/nrf52840_xxaa/boards.c.o
 .rodata.m_board_led_list
                0x0000000000013ad0        0x4 _build/nrf52840_xxaa/boards.c.o
 .rodata.app_button_enable.str1.4
                0x0000000000013ad4       0x3b _build/nrf52840_xxaa/app_button.c.o
 *fill*         0x0000000000013b0f        0x1 
 .rodata.m_detection_delay_timer_id
                0x0000000000013b10        0x4 _build/nrf52840_xxaa/app_button.c.o
 .rodata.app_error_fault_handler.str1.4
                0x0000000000013b14       0x70 _build/nrf52840_xxaa/app_error_weak.c.o
 *fill*         0x0000000000013b84        0xc 
 .rodata.delay_bytecode.8546
                0x0000000000013b90        0x6 _build/nrf52840_xxaa/app_timer.c.o
 *fill*         0x0000000000013b96        0x2 
 .rodata.CSWTCH.77
                0x0000000000013b98        0x7 _build/nrf52840_xxaa/app_usbd.c.o
 *fill*         0x0000000000013b9f        0x1 
 .rodata.app_usbd_hfclk_ready.str1.4
                0x0000000000013ba0       0x37 _build/nrf52840_xxaa/app_usbd.c.o
 *fill*         0x0000000000013bd7        0x1 
 .rodata.config.10679
                0x0000000000013bd8        0x4 _build/nrf52840_xxaa/app_usbd.c.o
 .rodata.ev.10572
                0x0000000000013bdc        0x4 _build/nrf52840_xxaa/app_usbd.c.o
 .rodata.ev.10575
                0x0000000000013be0        0x4 _build/nrf52840_xxaa/app_usbd.c.o
 .rodata.ev.10577
                0x0000000000013be4        0x4 _build/nrf52840_xxaa/app_usbd.c.o
 .rodata.event_setaddress.10560
                0x0000000000013be8        0x4 _build/nrf52840_xxaa/app_usbd.c.o
 .rodata.evt_data.10585
                0x0000000000013bec        0x1 _build/nrf52840_xxaa/app_usbd.c.o
 *fill*         0x0000000000013bed        0x3 
 .rodata.evt_data.10703
                0x0000000000013bf0        0x1 _build/nrf52840_xxaa/app_usbd.c.o
 *fill*         0x0000000000013bf1        0x3 
 .rodata.evt_data.10723
                0x0000000000013bf4        0x1 _build/nrf52840_xxaa/app_usbd.c.o
 *fill*         0x0000000000013bf5        0x3 
 .rodata.evt_data.10726
                0x0000000000013bf8        0x1 _build/nrf52840_xxaa/app_usbd.c.o
 *fill*         0x0000000000013bf9        0x3 
 .rodata.evt_data.10736
                0x0000000000013bfc        0x1 _build/nrf52840_xxaa/app_usbd.c.o
 *fill*         0x0000000000013bfd        0x3 
 .rodata.evt_data.10745
                0x0000000000013c00        0x1 _build/nrf52840_xxaa/app_usbd.c.o
 *fill*         0x0000000000013c01        0x3 
 .rodata.str1.4
                0x0000000000013c04       0x21 _build/nrf52840_xxaa/app_usbd.c.o
 *fill*         0x0000000000013c25        0x3 
 .rodata.app_usbd_core_inst
                0x0000000000013c28       0x10 _build/nrf52840_xxaa/app_usbd_core.c.o
                0x0000000000013c28                app_usbd_core_inst
 .rodata.evt_data.9754
                0x0000000000013c38        0x1 _build/nrf52840_xxaa/app_usbd_core.c.o
 *fill*         0x0000000000013c39        0x3 
 .rodata.m_configuration_dsc
                0x0000000000013c3c        0x9 _build/nrf52840_xxaa/app_usbd_core.c.o
 *fill*         0x0000000000013c45        0x3 
 .rodata.m_core_methods
                0x0000000000013c48       0x14 _build/nrf52840_xxaa/app_usbd_core.c.o
 .rodata.m_device_dsc
                0x0000000000013c5c       0x12 _build/nrf52840_xxaa/app_usbd_core.c.o
 *fill*         0x0000000000013c6e        0x2 
 .rodata.m_setup_data_handler_empty_desc
                0x0000000000013c70        0x8 _build/nrf52840_xxaa/app_usbd_core.c.o
 .rodata.str1.4
                0x0000000000013c78        0xe _build/nrf52840_xxaa/app_usbd_core.c.o
 *fill*         0x0000000000013c86        0x2 
 .rodata.usbd_descriptor_conf_feeder.str1.4
                0x0000000000013c88       0x74 _build/nrf52840_xxaa/app_usbd_core.c.o
 .rodata.usbd_descriptor_feeder_desc
                0x0000000000013cfc        0x8 _build/nrf52840_xxaa/app_usbd_core.c.o
 .rodata.app_usbd_hid_event_handler.str1.4
                0x0000000000013d04       0x45 _build/nrf52840_xxaa/app_usbd_hid.c.o
 *fill*         0x0000000000013d49        0x3 
 .rodata.app_usbd_generic_class_methods
                0x0000000000013d4c       0x14 _build/nrf52840_xxaa/app_usbd_hid_generic.c.o
                0x0000000000013d4c                app_usbd_generic_class_methods
 .rodata.app_usbd_hid_generic_methods
                0x0000000000013d60       0x20 _build/nrf52840_xxaa/app_usbd_hid_generic.c.o
                0x0000000000013d60                app_usbd_hid_generic_methods
 .rodata.hid_generic_feed_descriptors.str1.4
                0x0000000000013d80       0x9a _build/nrf52840_xxaa/app_usbd_hid_generic.c.o
 *fill*         0x0000000000013e1a        0x2 
 .rodata.hid_generic_on_set_report.str1.4
                0x0000000000013e1c       0x45 _build/nrf52840_xxaa/app_usbd_hid_generic.c.o
 *fill*         0x0000000000013e61        0x3 
 .rodata.__compound_literal.1
                0x0000000000013e64        0x6 _build/nrf52840_xxaa/app_usbd_string_desc.c.o
 *fill*         0x0000000000013e6a        0x2 
 .rodata.__compound_literal.2
                0x0000000000013e6c       0x15 _build/nrf52840_xxaa/app_usbd_string_desc.c.o
 *fill*         0x0000000000013e81        0x3 
 .rodata.__compound_literal.3
                0x0000000000013e84       0x1b _build/nrf52840_xxaa/app_usbd_string_desc.c.o
 *fill*         0x0000000000013e9f        0x1 
 .rodata.__compound_literal.4
                0x0000000000013ea0        0xd _build/nrf52840_xxaa/app_usbd_string_desc.c.o
 *fill*         0x0000000000013ead        0x3 
 .rodata.__compound_literal.5
                0x0000000000013eb0       0x16 _build/nrf52840_xxaa/app_usbd_string_desc.c.o
 *fill*         0x0000000000013ec6        0x2 
 .rodata.__compound_literal.6
                0x0000000000013ec8        0x7 _build/nrf52840_xxaa/app_usbd_string_desc.c.o
 *fill*         0x0000000000013ecf        0x1 
 .rodata.app_usbd_string_desc_get.str1.4
                0x0000000000013ed0       0x43 _build/nrf52840_xxaa/app_usbd_string_desc.c.o
 *fill*         0x0000000000013f13        0x1 
 .rodata.m_string_dsc
                0x0000000000013f14       0x18 _build/nrf52840_xxaa/app_usbd_string_desc.c.o
 .rodata.m_string_translation
                0x0000000000013f2c        0x6 _build/nrf52840_xxaa/app_usbd_string_desc.c.o
 *fill*         0x0000000000013f32        0x2 
 .rodata.app_util_critical_region_enter.str1.4
                0x0000000000013f34       0x40 _build/nrf52840_xxaa/app_util_platform.c.o
 .rodata.HardFault_c_handler.str1.4
                0x0000000000013f74      0x136 _build/nrf52840_xxaa/hardfault_implementation.c.o
 *fill*         0x00000000000140aa        0x2 
 .rodata.cfsr_msgs.8748
                0x00000000000140ac       0x68 _build/nrf52840_xxaa/hardfault_implementation.c.o
 .rodata.str1.4
                0x0000000000014114      0x4de _build/nrf52840_xxaa/hardfault_implementation.c.o
 *fill*         0x00000000000145f2        0x2 
 .rodata.nrf_balloc_commands
                0x00000000000145f4        0x8 _build/nrf52840_xxaa/nrf_balloc.c.o
 .rodata.nrf_balloc_commands_raw
                0x00000000000145fc       0x20 _build/nrf52840_xxaa/nrf_balloc.c.o
 .rodata.nrf_balloc_init.str1.4
                0x000000000001461c       0x3b _build/nrf52840_xxaa/nrf_balloc.c.o
 *fill*         0x0000000000014657        0x1 
 .rodata.nrf_balloc_status.str1.4
                0x0000000000014658       0xa2 _build/nrf52840_xxaa/nrf_balloc.c.o
 *fill*         0x00000000000146fa        0x2 
 .rodata.nrf_cli_balloc_raw
                0x00000000000146fc       0x10 _build/nrf52840_xxaa/nrf_balloc.c.o
                0x00000000000146fc                nrf_cli_balloc_raw
 .rodata.str1.4
                0x000000000001470c       0x4a _build/nrf52840_xxaa/nrf_balloc.c.o
                                         0x52 (size before relaxing)
 .rodata.char_insert.str1.4
                0x0000000000014756        0x3 _build/nrf52840_xxaa/nrf_cli.c.o
 *fill*         0x0000000000014756        0x2 
 .rodata.cli_log_entry_process.str1.4
                0x0000000000014758       0x2f _build/nrf52840_xxaa/nrf_cli.c.o
 *fill*         0x0000000000014787        0x1 
 .rodata.cli_transport_evt_handler.str1.4
                0x0000000000014788       0x35 _build/nrf52840_xxaa/nrf_cli.c.o
 *fill*         0x00000000000147bd        0x3 
 .rodata.cmd.9335
                0x00000000000147c0        0x4 _build/nrf52840_xxaa/nrf_cli.c.o
 .rodata.cmd.9339
                0x00000000000147c4        0x3 _build/nrf52840_xxaa/nrf_cli.c.o
 *fill*         0x00000000000147c7        0x1 
 .rodata.cmd.9343
                0x00000000000147c8        0x3 _build/nrf52840_xxaa/nrf_cli.c.o
 *fill*         0x00000000000147cb        0x1 
 .rodata.cmd.9347
                0x00000000000147cc        0x3 _build/nrf52840_xxaa/nrf_cli.c.o
 *fill*         0x00000000000147cf        0x1 
 .rodata.cmd.9416
                0x00000000000147d0        0x4 _build/nrf52840_xxaa/nrf_cli.c.o
 .rodata.cmd.9464
                0x00000000000147d4        0x4 _build/nrf52840_xxaa/nrf_cli.c.o
 .rodata.cmd.9828
                0x00000000000147d8        0x4 _build/nrf52840_xxaa/nrf_cli.c.o
 .rodata.cmd.9829
                0x00000000000147dc        0x5 _build/nrf52840_xxaa/nrf_cli.c.o
 *fill*         0x00000000000147e1        0x3 
 .rodata.cmd.9898
                0x00000000000147e4        0x6 _build/nrf52840_xxaa/nrf_cli.c.o
 *fill*         0x00000000000147ea        0x2 
 .rodata.cmd_bspace.9457
                0x00000000000147ec        0x4 _build/nrf52840_xxaa/nrf_cli.c.o
 .rodata.cmd_get_terminal_size.9390
                0x00000000000147f0        0x5 _build/nrf52840_xxaa/nrf_cli.c.o
 *fill*         0x00000000000147f5        0x3 
 .rodata.cmd_sep.9755
                0x00000000000147f8        0x4 _build/nrf52840_xxaa/nrf_cli.c.o
 .rodata.cursor_end_position_move.str1.4
                0x00000000000147fc       0x16 _build/nrf52840_xxaa/nrf_cli.c.o
 *fill*         0x0000000000014812        0x2 
 .rodata.cursor_home_position_move.str1.4
                0x0000000000014814        0x6 _build/nrf52840_xxaa/nrf_cli.c.o
 *fill*         0x000000000001481a        0x6 
 .rodata.delay_bytecode.9027
                0x0000000000014820        0x6 _build/nrf52840_xxaa/nrf_cli.c.o
 *fill*         0x0000000000014826        0x2 
 .rodata.help.9754
                0x0000000000014828        0xb _build/nrf52840_xxaa/nrf_cli.c.o
 *fill*         0x0000000000014833        0x1 
 .rodata.m_sub_cli
                0x0000000000014834        0x8 _build/nrf52840_xxaa/nrf_cli.c.o
 .rodata.m_sub_cli_raw
                0x000000000001483c       0x40 _build/nrf52840_xxaa/nrf_cli.c.o
 .rodata.m_sub_cli_stats
                0x000000000001487c        0x8 _build/nrf52840_xxaa/nrf_cli.c.o
 .rodata.m_sub_cli_stats_raw
                0x0000000000014884       0x30 _build/nrf52840_xxaa/nrf_cli.c.o
 .rodata.m_sub_colors
                0x00000000000148b4        0x8 _build/nrf52840_xxaa/nrf_cli.c.o
 .rodata.m_sub_colors_raw
                0x00000000000148bc       0x30 _build/nrf52840_xxaa/nrf_cli.c.o
 .rodata.m_sub_echo
                0x00000000000148ec        0x8 _build/nrf52840_xxaa/nrf_cli.c.o
 .rodata.m_sub_echo_raw
                0x00000000000148f4       0x30 _build/nrf52840_xxaa/nrf_cli.c.o
 .rodata.m_sub_resize
                0x0000000000014924        0x8 _build/nrf52840_xxaa/nrf_cli.c.o
 .rodata.m_sub_resize_raw
                0x000000000001492c       0x20 _build/nrf52840_xxaa/nrf_cli.c.o
 .rodata.nrf_cli_clear_raw
                0x000000000001494c       0x10 _build/nrf52840_xxaa/nrf_cli.c.o
                0x000000000001494c                nrf_cli_clear_raw
 .rodata.nrf_cli_cli_raw
                0x000000000001495c       0x10 _build/nrf52840_xxaa/nrf_cli.c.o
                0x000000000001495c                nrf_cli_cli_raw
 .rodata.nrf_cli_cmd_cli_stats_show.str1.4
                0x000000000001496c       0x39 _build/nrf52840_xxaa/nrf_cli.c.o
 *fill*         0x00000000000149a5        0x3 
 .rodata.nrf_cli_cmd_echo.str1.4
                0x00000000000149a8       0x16 _build/nrf52840_xxaa/nrf_cli.c.o
                                         0x1a (size before relaxing)
 *fill*         0x00000000000149be        0x2 
 .rodata.nrf_cli_cmd_history.str1.4
                0x00000000000149c0        0xb _build/nrf52840_xxaa/nrf_cli.c.o
 *fill*         0x00000000000149cb        0x1 
 .rodata.nrf_cli_cmd_resize.str1.4
                0x00000000000149cc       0x58 _build/nrf52840_xxaa/nrf_cli.c.o
                                         0x79 (size before relaxing)
 .rodata.nrf_cli_fprintf.constprop.50.str1.4
                0x0000000000014a24        0x3 _build/nrf52840_xxaa/nrf_cli.c.o
 .rodata.nrf_cli_help_print.constprop.46.str1.4
                0x0000000000014a24       0x37 _build/nrf52840_xxaa/nrf_cli.c.o
                                         0x3f (size before relaxing)
 *fill*         0x0000000000014a5b        0x1 
 .rodata.nrf_cli_help_print.str1.4
                0x0000000000014a5c        0x9 _build/nrf52840_xxaa/nrf_cli.c.o
 *fill*         0x0000000000014a65        0x3 
 .rodata.nrf_cli_history_raw
                0x0000000000014a68       0x10 _build/nrf52840_xxaa/nrf_cli.c.o
                0x0000000000014a68                nrf_cli_history_raw
 .rodata.nrf_cli_process.str1.4
                0x0000000000014a78       0xa1 _build/nrf52840_xxaa/nrf_cli.c.o
 *fill*         0x0000000000014b19        0x3 
 .rodata.nrf_cli_resize_raw
                0x0000000000014b1c       0x10 _build/nrf52840_xxaa/nrf_cli.c.o
                0x0000000000014b1c                nrf_cli_resize_raw
 .rodata.nrf_cli_start.str1.4
                0x0000000000014b2c        0x4 _build/nrf52840_xxaa/nrf_cli.c.o
 .rodata.nrf_log_backend_cli_api
                0x0000000000014b30        0xc _build/nrf52840_xxaa/nrf_cli.c.o
                0x0000000000014b30                nrf_log_backend_cli_api
 .rodata.opt_sep.9753
                0x0000000000014b3c        0x3 _build/nrf52840_xxaa/nrf_cli.c.o
 *fill*         0x0000000000014b3f        0x1 
 .rodata.str1.4
                0x0000000000014b40      0x2ab _build/nrf52840_xxaa/nrf_cli.c.o
 *fill*         0x0000000000014deb        0x1 
 .rodata.cli_uart_read.str1.4
                0x0000000000014dec       0x3f _build/nrf52840_xxaa/nrf_cli_uart.c.o
 *fill*         0x0000000000014e2b        0x1 
 .rodata.nrf_cli_uart_transport_api
                0x0000000000014e2c       0x14 _build/nrf52840_xxaa/nrf_cli_uart.c.o
                0x0000000000014e2c                nrf_cli_uart_transport_api
 .rodata.str1.4
                0x0000000000014e40        0x9 _build/nrf52840_xxaa/nrf_cli_uart.c.o
 *fill*         0x0000000000014e49        0x3 
 .rodata.nrf_fprintf_buffer_flush.str1.4
                0x0000000000014e4c       0x31 _build/nrf52840_xxaa/nrf_fprintf.c.o
 *fill*         0x0000000000014e7d        0x3 
 .rodata._aV2C.7636
                0x0000000000014e80       0x10 _build/nrf52840_xxaa/nrf_fprintf_format.c.o
 .rodata.nrf_fprintf_fmt.str1.4
                0x0000000000014e90       0x38 _build/nrf52840_xxaa/nrf_fprintf_format.c.o
 .rodata.nrf_memobj_write.str1.4
                0x0000000000014ec8       0x3b _build/nrf52840_xxaa/nrf_memobj.c.o
 *fill*         0x0000000000014f03        0x1 
 .rodata.str1.4
                0x0000000000014f04        0x9 _build/nrf52840_xxaa/nrf_pwr_mgmt.c.o
 *fill*         0x0000000000014f0d        0x3 
 .rodata.nrf_cli_queue_raw
                0x0000000000014f10       0x10 _build/nrf52840_xxaa/nrf_queue.c.o
                0x0000000000014f10                nrf_cli_queue_raw
 .rodata.nrf_queue_commands
                0x0000000000014f20        0x8 _build/nrf52840_xxaa/nrf_queue.c.o
 .rodata.nrf_queue_commands_raw
                0x0000000000014f28       0x20 _build/nrf52840_xxaa/nrf_queue.c.o
 .rodata.nrf_queue_is_full.str1.4
                0x0000000000014f48       0x39 _build/nrf52840_xxaa/nrf_queue.c.o
 *fill*         0x0000000000014f81        0x3 
 .rodata.nrf_queue_status.str1.4
                0x0000000000014f84       0x94 _build/nrf52840_xxaa/nrf_queue.c.o
                                         0xa8 (size before relaxing)
 .rodata.str1.4
                0x0000000000015018       0x21 _build/nrf52840_xxaa/nrf_queue.c.o
                                         0x51 (size before relaxing)
 *fill*         0x0000000000015039        0x3 
 .rodata.nrf_ringbuf_alloc.str1.4
                0x000000000001503c       0x3d _build/nrf52840_xxaa/nrf_ringbuf.c.o
 *fill*         0x0000000000015079        0x3 
 .rodata.m_unknown_str
                0x000000000001507c       0x13 _build/nrf52840_xxaa/nrf_strerror.c.o
 *fill*         0x000000000001508f        0x1 
 .rodata.nrf_strerror_array
                0x0000000000015090      0x118 _build/nrf52840_xxaa/nrf_strerror.c.o
 .rodata.str1.4
                0x00000000000151a8      0x3bd _build/nrf52840_xxaa/nrf_strerror.c.o
 *fill*         0x0000000000015565        0x3 
 .rodata.nrf_drv_clock_uninit.str1.4
                0x0000000000015568       0x3a _build/nrf52840_xxaa/nrf_drv_clock.c.o